[  2%] Built target example_package__rs
[  5%] Built target example_package__cpp
[ 13%] Built target example_package__rosidl_generator_c
[ 18%] Built target topic_publisher
[ 18%] Built target ament_cmake_python_copy_example_package
[ 26%] Built target example_package__rosidl_typesupport_cpp
[ 34%] Built target example_package__rosidl_typesupport_introspection_cpp
[ 42%] Built target example_package__rosidl_typesupport_fastrtps_cpp
[ 50%] Built target example_package__rosidl_typesupport_c
[ 57%] Built target example_package__rosidl_typesupport_introspection_c
[ 65%] Built target example_package__rosidl_typesupport_fastrtps_c
[35m[1mConsolidate compiler generated dependencies of target service_client[0m
[ 71%] Built target service_advertiser
[ 71%] Built target example_package
[ 73%] [32mBuilding CXX object CMakeFiles/service_client.dir/src/service_client.cpp.o[0m
[ 76%] Built target example_package__py
[ 81%] Built target example_package__rosidl_generator_py
[ 97%] Built target example_package__rosidl_typesupport_fastrtps_c__pyext
[ 97%] Built target example_package__rosidl_typesupport_introspection_c__pyext
[ 97%] Built target example_package__rosidl_typesupport_c__pyext
running egg_info
writing example_package.egg-info/PKG-INFO
writing dependency_links to example_package.egg-info/dependency_links.txt
writing top-level names to example_package.egg-info/top_level.txt
reading manifest file 'example_package.egg-info/SOURCES.txt'
writing manifest file 'example_package.egg-info/SOURCES.txt'
[ 97%] Built target ament_cmake_python_build_example_package_egg
[01m[K/home/geoff/ros2_course_ws/src/example_package/src/service_client.cpp:[m[K In function ‘[01m[Kint main(int, char**)[m[K’:
[01m[K/home/geoff/ros2_course_ws/src/example_package/src/service_client.cpp:20:47:[m[K [01;31m[Kerror: [m[K‘[01m[KFutureAndRequestID[m[K’ is not a member of ‘[01m[Kexample_package::srv::Adder[m[K’
   20 |   rclcpp::Client<example_package::srv::Adder::[01;31m[KFutureAndRequestID[m[K> response = client->async_send_request(request);
      |                                               [01;31m[K^~~~~~~~~~~~~~~~~~[m[K
[01m[K/home/geoff/ros2_course_ws/src/example_package/src/service_client.cpp:20:65:[m[K [01;31m[Kerror: [m[Ktemplate argument 1 is invalid
   20 |   rclcpp::Client<example_package::srv::Adder::FutureAndRequestID[01;31m[K>[m[K response = client->async_send_request(request);
      |                                                                 [01;31m[K^[m[K
[01m[K/home/geoff/ros2_course_ws/src/example_package/src/service_client.cpp:20:104:[m[K [01;31m[Kerror: [m[Kcannot convert ‘[01m[Krclcpp::Client<example_package::srv::Adder>::FutureAndRequestId[m[K’ to ‘[01m[Kint[m[K’ in initialization
   20 |   rclcpp::Client<example_package::srv::Adder::FutureAndRequestID> response = [01;31m[Kclient->async_send_request(request)[m[K;
      |                                                                              [01;31m[K~~~~~~~~~~~~~~~~~~~~~~~~~~^~~~~~~~~[m[K
      |                                                                                                        [01;31m[K|[m[K
      |                                                                                                        [01;31m[Krclcpp::Client<example_package::srv::Adder>::FutureAndRequestId[m[K
[01m[K/home/geoff/ros2_course_ws/src/example_package/src/service_client.cpp:25:44:[m[K [01;31m[Kerror: [m[Krequest for member ‘[01m[Kget[m[K’ in ‘[01m[Kresponse[m[K’, which is of non-class type ‘[01m[Kint[m[K’
   25 |     printf("Result of add: %f\n", response.[01;31m[Kget[m[K()->results);
      |                                            [01;31m[K^~~[m[K
In file included from [01m[K/opt/ros/humble/include/rclcpp/rclcpp/executors/multi_threaded_executor.hpp:25[m[K,
                 from [01m[K/opt/ros/humble/include/rclcpp/rclcpp/executors.hpp:21[m[K,
                 from [01m[K/opt/ros/humble/include/rclcpp/rclcpp/rclcpp.hpp:155[m[K,
                 from [01m[K/home/geoff/ros2_course_ws/src/example_package/src/service_client.cpp:3[m[K:
/opt/ros/humble/include/rclcpp/rclcpp/executor.hpp: In instantiation of ‘[01m[Krclcpp::FutureReturnCode rclcpp::Executor::spin_until_future_complete(const FutureT&, std::chrono::duration<_Rep, _Period>) [with FutureT = int; TimeRepT = long int; TimeT = std::ratio<1, 1000>][m[K’:
[01m[K/opt/ros/humble/include/rclcpp/rclcpp/executors.hpp:80:53:[m[K   required from ‘[01m[Krclcpp::FutureReturnCode rclcpp::executors::spin_node_until_future_complete(rclcpp::Executor&, rclcpp::node_interfaces::NodeBaseInterface::SharedPtr, const FutureT&, std::chrono::duration<_Rep, _Period>) [with FutureT = int; TimeRepT = long int; TimeT = std::ratio<1, 1000>; rclcpp::node_interfaces::NodeBaseInterface::SharedPtr = std::shared_ptr<rclcpp::node_interfaces::NodeBaseInterface>][m[K’
[01m[K/opt/ros/humble/include/rclcpp/rclcpp/executors.hpp:113:61:[m[K   required from ‘[01m[Krclcpp::FutureReturnCode rclcpp::spin_until_future_complete(rclcpp::node_interfaces::NodeBaseInterface::SharedPtr, const FutureT&, std::chrono::duration<_Rep, _Period>) [with FutureT = int; TimeRepT = long int; TimeT = std::ratio<1, 1000>; rclcpp::node_interfaces::NodeBaseInterface::SharedPtr = std::shared_ptr<rclcpp::node_interfaces::NodeBaseInterface>][m[K’
[01m[K/opt/ros/humble/include/rclcpp/rclcpp/executors.hpp:124:44:[m[K   required from ‘[01m[Krclcpp::FutureReturnCode rclcpp::spin_until_future_complete(std::shared_ptr<_Tp>, const FutureT&, std::chrono::duration<_Rep2, _Period2>) [with NodeT = rclcpp::Node; FutureT = int; TimeRepT = long int; TimeT = std::ratio<1, 1000>][m[K’
[01m[K/home/geoff/ros2_course_ws/src/example_package/src/service_client.cpp:22:72:[m[K   required from here
[01m[K/opt/ros/humble/include/rclcpp/rclcpp/executor.hpp:343:40:[m[K [01;31m[Kerror: [m[Krequest for member ‘[01m[Kwait_for[m[K’ in ‘[01m[Kfuture[m[K’, which is of non-class type ‘[01m[Kconst int[m[K’
  343 |     std::future_status status = [01;31m[Kfuture.wait_for[m[K(std::chrono::seconds(0));
      |                                 [01;31m[K~~~~~~~^~~~~~~~[m[K
[01m[K/opt/ros/humble/include/rclcpp/rclcpp/executor.hpp:365:23:[m[K [01;31m[Kerror: [m[Krequest for member ‘[01m[Kwait_for[m[K’ in ‘[01m[Kfuture[m[K’, which is of non-class type ‘[01m[Kconst int[m[K’
  365 |       status = [01;31m[Kfuture.wait_for[m[K(std::chrono::seconds(0));
      |                [01;31m[K~~~~~~~^~~~~~~~[m[K
gmake[2]: *** [CMakeFiles/service_client.dir/build.make:76: CMakeFiles/service_client.dir/src/service_client.cpp.o] Error 1
gmake[1]: *** [CMakeFiles/Makefile2:669: CMakeFiles/service_client.dir/all] Error 2
gmake: *** [Makefile:146: all] Error 2
