[0.012s] Invoking command in '/home/geoff/ros2_course_ws/build/example_package': CMAKE_PREFIX_PATH=${CMAKE_PREFIX_PATH}:/home/geoff/turtlebot3_ws/install/turtlebot3_teleop:/home/geoff/turtlebot3_ws/install/turtlebot3_example:/opt/ros/humble /usr/bin/cmake --build /home/geoff/ros2_course_ws/build/example_package -- -j16 -l16
[0.055s] [  2%] Built target example_package__rs
[0.055s] [  5%] Built target example_package__cpp
[0.055s] [ 13%] Built target example_package__rosidl_generator_c
[0.060s] [ 18%] Built target topic_publisher
[0.064s] [ 18%] Built target ament_cmake_python_copy_example_package
[0.075s] [ 26%] Built target example_package__rosidl_typesupport_introspection_c
[0.075s] [ 34%] Built target example_package__rosidl_typesupport_fastrtps_cpp
[0.075s] [ 42%] Built target example_package__rosidl_typesupport_cpp
[0.076s] [ 50%] Built target example_package__rosidl_typesupport_fastrtps_c
[0.076s] [ 57%] Built target example_package__rosidl_typesupport_c
[0.077s] [ 65%] Built target example_package__rosidl_typesupport_introspection_cpp
[0.086s] [35m[1mConsolidate compiler generated dependencies of target service_client[0m
[0.095s] [ 65%] Built target example_package
[0.098s] [ 71%] Built target service_advertiser
[0.101s] [ 73%] [32mBuilding CXX object CMakeFiles/service_client.dir/src/service_client.cpp.o[0m
[0.114s] [ 76%] Built target example_package__py
[0.134s] [ 81%] Built target example_package__rosidl_generator_py
[0.154s] [ 86%] Built target example_package__rosidl_typesupport_c__pyext
[0.154s] [ 92%] Built target example_package__rosidl_typesupport_introspection_c__pyext
[0.154s] [ 97%] Built target example_package__rosidl_typesupport_fastrtps_c__pyext
[0.288s] running egg_info
[0.289s] writing example_package.egg-info/PKG-INFO
[0.289s] writing dependency_links to example_package.egg-info/dependency_links.txt
[0.289s] writing top-level names to example_package.egg-info/top_level.txt
[0.291s] reading manifest file 'example_package.egg-info/SOURCES.txt'
[0.291s] writing manifest file 'example_package.egg-info/SOURCES.txt'
[0.318s] [ 97%] Built target ament_cmake_python_build_example_package_egg
[3.509s] [100%] [32m[1mLinking CXX executable service_client[0m
[3.661s] [100%] Built target service_client
[3.675s] Invoked command in '/home/geoff/ros2_course_ws/build/example_package' returned '0': CMAKE_PREFIX_PATH=${CMAKE_PREFIX_PATH}:/home/geoff/turtlebot3_ws/install/turtlebot3_teleop:/home/geoff/turtlebot3_ws/install/turtlebot3_example:/opt/ros/humble /usr/bin/cmake --build /home/geoff/ros2_course_ws/build/example_package -- -j16 -l16
[3.677s] Invoking command in '/home/geoff/ros2_course_ws/build/example_package': CMAKE_PREFIX_PATH=${CMAKE_PREFIX_PATH}:/home/geoff/turtlebot3_ws/install/turtlebot3_teleop:/home/geoff/turtlebot3_ws/install/turtlebot3_example:/opt/ros/humble /usr/bin/cmake --install /home/geoff/ros2_course_ws/build/example_package
[3.686s] -- Install configuration: ""
[3.686s] -- Up-to-date: /home/geoff/ros2_course_ws/install/example_package/share/ament_index/resource_index/rosidl_interfaces/example_package
[3.686s] -- Up-to-date: /home/geoff/ros2_course_ws/install/example_package/include/example_package/example_package
[3.686s] -- Up-to-date: /home/geoff/ros2_course_ws/install/example_package/include/example_package/example_package/msg
[3.686s] -- Up-to-date: /home/geoff/ros2_course_ws/install/example_package/include/example_package/example_package/msg/rosidl_generator_c__visibility_control.h
[3.686s] -- Up-to-date: /home/geoff/ros2_course_ws/install/example_package/include/example_package/example_package/srv
[3.686s] -- Up-to-date: /home/geoff/ros2_course_ws/install/example_package/include/example_package/example_package/srv/detail
[3.686s] -- Up-to-date: /home/geoff/ros2_course_ws/install/example_package/include/example_package/example_package/srv/detail/adder__functions.c
[3.686s] -- Up-to-date: /home/geoff/ros2_course_ws/install/example_package/include/example_package/example_package/srv/detail/adder__functions.h
[3.687s] -- Up-to-date: /home/geoff/ros2_course_ws/install/example_package/include/example_package/example_package/srv/detail/adder__struct.h
[3.687s] -- Up-to-date: /home/geoff/ros2_course_ws/install/example_package/include/example_package/example_package/srv/detail/adder__type_support.h
[3.687s] -- Up-to-date: /home/geoff/ros2_course_ws/install/example_package/include/example_package/example_package/srv/adder.h
[3.687s] -- Up-to-date: /home/geoff/ros2_course_ws/install/example_package/share/example_package/environment/library_path.sh
[3.687s] -- Installing: /home/geoff/ros2_course_ws/install/example_package/share/example_package/environment/library_path.dsv
[3.687s] -- Up-to-date: /home/geoff/ros2_course_ws/install/example_package/lib/libexample_package__rosidl_generator_c.so
[3.687s] -- Up-to-date: /home/geoff/ros2_course_ws/install/example_package/include/example_package/example_package
[3.687s] -- Up-to-date: /home/geoff/ros2_course_ws/install/example_package/include/example_package/example_package/msg
[3.687s] -- Up-to-date: /home/geoff/ros2_course_ws/install/example_package/include/example_package/example_package/msg/rosidl_typesupport_fastrtps_c__visibility_control.h
[3.687s] -- Up-to-date: /home/geoff/ros2_course_ws/install/example_package/include/example_package/example_package/srv
[3.687s] -- Up-to-date: /home/geoff/ros2_course_ws/install/example_package/include/example_package/example_package/srv/detail
[3.687s] -- Up-to-date: /home/geoff/ros2_course_ws/install/example_package/include/example_package/example_package/srv/detail/adder__rosidl_typesupport_fastrtps_c.h
[3.687s] -- Up-to-date: /home/geoff/ros2_course_ws/install/example_package/lib/libexample_package__rosidl_typesupport_fastrtps_c.so
[3.687s] -- Up-to-date: /home/geoff/ros2_course_ws/install/example_package/include/example_package/example_package
[3.687s] -- Up-to-date: /home/geoff/ros2_course_ws/install/example_package/include/example_package/example_package/msg
[3.688s] -- Up-to-date: /home/geoff/ros2_course_ws/install/example_package/include/example_package/example_package/msg/rosidl_generator_cpp__visibility_control.hpp
[3.688s] -- Up-to-date: /home/geoff/ros2_course_ws/install/example_package/include/example_package/example_package/srv
[3.688s] -- Up-to-date: /home/geoff/ros2_course_ws/install/example_package/include/example_package/example_package/srv/detail
[3.688s] -- Up-to-date: /home/geoff/ros2_course_ws/install/example_package/include/example_package/example_package/srv/detail/adder__builder.hpp
[3.688s] -- Up-to-date: /home/geoff/ros2_course_ws/install/example_package/include/example_package/example_package/srv/detail/adder__traits.hpp
[3.688s] -- Up-to-date: /home/geoff/ros2_course_ws/install/example_package/include/example_package/example_package/srv/detail/adder__struct.hpp
[3.688s] -- Up-to-date: /home/geoff/ros2_course_ws/install/example_package/include/example_package/example_package/srv/detail/adder__type_support.hpp
[3.688s] -- Up-to-date: /home/geoff/ros2_course_ws/install/example_package/include/example_package/example_package/srv/adder.hpp
[3.688s] -- Up-to-date: /home/geoff/ros2_course_ws/install/example_package/include/example_package/example_package
[3.688s] -- Up-to-date: /home/geoff/ros2_course_ws/install/example_package/include/example_package/example_package/msg
[3.688s] -- Up-to-date: /home/geoff/ros2_course_ws/install/example_package/include/example_package/example_package/msg/rosidl_typesupport_fastrtps_cpp__visibility_control.h
[3.688s] -- Up-to-date: /home/geoff/ros2_course_ws/install/example_package/include/example_package/example_package/srv
[3.688s] -- Up-to-date: /home/geoff/ros2_course_ws/install/example_package/include/example_package/example_package/srv/detail
[3.688s] -- Up-to-date: /home/geoff/ros2_course_ws/install/example_package/include/example_package/example_package/srv/detail/dds_fastrtps
[3.688s] -- Up-to-date: /home/geoff/ros2_course_ws/install/example_package/include/example_package/example_package/srv/detail/adder__rosidl_typesupport_fastrtps_cpp.hpp
[3.688s] -- Up-to-date: /home/geoff/ros2_course_ws/install/example_package/lib/libexample_package__rosidl_typesupport_fastrtps_cpp.so
[3.689s] -- Up-to-date: /home/geoff/ros2_course_ws/install/example_package/include/example_package/example_package
[3.689s] -- Up-to-date: /home/geoff/ros2_course_ws/install/example_package/include/example_package/example_package/msg
[3.689s] -- Up-to-date: /home/geoff/ros2_course_ws/install/example_package/include/example_package/example_package/msg/rosidl_typesupport_introspection_c__visibility_control.h
[3.689s] -- Up-to-date: /home/geoff/ros2_course_ws/install/example_package/include/example_package/example_package/srv
[3.689s] -- Up-to-date: /home/geoff/ros2_course_ws/install/example_package/include/example_package/example_package/srv/detail
[3.689s] -- Up-to-date: /home/geoff/ros2_course_ws/install/example_package/include/example_package/example_package/srv/detail/adder__rosidl_typesupport_introspection_c.h
[3.689s] -- Up-to-date: /home/geoff/ros2_course_ws/install/example_package/include/example_package/example_package/srv/detail/adder__type_support.c
[3.689s] -- Up-to-date: /home/geoff/ros2_course_ws/install/example_package/lib/libexample_package__rosidl_typesupport_introspection_c.so
[3.689s] -- Up-to-date: /home/geoff/ros2_course_ws/install/example_package/lib/libexample_package__rosidl_typesupport_c.so
[3.689s] -- Up-to-date: /home/geoff/ros2_course_ws/install/example_package/include/example_package/example_package
[3.689s] -- Up-to-date: /home/geoff/ros2_course_ws/install/example_package/include/example_package/example_package/srv
[3.689s] -- Up-to-date: /home/geoff/ros2_course_ws/install/example_package/include/example_package/example_package/srv/detail
[3.690s] -- Up-to-date: /home/geoff/ros2_course_ws/install/example_package/include/example_package/example_package/srv/detail/adder__rosidl_typesupport_introspection_cpp.hpp
[3.690s] -- Up-to-date: /home/geoff/ros2_course_ws/install/example_package/include/example_package/example_package/srv/detail/adder__type_support.cpp
[3.690s] -- Up-to-date: /home/geoff/ros2_course_ws/install/example_package/lib/libexample_package__rosidl_typesupport_introspection_cpp.so
[3.690s] -- Up-to-date: /home/geoff/ros2_course_ws/install/example_package/lib/libexample_package__rosidl_typesupport_cpp.so
[3.690s] -- Up-to-date: /home/geoff/ros2_course_ws/install/example_package/share/example_package/environment/pythonpath.sh
[3.690s] -- Installing: /home/geoff/ros2_course_ws/install/example_package/share/example_package/environment/pythonpath.dsv
[3.690s] -- Up-to-date: /home/geoff/ros2_course_ws/install/example_package/local/lib/python3.10/dist-packages/example_package-0.0.0-py3.10.egg-info
[3.690s] -- Installing: /home/geoff/ros2_course_ws/install/example_package/local/lib/python3.10/dist-packages/example_package-0.0.0-py3.10.egg-info/PKG-INFO
[3.690s] -- Installing: /home/geoff/ros2_course_ws/install/example_package/local/lib/python3.10/dist-packages/example_package-0.0.0-py3.10.egg-info/SOURCES.txt
[3.690s] -- Installing: /home/geoff/ros2_course_ws/install/example_package/local/lib/python3.10/dist-packages/example_package-0.0.0-py3.10.egg-info/top_level.txt
[3.690s] -- Installing: /home/geoff/ros2_course_ws/install/example_package/local/lib/python3.10/dist-packages/example_package-0.0.0-py3.10.egg-info/dependency_links.txt
[3.690s] -- Up-to-date: /home/geoff/ros2_course_ws/install/example_package/local/lib/python3.10/dist-packages/example_package
[3.691s] -- Installing: /home/geoff/ros2_course_ws/install/example_package/local/lib/python3.10/dist-packages/example_package/__init__.py
[3.691s] -- Up-to-date: /home/geoff/ros2_course_ws/install/example_package/local/lib/python3.10/dist-packages/example_package/srv
[3.691s] -- Up-to-date: /home/geoff/ros2_course_ws/install/example_package/local/lib/python3.10/dist-packages/example_package/srv/__init__.py
[3.691s] -- Up-to-date: /home/geoff/ros2_course_ws/install/example_package/local/lib/python3.10/dist-packages/example_package/srv/_adder_s.c
[3.691s] -- Up-to-date: /home/geoff/ros2_course_ws/install/example_package/local/lib/python3.10/dist-packages/example_package/srv/_adder.py
[3.691s] -- Up-to-date: /home/geoff/ros2_course_ws/install/example_package/local/lib/python3.10/dist-packages/example_package/_example_package_s.ep.rosidl_typesupport_fastrtps_c.c
[3.691s] -- Up-to-date: /home/geoff/ros2_course_ws/install/example_package/local/lib/python3.10/dist-packages/example_package/example_package_s__rosidl_typesupport_fastrtps_c.cpython-310-x86_64-linux-gnu.so
[3.691s] -- Up-to-date: /home/geoff/ros2_course_ws/install/example_package/local/lib/python3.10/dist-packages/example_package/example_package_s__rosidl_typesupport_introspection_c.cpython-310-x86_64-linux-gnu.so
[3.691s] -- Up-to-date: /home/geoff/ros2_course_ws/install/example_package/local/lib/python3.10/dist-packages/example_package/_example_package_s.ep.rosidl_typesupport_c.c
[3.691s] -- Up-to-date: /home/geoff/ros2_course_ws/install/example_package/local/lib/python3.10/dist-packages/example_package/_example_package_s.ep.rosidl_typesupport_introspection_c.c
[3.691s] -- Up-to-date: /home/geoff/ros2_course_ws/install/example_package/local/lib/python3.10/dist-packages/example_package/libexample_package__rosidl_generator_py.so
[3.691s] -- Up-to-date: /home/geoff/ros2_course_ws/install/example_package/local/lib/python3.10/dist-packages/example_package/example_package_s__rosidl_typesupport_c.cpython-310-x86_64-linux-gnu.so
[3.731s] Listing '/home/geoff/ros2_course_ws/install/example_package/local/lib/python3.10/dist-packages/example_package'...
[3.731s] Compiling '/home/geoff/ros2_course_ws/install/example_package/local/lib/python3.10/dist-packages/example_package/__init__.py'...
[3.731s] Listing '/home/geoff/ros2_course_ws/install/example_package/local/lib/python3.10/dist-packages/example_package/srv'...
[3.736s] -- Up-to-date: /home/geoff/ros2_course_ws/install/example_package/local/lib/python3.10/dist-packages/example_package/example_package_s__rosidl_typesupport_fastrtps_c.cpython-310-x86_64-linux-gnu.so
[3.737s] -- Up-to-date: /home/geoff/ros2_course_ws/install/example_package/local/lib/python3.10/dist-packages/example_package/example_package_s__rosidl_typesupport_introspection_c.cpython-310-x86_64-linux-gnu.so
[3.737s] -- Up-to-date: /home/geoff/ros2_course_ws/install/example_package/local/lib/python3.10/dist-packages/example_package/example_package_s__rosidl_typesupport_c.cpython-310-x86_64-linux-gnu.so
[3.737s] -- Up-to-date: /home/geoff/ros2_course_ws/install/example_package/lib/libexample_package__rosidl_generator_py.so
[3.737s] -- Up-to-date: /home/geoff/ros2_course_ws/install/example_package/share/example_package/rust
[3.737s] -- Up-to-date: /home/geoff/ros2_course_ws/install/example_package/share/example_package/rust/build.rs
[3.737s] -- Up-to-date: /home/geoff/ros2_course_ws/install/example_package/share/example_package/rust/src
[3.738s] -- Up-to-date: /home/geoff/ros2_course_ws/install/example_package/share/example_package/rust/src/lib.rs
[3.738s] -- Up-to-date: /home/geoff/ros2_course_ws/install/example_package/share/example_package/rust/src/srv
[3.738s] -- Up-to-date: /home/geoff/ros2_course_ws/install/example_package/share/example_package/rust/src/srv/rmw.rs
[3.738s] -- Up-to-date: /home/geoff/ros2_course_ws/install/example_package/share/example_package/rust/src/srv.rs
[3.738s] -- Up-to-date: /home/geoff/ros2_course_ws/install/example_package/share/example_package/rust/Cargo.toml
[3.738s] -- Up-to-date: /home/geoff/ros2_course_ws/install/example_package/share/example_package/srv/Adder.idl
[3.738s] -- Up-to-date: /home/geoff/ros2_course_ws/install/example_package/share/example_package/srv/Adder.srv
[3.738s] -- Up-to-date: /home/geoff/ros2_course_ws/install/example_package/share/example_package/srv/Adder_Request.msg
[3.738s] -- Up-to-date: /home/geoff/ros2_course_ws/install/example_package/share/example_package/srv/Adder_Response.msg
[3.738s] -- Up-to-date: /home/geoff/ros2_course_ws/install/example_package/lib/example_package/topic_publisher
[3.738s] -- Installing: /home/geoff/ros2_course_ws/install/example_package/lib/example_package/service_advertiser
[3.739s] -- Set runtime path of "/home/geoff/ros2_course_ws/install/example_package/lib/example_package/service_advertiser" to ""
[3.739s] -- Installing: /home/geoff/ros2_course_ws/install/example_package/lib/example_package/service_client
[3.739s] -- Set runtime path of "/home/geoff/ros2_course_ws/install/example_package/lib/example_package/service_client" to ""
[3.739s] -- Up-to-date: /home/geoff/ros2_course_ws/install/example_package/share/ament_index/resource_index/package_run_dependencies/example_package
[3.740s] -- Up-to-date: /home/geoff/ros2_course_ws/install/example_package/share/ament_index/resource_index/parent_prefix_path/example_package
[3.740s] -- Up-to-date: /home/geoff/ros2_course_ws/install/example_package/share/example_package/environment/ament_prefix_path.sh
[3.740s] -- Installing: /home/geoff/ros2_course_ws/install/example_package/share/example_package/environment/ament_prefix_path.dsv
[3.740s] -- Up-to-date: /home/geoff/ros2_course_ws/install/example_package/share/example_package/environment/path.sh
[3.740s] -- Installing: /home/geoff/ros2_course_ws/install/example_package/share/example_package/environment/path.dsv
[3.740s] -- Up-to-date: /home/geoff/ros2_course_ws/install/example_package/share/example_package/local_setup.bash
[3.740s] -- Up-to-date: /home/geoff/ros2_course_ws/install/example_package/share/example_package/local_setup.sh
[3.740s] -- Up-to-date: /home/geoff/ros2_course_ws/install/example_package/share/example_package/local_setup.zsh
[3.740s] -- Installing: /home/geoff/ros2_course_ws/install/example_package/share/example_package/local_setup.dsv
[3.740s] -- Installing: /home/geoff/ros2_course_ws/install/example_package/share/example_package/package.dsv
[3.740s] -- Up-to-date: /home/geoff/ros2_course_ws/install/example_package/share/ament_index/resource_index/packages/example_package
[3.741s] -- Up-to-date: /home/geoff/ros2_course_ws/install/example_package/share/example_package/cmake/export_example_package__rosidl_generator_cExport.cmake
[3.741s] -- Up-to-date: /home/geoff/ros2_course_ws/install/example_package/share/example_package/cmake/export_example_package__rosidl_generator_cExport-noconfig.cmake
[3.741s] -- Up-to-date: /home/geoff/ros2_course_ws/install/example_package/share/example_package/cmake/export_example_package__rosidl_typesupport_fastrtps_cExport.cmake
[3.741s] -- Up-to-date: /home/geoff/ros2_course_ws/install/example_package/share/example_package/cmake/export_example_package__rosidl_typesupport_fastrtps_cExport-noconfig.cmake
[3.741s] -- Up-to-date: /home/geoff/ros2_course_ws/install/example_package/share/example_package/cmake/export_example_package__rosidl_generator_cppExport.cmake
[3.741s] -- Up-to-date: /home/geoff/ros2_course_ws/install/example_package/share/example_package/cmake/export_example_package__rosidl_typesupport_fastrtps_cppExport.cmake
[3.741s] -- Up-to-date: /home/geoff/ros2_course_ws/install/example_package/share/example_package/cmake/export_example_package__rosidl_typesupport_fastrtps_cppExport-noconfig.cmake
[3.741s] -- Up-to-date: /home/geoff/ros2_course_ws/install/example_package/share/example_package/cmake/example_package__rosidl_typesupport_introspection_cExport.cmake
[3.741s] -- Up-to-date: /home/geoff/ros2_course_ws/install/example_package/share/example_package/cmake/example_package__rosidl_typesupport_introspection_cExport-noconfig.cmake
[3.741s] -- Up-to-date: /home/geoff/ros2_course_ws/install/example_package/share/example_package/cmake/example_package__rosidl_typesupport_cExport.cmake
[3.742s] -- Up-to-date: /home/geoff/ros2_course_ws/install/example_package/share/example_package/cmake/example_package__rosidl_typesupport_cExport-noconfig.cmake
[3.742s] -- Up-to-date: /home/geoff/ros2_course_ws/install/example_package/share/example_package/cmake/example_package__rosidl_typesupport_introspection_cppExport.cmake
[3.742s] -- Up-to-date: /home/geoff/ros2_course_ws/install/example_package/share/example_package/cmake/example_package__rosidl_typesupport_introspection_cppExport-noconfig.cmake
[3.742s] -- Up-to-date: /home/geoff/ros2_course_ws/install/example_package/share/example_package/cmake/example_package__rosidl_typesupport_cppExport.cmake
[3.742s] -- Up-to-date: /home/geoff/ros2_course_ws/install/example_package/share/example_package/cmake/example_package__rosidl_typesupport_cppExport-noconfig.cmake
[3.742s] -- Up-to-date: /home/geoff/ros2_course_ws/install/example_package/share/example_package/cmake/export_example_package__rosidl_generator_pyExport.cmake
[3.742s] -- Up-to-date: /home/geoff/ros2_course_ws/install/example_package/share/example_package/cmake/export_example_package__rosidl_generator_pyExport-noconfig.cmake
[3.742s] -- Up-to-date: /home/geoff/ros2_course_ws/install/example_package/share/example_package/cmake/rosidl_cmake-extras.cmake
[3.742s] -- Up-to-date: /home/geoff/ros2_course_ws/install/example_package/share/example_package/cmake/ament_cmake_export_include_directories-extras.cmake
[3.742s] -- Up-to-date: /home/geoff/ros2_course_ws/install/example_package/share/example_package/cmake/ament_cmake_export_libraries-extras.cmake
[3.742s] -- Up-to-date: /home/geoff/ros2_course_ws/install/example_package/share/example_package/cmake/ament_cmake_export_targets-extras.cmake
[3.742s] -- Up-to-date: /home/geoff/ros2_course_ws/install/example_package/share/example_package/cmake/rosidl_cmake_export_typesupport_targets-extras.cmake
[3.742s] -- Up-to-date: /home/geoff/ros2_course_ws/install/example_package/share/example_package/cmake/ament_cmake_export_dependencies-extras.cmake
[3.742s] -- Up-to-date: /home/geoff/ros2_course_ws/install/example_package/share/example_package/cmake/rosidl_cmake_export_typesupport_libraries-extras.cmake
[3.742s] -- Up-to-date: /home/geoff/ros2_course_ws/install/example_package/share/example_package/cmake/rosidl_cmake_aggregate_target-extras.cmake
[3.742s] -- Up-to-date: /home/geoff/ros2_course_ws/install/example_package/share/example_package/cmake/example_packageConfig.cmake
[3.743s] -- Up-to-date: /home/geoff/ros2_course_ws/install/example_package/share/example_package/cmake/example_packageConfig-version.cmake
[3.743s] -- Up-to-date: /home/geoff/ros2_course_ws/install/example_package/share/example_package/package.xml
[3.745s] Invoked command in '/home/geoff/ros2_course_ws/build/example_package' returned '0': CMAKE_PREFIX_PATH=${CMAKE_PREFIX_PATH}:/home/geoff/turtlebot3_ws/install/turtlebot3_teleop:/home/geoff/turtlebot3_ws/install/turtlebot3_example:/opt/ros/humble /usr/bin/cmake --install /home/geoff/ros2_course_ws/build/example_package
