[0.009s] Invoking command in '/home/geoff/ros2_course_ws/build/example_package': /usr/bin/cmake --build /home/geoff/ros2_course_ws/build/example_package -- -j16 -l16
[0.025s] -- Found ament_cmake: 1.3.14 (/opt/ros/humble/share/ament_cmake/cmake)
[0.117s] -- Found std_msgs: 4.9.2 (/opt/ros/humble/share/std_msgs/cmake)
[0.133s] -- Found rosidl_generator_c: 3.1.9 (/opt/ros/humble/share/rosidl_generator_c/cmake)
[0.135s] -- Found rosidl_adapter: 3.1.9 (/opt/ros/humble/share/rosidl_adapter/cmake)
[0.138s] -- Found rosidl_generator_cpp: 3.1.9 (/opt/ros/humble/share/rosidl_generator_cpp/cmake)
[0.144s] -- Using all available rosidl_typesupport_c: rosidl_typesupport_fastrtps_c;rosidl_typesupport_introspection_c
[0.152s] -- Using all available rosidl_typesupport_cpp: rosidl_typesupport_fastrtps_cpp;rosidl_typesupport_introspection_cpp
[0.168s] -- Found rclcpp: 16.0.21 (/opt/ros/humble/share/rclcpp/cmake)
[0.184s] -- Found rmw_implementation_cmake: 6.1.4 (/opt/ros/humble/share/rmw_implementation_cmake/cmake)
[0.185s] -- Found rmw_fastrtps_cpp: 6.2.10 (/opt/ros/humble/share/rmw_fastrtps_cpp/cmake)
[0.261s] -- Using RMW implementation 'rmw_fastrtps_cpp' as default
[0.299s] -- Found rosidl_default_generators: 1.2.1 (/opt/ros/humble/share/rosidl_default_generators/cmake)
[0.435s] Error parsing '/home/geoff/ros2_course_ws/src/example_package/package.xml':
[0.466s] Traceback (most recent call last):
[0.467s]   File "/usr/lib/python3/dist-packages/catkin_pkg/package.py", line 610, in parse_package_string
[0.467s]     root = dom.parseString(data)
[0.467s]   File "/usr/lib/python3.10/xml/dom/minidom.py", line 1995, in parseString
[0.467s]     return expatbuilder.parseString(string)
[0.467s]   File "/usr/lib/python3.10/xml/dom/expatbuilder.py", line 925, in parseString
[0.467s]     return builder.parseString(string)
[0.467s]   File "/usr/lib/python3.10/xml/dom/expatbuilder.py", line 223, in parseString
[0.467s]     parser.Parse(string, True)
[0.467s] xml.parsers.expat.ExpatError: mismatched tag: line 11, column 47
[0.467s] 
[0.467s] During handling of the above exception, another exception occurred:
[0.468s] 
[0.468s] Traceback (most recent call last):
[0.468s]   File "/opt/ros/humble/share/ament_cmake_core/cmake/core/package_xml_2_cmake.py", line 150, in <module>
[0.468s]     main()
[0.468s]   File "/opt/ros/humble/share/ament_cmake_core/cmake/core/package_xml_2_cmake.py", line 53, in main
[0.468s]     raise e
[0.468s]   File "/opt/ros/humble/share/ament_cmake_core/cmake/core/package_xml_2_cmake.py", line 49, in main
[0.468s]     package = parse_package_string(
[0.468s]   File "/usr/lib/python3/dist-packages/catkin_pkg/package.py", line 612, in parse_package_string
[0.468s]     raise InvalidPackage('The manifest contains invalid XML:\n%s' % ex, filename)
[0.468s] catkin_pkg.package.InvalidPackage: Error(s) in package '/home/geoff/ros2_course_ws/src/example_package/package.xml':
[0.468s] The manifest contains invalid XML:
[0.468s] mismatched tag: line 11, column 47
[0.477s] [31mCMake Error at /opt/ros/humble/share/ament_cmake_core/cmake/core/ament_package_xml.cmake:95 (message):
[0.477s]   execute_process(/usr/bin/python3
[0.477s]   /opt/ros/humble/share/ament_cmake_core/cmake/core/package_xml_2_cmake.py
[0.477s]   /home/geoff/ros2_course_ws/src/example_package/package.xml
[0.477s]   /home/geoff/ros2_course_ws/build/example_package/ament_cmake_core/package.cmake)
[0.477s]   returned error code 1
[0.477s] Call Stack (most recent call first):
[0.477s]   /opt/ros/humble/share/ament_cmake_core/cmake/core/ament_package_xml.cmake:49 (_ament_package_xml)
[0.477s]   /opt/ros/humble/share/rosidl_cmake/cmake/rosidl_generate_interfaces.cmake:226 (ament_package_xml)
[0.477s]   CMakeLists.txt:14 (rosidl_generate_interfaces)
[0.477s] 
[0.477s] [0m
[0.477s] -- Configuring incomplete, errors occurred!
[0.477s] See also "/home/geoff/ros2_course_ws/build/example_package/CMakeFiles/CMakeOutput.log".
[0.482s] gmake: *** [Makefile:267: cmake_check_build_system] Error 1
[0.484s] Invoked command in '/home/geoff/ros2_course_ws/build/example_package' returned '2': /usr/bin/cmake --build /home/geoff/ros2_course_ws/build/example_package -- -j16 -l16
