[01m[K/home/geoff/ros2_course_ws/src/example_package/src/topic_publisher.cpp:5:34:[m[K [01;31m[Kerror: [m[K‘[01m[Kstring[m[K’ is not a member of ‘[01m[Kstd_msgs::msg[m[K’; did you mean ‘[01m[KString[m[K’?
    5 | rclcpp::Publisher<std_msgs::msg::[01;31m[Kstring[m[K>::SharedPtr pub_string;
      |                                  [01;31m[K^~~~~~[m[K
      |                                  [32m[KString[m[K
[01m[K/home/geoff/ros2_course_ws/src/example_package/src/topic_publisher.cpp:5:40:[m[K [01;31m[Kerror: [m[Ktemplate argument 1 is invalid
    5 | rclcpp::Publisher<std_msgs::msg::string[01;31m[K>[m[K::SharedPtr pub_string;
      |                                        [01;31m[K^[m[K
[01m[K/home/geoff/ros2_course_ws/src/example_package/src/topic_publisher.cpp:5:53:[m[K [01;31m[Kerror: [m[Kexpected initializer before ‘[01m[Kpub_string[m[K’
    5 | rclcpp::Publisher<std_msgs::msg::string>::SharedPtr [01;31m[Kpub_string[m[K;
      |                                                     [01;31m[K^~~~~~~~~~[m[K
[01m[K/home/geoff/ros2_course_ws/src/example_package/src/topic_publisher.cpp:6:42:[m[K [01;31m[Kerror: [m[K‘[01m[Kstring[m[K’ in namespace ‘[01m[Kstd_msgs::msg[m[K’ does not name a type; did you mean ‘[01m[KString[m[K’?
    6 | void stringCallback(const std_msgs::msg::[01;31m[Kstring[m[K::SharedPtr msg);
      |                                          [01;31m[K^~~~~~[m[K
      |                                          [32m[KString[m[K
[01m[K/home/geoff/ros2_course_ws/src/example_package/src/topic_publisher.cpp:6:60:[m[K [01;31m[Kerror: [m[Kexpected unqualified-id before ‘[01m[Kmsg[m[K’
    6 | void stringCallback(const std_msgs::msg::string::SharedPtr [01;31m[Kmsg[m[K);
      |                                                            [01;31m[K^~~[m[K
[01m[K/home/geoff/ros2_course_ws/src/example_package/src/topic_publisher.cpp:6:59:[m[K [01;31m[Kerror: [m[Kexpected ‘[01m[K)[m[K’ before ‘[01m[Kmsg[m[K’
    6 | void stringCallback[34m[K([m[Kconst std_msgs::msg::string::SharedPtr[01;31m[K [m[K[32m[Kmsg[m[K);
      |                    [34m[K~[m[K                                      [01;31m[K^[m[K[32m[K~~~[m[K
      |                                                           [32m[K)[m[K
[01m[K/home/geoff/ros2_course_ws/src/example_package/src/topic_publisher.cpp:6:60:[m[K [01;31m[Kerror: [m[Kexpected initializer before ‘[01m[Kmsg[m[K’
    6 | void stringCallback(const std_msgs::msg::string::SharedPtr [01;31m[Kmsg[m[K);
      |                                                            [01;31m[K^~~[m[K
[01m[K/home/geoff/ros2_course_ws/src/example_package/src/topic_publisher.cpp:[m[K In function ‘[01m[Kint main(int, char**)[m[K’:
[01m[K/home/geoff/ros2_course_ws/src/example_package/src/topic_publisher.cpp:9:17:[m[K [01;35m[Kwarning: [m[Kleft operand of comma operator has no effect [[01;35m[K]8;;https://gcc.gnu.org/onlinedocs/gcc/Warning-Options.html#index-Wunused-value-Wunused-value]8;;[m[K]
    9 |   rclcpp::init(([01;35m[Kargc[m[K, argv));
      |                 [01;35m[K^~~~[m[K
[01m[K/home/geoff/ros2_course_ws/src/example_package/src/topic_publisher.cpp:9:21:[m[K [01;31m[Kerror: [m[Kinvalid conversion from ‘[01m[Kchar**[m[K’ to ‘[01m[Kint[m[K’ [[01;31m[K]8;;https://gcc.gnu.org/onlinedocs/gcc/Warning-Options.html#index-fpermissive-fpermissive]8;;[m[K]
    9 |   rclcpp::init([01;31m[K(argc, argv)[m[K);
      |                [01;31m[K~~~~~^~~~~~~[m[K
      |                     [01;31m[K|[m[K
      |                     [01;31m[Kchar**[m[K
[01m[K/home/geoff/ros2_course_ws/src/example_package/src/topic_publisher.cpp:9:15:[m[K [01;31m[Kerror: [m[Ktoo few arguments to function ‘[01m[Kvoid rclcpp::init(int, const char* const*, const rclcpp::InitOptions&, rclcpp::SignalHandlerOptions)[m[K’
    9 |   [01;31m[Krclcpp::init((argc, argv))[m[K;
      |   [01;31m[K~~~~~~~~~~~~^~~~~~~~~~~~~~[m[K
In file included from [01m[K/opt/ros/humble/include/rclcpp/rclcpp/logging.hpp:25[m[K,
                 from [01m[K/opt/ros/humble/include/rclcpp/rclcpp/client.hpp:40[m[K,
                 from [01m[K/opt/ros/humble/include/rclcpp/rclcpp/callback_group.hpp:24[m[K,
                 from [01m[K/opt/ros/humble/include/rclcpp/rclcpp/any_executable.hpp:20[m[K,
                 from [01m[K/opt/ros/humble/include/rclcpp/rclcpp/memory_strategy.hpp:25[m[K,
                 from [01m[K/opt/ros/humble/include/rclcpp/rclcpp/memory_strategies.hpp:18[m[K,
                 from [01m[K/opt/ros/humble/include/rclcpp/rclcpp/executor_options.hpp:20[m[K,
                 from [01m[K/opt/ros/humble/include/rclcpp/rclcpp/executor.hpp:37[m[K,
                 from [01m[K/opt/ros/humble/include/rclcpp/rclcpp/executors/multi_threaded_executor.hpp:25[m[K,
                 from [01m[K/opt/ros/humble/include/rclcpp/rclcpp/executors.hpp:21[m[K,
                 from [01m[K/opt/ros/humble/include/rclcpp/rclcpp/rclcpp.hpp:155[m[K,
                 from [01m[K/home/geoff/ros2_course_ws/src/example_package/src/topic_publisher.cpp:2[m[K:
[01m[K/opt/ros/humble/include/rclcpp/rclcpp/utilities.hpp:75:1:[m[K [01;36m[Knote: [m[Kdeclared here
   75 | [01;36m[Kinit[m[K(
      | [01;36m[K^~~~[m[K
[01m[K/home/geoff/ros2_course_ws/src/example_package/src/topic_publisher.cpp:12:39:[m[K [01;31m[Kerror: [m[K‘[01m[Kstring[m[K’ is not a member of ‘[01m[Kstd_msgs::msg[m[K’; did you mean ‘[01m[KString[m[K’?
   12 |   rclcpp::Subscription<std_msgs::msg::[01;31m[Kstring[m[K>::SharedPtr string_in = node->create_subscription("topic_in",1,stringCallback);
      |                                       [01;31m[K^~~~~~[m[K
      |                                       [32m[KString[m[K
[01m[K/home/geoff/ros2_course_ws/src/example_package/src/topic_publisher.cpp:12:45:[m[K [01;31m[Kerror: [m[Ktemplate argument 1 is invalid
   12 |   rclcpp::Subscription<std_msgs::msg::string[01;31m[K>[m[K::SharedPtr string_in = node->create_subscription("topic_in",1,stringCallback);
      |                                             [01;31m[K^[m[K
[01m[K/home/geoff/ros2_course_ws/src/example_package/src/topic_publisher.cpp:12:45:[m[K [01;31m[Kerror: [m[Ktemplate argument 3 is invalid
[01m[K/home/geoff/ros2_course_ws/src/example_package/src/topic_publisher.cpp:12:45:[m[K [01;31m[Kerror: [m[Ktemplate argument 4 is invalid
[01m[K/home/geoff/ros2_course_ws/src/example_package/src/topic_publisher.cpp:12:45:[m[K [01;31m[Kerror: [m[Ktemplate argument 5 is invalid
[01m[K/home/geoff/ros2_course_ws/src/example_package/src/topic_publisher.cpp:12:58:[m[K [01;31m[Kerror: [m[Kexpected initializer before ‘[01m[Kstring_in[m[K’
   12 |   rclcpp::Subscription<std_msgs::msg::string>::SharedPtr [01;31m[Kstring_in[m[K = node->create_subscription("topic_in",1,stringCallback);
      |                                                          [01;31m[K^~~~~~~~~[m[K
[01m[K/home/geoff/ros2_course_ws/src/example_package/src/topic_publisher.cpp:14:3:[m[K [01;31m[Kerror: [m[K‘[01m[Kpub_string[m[K’ was not declared in this scope
   14 |   [01;31m[Kpub_string[m[K = node->create_publisher<std_msgs::msg::string>("topic_out",1);
      |   [01;31m[K^~~~~~~~~~[m[K
[01m[K/home/geoff/ros2_course_ws/src/example_package/src/topic_publisher.cpp:14:54:[m[K [01;31m[Kerror: [m[K‘[01m[Kstring[m[K’ is not a member of ‘[01m[Kstd_msgs::msg[m[K’; did you mean ‘[01m[KString[m[K’?
   14 |   pub_string = node->create_publisher<std_msgs::msg::[01;31m[Kstring[m[K>("topic_out",1);
      |                                                      [01;31m[K^~~~~~[m[K
      |                                                      [32m[KString[m[K
[01m[K/home/geoff/ros2_course_ws/src/example_package/src/topic_publisher.cpp:14:61:[m[K [01;31m[Kerror: [m[Kno matching function for call to ‘[01m[Krclcpp::Node::create_publisher<<expression error> >(const char [10], int)[m[K’
   14 |   pub_string = [01;31m[Knode->create_publisher<std_msgs::msg::string>("topic_out",1)[m[K;
      |                [01;31m[K~~~~~~~~~~~~~~~~~~~~~~~~~~~~~~~~~~~~~~~~~~~~~^~~~~~~~~~~~~~~[m[K
In file included from [01m[K/opt/ros/humble/include/rclcpp/rclcpp/executors/single_threaded_executor.hpp:28[m[K,
                 from [01m[K/opt/ros/humble/include/rclcpp/rclcpp/executors.hpp:22[m[K,
                 from [01m[K/opt/ros/humble/include/rclcpp/rclcpp/rclcpp.hpp:155[m[K,
                 from [01m[K/home/geoff/ros2_course_ws/src/example_package/src/topic_publisher.cpp:2[m[K:
[01m[K/opt/ros/humble/include/rclcpp/rclcpp/node.hpp:195:3:[m[K [01;36m[Knote: [m[Kcandidate: ‘[01m[Ktemplate<class MessageT, class AllocatorT, class PublisherT> std::shared_ptr<PublisherT> rclcpp::Node::create_publisher(const string&, const rclcpp::QoS&, const rclcpp::PublisherOptionsWithAllocator<AllocatorT>&)[m[K’
  195 |   [01;36m[Kcreate_publisher[m[K(
      |   [01;36m[K^~~~~~~~~~~~~~~~[m[K
[01m[K/opt/ros/humble/include/rclcpp/rclcpp/node.hpp:195:3:[m[K [01;36m[Knote: [m[K  template argument deduction/substitution failed:
[01m[K/home/geoff/ros2_course_ws/src/example_package/src/topic_publisher.cpp:14:61:[m[K [01;31m[Kerror: [m[Ktemplate argument 1 is invalid
   14 |   pub_string = [01;31m[Knode->create_publisher<std_msgs::msg::string>("topic_out",1)[m[K;
      |                [01;31m[K~~~~~~~~~~~~~~~~~~~~~~~~~~~~~~~~~~~~~~~~~~~~~^~~~~~~~~~~~~~~[m[K
gmake[2]: *** [CMakeFiles/topic_publisher.dir/build.make:76: CMakeFiles/topic_publisher.dir/src/topic_publisher.cpp.o] Error 1
gmake[1]: *** [CMakeFiles/Makefile2:137: CMakeFiles/topic_publisher.dir/all] Error 2
gmake: *** [Makefile:146: all] Error 2
