-- The C compiler identification is GNU 11.4.0
-- The CXX compiler identification is GNU 11.4.0
-- Detecting C compiler ABI info
-- Detecting C compiler ABI info - done
-- Check for working C compiler: /usr/bin/cc - skipped
-- Detecting C compile features
-- Detecting C compile features - done
-- Detecting CXX compiler ABI info
-- Detecting CXX compiler ABI info - done
-- Check for working CXX compiler: /usr/bin/c++ - skipped
-- Detecting CXX compile features
-- Detecting CXX compile features - done
-- Found ament_cmake: 1.3.14 (/opt/ros/humble/share/ament_cmake/cmake)
-- Found Python3: /usr/bin/python3 (found version "3.10.12") found components: Interpreter 
-- Found std_msgs: 4.9.2 (/opt/ros/humble/share/std_msgs/cmake)
-- Found rosidl_generator_c: 3.1.9 (/opt/ros/humble/share/rosidl_generator_c/cmake)
-- Found rosidl_adapter: 3.1.9 (/opt/ros/humble/share/rosidl_adapter/cmake)
-- Found rosidl_generator_cpp: 3.1.9 (/opt/ros/humble/share/rosidl_generator_cpp/cmake)
-- Using all available rosidl_typesupport_c: rosidl_typesupport_fastrtps_c;rosidl_typesupport_introspection_c
-- Using all available rosidl_typesupport_cpp: rosidl_typesupport_fastrtps_cpp;rosidl_typesupport_introspection_cpp
-- Found example_interfaces: 0.9.3 (/opt/ros/humble/share/example_interfaces/cmake)
-- Found rclcpp: 16.0.21 (/opt/ros/humble/share/rclcpp/cmake)
-- Found rmw_implementation_cmake: 6.1.4 (/opt/ros/humble/share/rmw_implementation_cmake/cmake)
-- Found rmw_fastrtps_cpp: 6.2.10 (/opt/ros/humble/share/rmw_fastrtps_cpp/cmake)
-- Found OpenSSL: /usr/lib/x86_64-linux-gnu/libcrypto.so (found version "3.0.2")  
-- Found FastRTPS: /opt/ros/humble/include  
-- Using RMW implementation 'rmw_fastrtps_cpp' as default
-- Looking for pthread.h
-- Looking for pthread.h - found
-- Performing Test CMAKE_HAVE_LIBC_PTHREAD
-- Performing Test CMAKE_HAVE_LIBC_PTHREAD - Success
-- Found Threads: TRUE  
-- Found rosidl_default_generators: 1.2.1 (/opt/ros/humble/share/rosidl_default_generators/cmake)
-- Found ament_cmake_ros: 0.10.1 (/opt/ros/humble/share/ament_cmake_ros/cmake)
-- Using all available rosidl_typesupport_c: rosidl_typesupport_fastrtps_c;rosidl_typesupport_introspection_c
-- Using all available rosidl_typesupport_cpp: rosidl_typesupport_fastrtps_cpp;rosidl_typesupport_introspection_cpp
-- Found PythonInterp: /usr/bin/python3 (found suitable version "3.10.12", minimum required is "3.6") 
-- Found python_cmake_module: 0.10.0 (/opt/ros/humble/share/python_cmake_module/cmake)
-- Found PythonLibs: /usr/lib/x86_64-linux-gnu/libpython3.10.so (found suitable version "3.10.12", minimum required is "3.5") 
-- Using PYTHON_EXECUTABLE: /usr/bin/python3
-- Using PYTHON_INCLUDE_DIRS: /usr/include/python3.10
-- Using PYTHON_LIBRARIES: /usr/lib/x86_64-linux-gnu/libpython3.10.so
-- Found PythonExtra: .so  
-- Found ament_lint_auto: 0.12.15 (/opt/ros/humble/share/ament_lint_auto/cmake)
-- Added test 'cppcheck' to perform static code analysis on C / C++ code
-- Configured cppcheck include dirs: 
-- Configured cppcheck exclude dirs and/or files: 
-- Added test 'lint_cmake' to check CMake code style
-- Added test 'uncrustify' to check C / C++ code style
-- Configured uncrustify additional arguments: 
-- Added test 'xmllint' to check XML markup files
-- Configuring done
-- Generating done
-- Build files have been written to: /home/geoff/ros2_course_ws/build/example_package
[  2%] [34m[1mGenerating C code for ROS interfaces[0m
[ 10%] [34m[1mGenerating C++ code for ROS interfaces[0m
[ 10%] [32mBuilding CXX object CMakeFiles/topic_publisher.dir/src/topic_publisher.cpp.o[0m
[ 10%] [34m[1mGenerating Rust code for ROS interfaces[0m
[ 10%] Built target ament_cmake_python_copy_example_package
[ 10%] Built target example_package__rs
running egg_info
creating example_package.egg-info
writing example_package.egg-info/PKG-INFO
writing dependency_links to example_package.egg-info/dependency_links.txt
writing top-level names to example_package.egg-info/top_level.txt
writing manifest file 'example_package.egg-info/SOURCES.txt'
reading manifest file 'example_package.egg-info/SOURCES.txt'
writing manifest file 'example_package.egg-info/SOURCES.txt'
[ 10%] Built target example_package__cpp
[ 17%] [34m[1mGenerating C++ introspection for ROS interfaces[0m
[ 17%] [34m[1mGenerating C++ type support dispatch for ROS interfaces[0m
[ 17%] [34m[1mGenerating C++ type support for eProsima Fast-RTPS[0m
[ 20%] [32mBuilding C object CMakeFiles/example_package__rosidl_generator_c.dir/rosidl_generator_c/example_package/srv/detail/adder__functions.c.o[0m
[ 20%] Built target ament_cmake_python_build_example_package_egg
[ 22%] [32m[1mLinking C shared library libexample_package__rosidl_generator_c.so[0m
[ 22%] Built target example_package__rosidl_generator_c
[ 30%] [34m[1mGenerating C type support for eProsima Fast-RTPS[0m
[ 30%] [34m[1mGenerating C introspection for ROS interfaces[0m
[ 30%] [34m[1mGenerating C type support dispatch for ROS interfaces[0m
[ 32%] [32mBuilding CXX object CMakeFiles/example_package__rosidl_typesupport_cpp.dir/rosidl_typesupport_cpp/example_package/srv/adder__type_support.cpp.o[0m
[ 35%] [32mBuilding CXX object CMakeFiles/example_package__rosidl_typesupport_introspection_cpp.dir/rosidl_typesupport_introspection_cpp/example_package/srv/detail/adder__type_support.cpp.o[0m
[ 37%] [32mBuilding CXX object CMakeFiles/example_package__rosidl_typesupport_fastrtps_cpp.dir/rosidl_typesupport_fastrtps_cpp/example_package/srv/detail/dds_fastrtps/adder__type_support.cpp.o[0m
[ 40%] [32mBuilding CXX object CMakeFiles/example_package__rosidl_typesupport_c.dir/rosidl_typesupport_c/example_package/srv/adder__type_support.cpp.o[0m
[ 42%] [32mBuilding C object CMakeFiles/example_package__rosidl_typesupport_introspection_c.dir/rosidl_typesupport_introspection_c/example_package/srv/detail/adder__type_support.c.o[0m
[ 45%] [32mBuilding CXX object CMakeFiles/example_package__rosidl_typesupport_fastrtps_c.dir/rosidl_typesupport_fastrtps_c/example_package/srv/detail/adder__type_support_c.cpp.o[0m
[ 47%] [32m[1mLinking CXX shared library libexample_package__rosidl_typesupport_c.so[0m
[ 50%] [32m[1mLinking C shared library libexample_package__rosidl_typesupport_introspection_c.so[0m
[ 50%] Built target example_package__rosidl_typesupport_c
[ 50%] Built target example_package__rosidl_typesupport_introspection_c
[ 52%] [32m[1mLinking CXX shared library libexample_package__rosidl_typesupport_cpp.so[0m
[ 52%] Built target example_package__rosidl_typesupport_cpp
[ 57%] [32mBuilding CXX object CMakeFiles/service_client.dir/src/service_client.cpp.o[0m
[ 57%] [32mBuilding CXX object CMakeFiles/timer_example.dir/src/timer_example.cpp.o[0m
[ 60%] [32mBuilding CXX object CMakeFiles/service_advertiser.dir/src/service_advertiser.cpp.o[0m
[ 62%] [32m[1mLinking CXX shared library libexample_package__rosidl_typesupport_introspection_cpp.so[0m
[ 65%] [32m[1mLinking CXX shared library libexample_package__rosidl_typesupport_fastrtps_cpp.so[0m
[ 65%] Built target example_package__rosidl_typesupport_introspection_cpp
[ 67%] [32m[1mLinking CXX shared library libexample_package__rosidl_typesupport_fastrtps_c.so[0m
[ 67%] Built target example_package__rosidl_typesupport_fastrtps_cpp
[ 67%] Built target example_package__rosidl_typesupport_fastrtps_c
[ 67%] Built target example_package
[ 70%] [34m[1mGenerating Python code for ROS interfaces[0m
[ 70%] Built target example_package__py
[ 72%] [32mBuilding C object CMakeFiles/example_package__rosidl_generator_py.dir/rosidl_generator_py/example_package/srv/_adder_s.c.o[0m
[ 75%] [32m[1mLinking C shared library rosidl_generator_py/example_package/libexample_package__rosidl_generator_py.so[0m
[ 75%] Built target example_package__rosidl_generator_py
[ 82%] [32mBuilding C object CMakeFiles/example_package__rosidl_typesupport_introspection_c__pyext.dir/rosidl_generator_py/example_package/_example_package_s.ep.rosidl_typesupport_introspection_c.c.o[0m
[ 82%] [32mBuilding C object CMakeFiles/example_package__rosidl_typesupport_c__pyext.dir/rosidl_generator_py/example_package/_example_package_s.ep.rosidl_typesupport_c.c.o[0m
[ 82%] [32mBuilding C object CMakeFiles/example_package__rosidl_typesupport_fastrtps_c__pyext.dir/rosidl_generator_py/example_package/_example_package_s.ep.rosidl_typesupport_fastrtps_c.c.o[0m
[ 87%] [32m[1mLinking C shared library rosidl_generator_py/example_package/example_package_s__rosidl_typesupport_introspection_c.cpython-310-x86_64-linux-gnu.so[0m
[ 87%] [32m[1mLinking C shared library rosidl_generator_py/example_package/example_package_s__rosidl_typesupport_c.cpython-310-x86_64-linux-gnu.so[0m
[ 90%] [32m[1mLinking C shared library rosidl_generator_py/example_package/example_package_s__rosidl_typesupport_fastrtps_c.cpython-310-x86_64-linux-gnu.so[0m
[ 90%] Built target example_package__rosidl_typesupport_introspection_c__pyext
[ 90%] Built target example_package__rosidl_typesupport_fastrtps_c__pyext
[ 90%] Built target example_package__rosidl_typesupport_c__pyext
[ 92%] [32m[1mLinking CXX executable service_advertiser[0m
[ 92%] Built target service_advertiser
[ 95%] [32m[1mLinking CXX executable service_client[0m
[ 95%] Built target service_client
[ 97%] [32m[1mLinking CXX executable timer_example[0m
[ 97%] Built target timer_example
[100%] [32m[1mLinking CXX executable topic_publisher[0m
[100%] Built target topic_publisher
-- Install configuration: ""
-- Installing: /home/geoff/ros2_course_ws/install/example_package/share/ament_index/resource_index/rosidl_interfaces/example_package
-- Installing: /home/geoff/ros2_course_ws/install/example_package/include/example_package/example_package
-- Installing: /home/geoff/ros2_course_ws/install/example_package/include/example_package/example_package/msg
-- Installing: /home/geoff/ros2_course_ws/install/example_package/include/example_package/example_package/msg/rosidl_generator_c__visibility_control.h
-- Installing: /home/geoff/ros2_course_ws/install/example_package/include/example_package/example_package/srv
-- Installing: /home/geoff/ros2_course_ws/install/example_package/include/example_package/example_package/srv/detail
-- Installing: /home/geoff/ros2_course_ws/install/example_package/include/example_package/example_package/srv/detail/adder__functions.c
-- Installing: /home/geoff/ros2_course_ws/install/example_package/include/example_package/example_package/srv/detail/adder__functions.h
-- Installing: /home/geoff/ros2_course_ws/install/example_package/include/example_package/example_package/srv/detail/adder__struct.h
-- Installing: /home/geoff/ros2_course_ws/install/example_package/include/example_package/example_package/srv/detail/adder__type_support.h
-- Installing: /home/geoff/ros2_course_ws/install/example_package/include/example_package/example_package/srv/adder.h
-- Installing: /home/geoff/ros2_course_ws/install/example_package/share/example_package/environment/library_path.sh
-- Installing: /home/geoff/ros2_course_ws/install/example_package/share/example_package/environment/library_path.dsv
-- Installing: /home/geoff/ros2_course_ws/install/example_package/lib/libexample_package__rosidl_generator_c.so
-- Set runtime path of "/home/geoff/ros2_course_ws/install/example_package/lib/libexample_package__rosidl_generator_c.so" to ""
-- Up-to-date: /home/geoff/ros2_course_ws/install/example_package/include/example_package/example_package
-- Up-to-date: /home/geoff/ros2_course_ws/install/example_package/include/example_package/example_package/msg
-- Installing: /home/geoff/ros2_course_ws/install/example_package/include/example_package/example_package/msg/rosidl_typesupport_fastrtps_c__visibility_control.h
-- Up-to-date: /home/geoff/ros2_course_ws/install/example_package/include/example_package/example_package/srv
-- Up-to-date: /home/geoff/ros2_course_ws/install/example_package/include/example_package/example_package/srv/detail
-- Installing: /home/geoff/ros2_course_ws/install/example_package/include/example_package/example_package/srv/detail/adder__rosidl_typesupport_fastrtps_c.h
-- Installing: /home/geoff/ros2_course_ws/install/example_package/lib/libexample_package__rosidl_typesupport_fastrtps_c.so
-- Set runtime path of "/home/geoff/ros2_course_ws/install/example_package/lib/libexample_package__rosidl_typesupport_fastrtps_c.so" to ""
-- Up-to-date: /home/geoff/ros2_course_ws/install/example_package/include/example_package/example_package
-- Up-to-date: /home/geoff/ros2_course_ws/install/example_package/include/example_package/example_package/msg
-- Installing: /home/geoff/ros2_course_ws/install/example_package/include/example_package/example_package/msg/rosidl_generator_cpp__visibility_control.hpp
-- Up-to-date: /home/geoff/ros2_course_ws/install/example_package/include/example_package/example_package/srv
-- Up-to-date: /home/geoff/ros2_course_ws/install/example_package/include/example_package/example_package/srv/detail
-- Installing: /home/geoff/ros2_course_ws/install/example_package/include/example_package/example_package/srv/detail/adder__builder.hpp
-- Installing: /home/geoff/ros2_course_ws/install/example_package/include/example_package/example_package/srv/detail/adder__traits.hpp
-- Installing: /home/geoff/ros2_course_ws/install/example_package/include/example_package/example_package/srv/detail/adder__struct.hpp
-- Installing: /home/geoff/ros2_course_ws/install/example_package/include/example_package/example_package/srv/detail/adder__type_support.hpp
-- Installing: /home/geoff/ros2_course_ws/install/example_package/include/example_package/example_package/srv/adder.hpp
-- Up-to-date: /home/geoff/ros2_course_ws/install/example_package/include/example_package/example_package
-- Up-to-date: /home/geoff/ros2_course_ws/install/example_package/include/example_package/example_package/msg
-- Installing: /home/geoff/ros2_course_ws/install/example_package/include/example_package/example_package/msg/rosidl_typesupport_fastrtps_cpp__visibility_control.h
-- Up-to-date: /home/geoff/ros2_course_ws/install/example_package/include/example_package/example_package/srv
-- Up-to-date: /home/geoff/ros2_course_ws/install/example_package/include/example_package/example_package/srv/detail
-- Installing: /home/geoff/ros2_course_ws/install/example_package/include/example_package/example_package/srv/detail/dds_fastrtps
-- Installing: /home/geoff/ros2_course_ws/install/example_package/include/example_package/example_package/srv/detail/adder__rosidl_typesupport_fastrtps_cpp.hpp
-- Installing: /home/geoff/ros2_course_ws/install/example_package/lib/libexample_package__rosidl_typesupport_fastrtps_cpp.so
-- Set runtime path of "/home/geoff/ros2_course_ws/install/example_package/lib/libexample_package__rosidl_typesupport_fastrtps_cpp.so" to ""
-- Up-to-date: /home/geoff/ros2_course_ws/install/example_package/include/example_package/example_package
-- Up-to-date: /home/geoff/ros2_course_ws/install/example_package/include/example_package/example_package/msg
-- Installing: /home/geoff/ros2_course_ws/install/example_package/include/example_package/example_package/msg/rosidl_typesupport_introspection_c__visibility_control.h
-- Up-to-date: /home/geoff/ros2_course_ws/install/example_package/include/example_package/example_package/srv
-- Up-to-date: /home/geoff/ros2_course_ws/install/example_package/include/example_package/example_package/srv/detail
-- Installing: /home/geoff/ros2_course_ws/install/example_package/include/example_package/example_package/srv/detail/adder__rosidl_typesupport_introspection_c.h
-- Installing: /home/geoff/ros2_course_ws/install/example_package/include/example_package/example_package/srv/detail/adder__type_support.c
-- Installing: /home/geoff/ros2_course_ws/install/example_package/lib/libexample_package__rosidl_typesupport_introspection_c.so
-- Set runtime path of "/home/geoff/ros2_course_ws/install/example_package/lib/libexample_package__rosidl_typesupport_introspection_c.so" to ""
-- Installing: /home/geoff/ros2_course_ws/install/example_package/lib/libexample_package__rosidl_typesupport_c.so
-- Set runtime path of "/home/geoff/ros2_course_ws/install/example_package/lib/libexample_package__rosidl_typesupport_c.so" to ""
-- Up-to-date: /home/geoff/ros2_course_ws/install/example_package/include/example_package/example_package
-- Up-to-date: /home/geoff/ros2_course_ws/install/example_package/include/example_package/example_package/srv
-- Up-to-date: /home/geoff/ros2_course_ws/install/example_package/include/example_package/example_package/srv/detail
-- Installing: /home/geoff/ros2_course_ws/install/example_package/include/example_package/example_package/srv/detail/adder__rosidl_typesupport_introspection_cpp.hpp
-- Installing: /home/geoff/ros2_course_ws/install/example_package/include/example_package/example_package/srv/detail/adder__type_support.cpp
-- Installing: /home/geoff/ros2_course_ws/install/example_package/lib/libexample_package__rosidl_typesupport_introspection_cpp.so
-- Set runtime path of "/home/geoff/ros2_course_ws/install/example_package/lib/libexample_package__rosidl_typesupport_introspection_cpp.so" to ""
-- Installing: /home/geoff/ros2_course_ws/install/example_package/lib/libexample_package__rosidl_typesupport_cpp.so
-- Set runtime path of "/home/geoff/ros2_course_ws/install/example_package/lib/libexample_package__rosidl_typesupport_cpp.so" to ""
-- Installing: /home/geoff/ros2_course_ws/install/example_package/share/example_package/environment/pythonpath.sh
-- Installing: /home/geoff/ros2_course_ws/install/example_package/share/example_package/environment/pythonpath.dsv
-- Installing: /home/geoff/ros2_course_ws/install/example_package/local/lib/python3.10/dist-packages/example_package-0.0.0-py3.10.egg-info
-- Installing: /home/geoff/ros2_course_ws/install/example_package/local/lib/python3.10/dist-packages/example_package-0.0.0-py3.10.egg-info/PKG-INFO
-- Installing: /home/geoff/ros2_course_ws/install/example_package/local/lib/python3.10/dist-packages/example_package-0.0.0-py3.10.egg-info/SOURCES.txt
-- Installing: /home/geoff/ros2_course_ws/install/example_package/local/lib/python3.10/dist-packages/example_package-0.0.0-py3.10.egg-info/top_level.txt
-- Installing: /home/geoff/ros2_course_ws/install/example_package/local/lib/python3.10/dist-packages/example_package-0.0.0-py3.10.egg-info/dependency_links.txt
-- Installing: /home/geoff/ros2_course_ws/install/example_package/local/lib/python3.10/dist-packages/example_package
-- Installing: /home/geoff/ros2_course_ws/install/example_package/local/lib/python3.10/dist-packages/example_package/__init__.py
-- Installing: /home/geoff/ros2_course_ws/install/example_package/local/lib/python3.10/dist-packages/example_package/srv
-- Installing: /home/geoff/ros2_course_ws/install/example_package/local/lib/python3.10/dist-packages/example_package/srv/__init__.py
-- Installing: /home/geoff/ros2_course_ws/install/example_package/local/lib/python3.10/dist-packages/example_package/srv/_adder_s.c
-- Installing: /home/geoff/ros2_course_ws/install/example_package/local/lib/python3.10/dist-packages/example_package/srv/_adder.py
-- Installing: /home/geoff/ros2_course_ws/install/example_package/local/lib/python3.10/dist-packages/example_package/_example_package_s.ep.rosidl_typesupport_fastrtps_c.c
-- Installing: /home/geoff/ros2_course_ws/install/example_package/local/lib/python3.10/dist-packages/example_package/example_package_s__rosidl_typesupport_fastrtps_c.cpython-310-x86_64-linux-gnu.so
-- Installing: /home/geoff/ros2_course_ws/install/example_package/local/lib/python3.10/dist-packages/example_package/example_package_s__rosidl_typesupport_introspection_c.cpython-310-x86_64-linux-gnu.so
-- Installing: /home/geoff/ros2_course_ws/install/example_package/local/lib/python3.10/dist-packages/example_package/_example_package_s.ep.rosidl_typesupport_c.c
-- Installing: /home/geoff/ros2_course_ws/install/example_package/local/lib/python3.10/dist-packages/example_package/_example_package_s.ep.rosidl_typesupport_introspection_c.c
-- Installing: /home/geoff/ros2_course_ws/install/example_package/local/lib/python3.10/dist-packages/example_package/libexample_package__rosidl_generator_py.so
-- Installing: /home/geoff/ros2_course_ws/install/example_package/local/lib/python3.10/dist-packages/example_package/example_package_s__rosidl_typesupport_c.cpython-310-x86_64-linux-gnu.so
Listing '/home/geoff/ros2_course_ws/install/example_package/local/lib/python3.10/dist-packages/example_package'...
Compiling '/home/geoff/ros2_course_ws/install/example_package/local/lib/python3.10/dist-packages/example_package/__init__.py'...
Listing '/home/geoff/ros2_course_ws/install/example_package/local/lib/python3.10/dist-packages/example_package/srv'...
Compiling '/home/geoff/ros2_course_ws/install/example_package/local/lib/python3.10/dist-packages/example_package/srv/__init__.py'...
Compiling '/home/geoff/ros2_course_ws/install/example_package/local/lib/python3.10/dist-packages/example_package/srv/_adder.py'...
-- Installing: /home/geoff/ros2_course_ws/install/example_package/local/lib/python3.10/dist-packages/example_package/example_package_s__rosidl_typesupport_fastrtps_c.cpython-310-x86_64-linux-gnu.so
-- Set runtime path of "/home/geoff/ros2_course_ws/install/example_package/local/lib/python3.10/dist-packages/example_package/example_package_s__rosidl_typesupport_fastrtps_c.cpython-310-x86_64-linux-gnu.so" to ""
-- Installing: /home/geoff/ros2_course_ws/install/example_package/local/lib/python3.10/dist-packages/example_package/example_package_s__rosidl_typesupport_introspection_c.cpython-310-x86_64-linux-gnu.so
-- Set runtime path of "/home/geoff/ros2_course_ws/install/example_package/local/lib/python3.10/dist-packages/example_package/example_package_s__rosidl_typesupport_introspection_c.cpython-310-x86_64-linux-gnu.so" to ""
-- Installing: /home/geoff/ros2_course_ws/install/example_package/local/lib/python3.10/dist-packages/example_package/example_package_s__rosidl_typesupport_c.cpython-310-x86_64-linux-gnu.so
-- Set runtime path of "/home/geoff/ros2_course_ws/install/example_package/local/lib/python3.10/dist-packages/example_package/example_package_s__rosidl_typesupport_c.cpython-310-x86_64-linux-gnu.so" to ""
-- Installing: /home/geoff/ros2_course_ws/install/example_package/lib/libexample_package__rosidl_generator_py.so
-- Set runtime path of "/home/geoff/ros2_course_ws/install/example_package/lib/libexample_package__rosidl_generator_py.so" to ""
-- Installing: /home/geoff/ros2_course_ws/install/example_package/share/example_package/rust
-- Installing: /home/geoff/ros2_course_ws/install/example_package/share/example_package/rust/build.rs
-- Installing: /home/geoff/ros2_course_ws/install/example_package/share/example_package/rust/src
-- Installing: /home/geoff/ros2_course_ws/install/example_package/share/example_package/rust/src/lib.rs
-- Installing: /home/geoff/ros2_course_ws/install/example_package/share/example_package/rust/src/srv
-- Installing: /home/geoff/ros2_course_ws/install/example_package/share/example_package/rust/src/srv/rmw.rs
-- Installing: /home/geoff/ros2_course_ws/install/example_package/share/example_package/rust/src/srv.rs
-- Installing: /home/geoff/ros2_course_ws/install/example_package/share/example_package/rust/Cargo.toml
-- Installing: /home/geoff/ros2_course_ws/install/example_package/share/example_package/srv/Adder.idl
-- Installing: /home/geoff/ros2_course_ws/install/example_package/share/example_package/srv/Adder.srv
-- Installing: /home/geoff/ros2_course_ws/install/example_package/share/example_package/srv/Adder_Request.msg
-- Installing: /home/geoff/ros2_course_ws/install/example_package/share/example_package/srv/Adder_Response.msg
-- Installing: /home/geoff/ros2_course_ws/install/example_package/lib/example_package/topic_publisher
-- Set runtime path of "/home/geoff/ros2_course_ws/install/example_package/lib/example_package/topic_publisher" to ""
-- Installing: /home/geoff/ros2_course_ws/install/example_package/lib/example_package/service_advertiser
-- Set runtime path of "/home/geoff/ros2_course_ws/install/example_package/lib/example_package/service_advertiser" to ""
-- Installing: /home/geoff/ros2_course_ws/install/example_package/lib/example_package/service_client
-- Set runtime path of "/home/geoff/ros2_course_ws/install/example_package/lib/example_package/service_client" to ""
-- Installing: /home/geoff/ros2_course_ws/install/example_package/lib/example_package/timer_example
-- Set runtime path of "/home/geoff/ros2_course_ws/install/example_package/lib/example_package/timer_example" to ""
