[0.008s] Invoking command in '/home/geoff/ros2_course_ws/build/example_package': CMAKE_PREFIX_PATH=${CMAKE_PREFIX_PATH}:/home/geoff/turtlebot3_ws/install/turtlebot3_teleop:/opt/ros/humble /usr/bin/cmake /home/geoff/ros2_course_ws/src/example_package -DCMAKE_INSTALL_PREFIX=/home/geoff/ros2_course_ws/install/example_package
[0.042s] -- The C compiler identification is GNU 11.4.0
[0.075s] -- The CXX compiler identification is GNU 11.4.0
[0.080s] -- Detecting C compiler ABI info
[0.122s] -- Detecting C compiler ABI info - done
[0.130s] -- Check for working C compiler: /usr/bin/cc - skipped
[0.130s] -- Detecting C compile features
[0.131s] -- Detecting C compile features - done
[0.134s] -- Detecting CXX compiler ABI info
[0.183s] -- Detecting CXX compiler ABI info - done
[0.188s] -- Check for working CXX compiler: /usr/bin/c++ - skipped
[0.188s] -- Detecting CXX compile features
[0.188s] -- Detecting CXX compile features - done
[0.190s] -- Found ament_cmake: 1.3.14 (/opt/ros/humble/share/ament_cmake/cmake)
[0.285s] -- Found Python3: /usr/bin/python3 (found version "3.10.12") found components: Interpreter 
[0.345s] -- Found std_msgs: 4.9.2 (/opt/ros/humble/share/std_msgs/cmake)
[0.368s] -- Found rosidl_generator_c: 3.1.9 (/opt/ros/humble/share/rosidl_generator_c/cmake)
[0.371s] -- Found rosidl_adapter: 3.1.9 (/opt/ros/humble/share/rosidl_adapter/cmake)
[0.376s] -- Found rosidl_generator_cpp: 3.1.9 (/opt/ros/humble/share/rosidl_generator_cpp/cmake)
[0.384s] -- Using all available rosidl_typesupport_c: rosidl_typesupport_fastrtps_c;rosidl_typesupport_introspection_c
[0.394s] -- Using all available rosidl_typesupport_cpp: rosidl_typesupport_fastrtps_cpp;rosidl_typesupport_introspection_cpp
[0.410s] -- Found example_interfaces: 0.9.3 (/opt/ros/humble/share/example_interfaces/cmake)
[0.435s] -- Found rclcpp: 16.0.21 (/opt/ros/humble/share/rclcpp/cmake)
[0.460s] -- Found rmw_implementation_cmake: 6.1.4 (/opt/ros/humble/share/rmw_implementation_cmake/cmake)
[0.462s] -- Found rmw_fastrtps_cpp: 6.2.10 (/opt/ros/humble/share/rmw_fastrtps_cpp/cmake)
[0.514s] -- Found OpenSSL: /usr/lib/x86_64-linux-gnu/libcrypto.so (found version "3.0.2")  
[0.532s] -- Found FastRTPS: /opt/ros/humble/include  
[0.559s] -- Using RMW implementation 'rmw_fastrtps_cpp' as default
[0.564s] -- Looking for pthread.h
[0.609s] -- Looking for pthread.h - found
[0.609s] -- Performing Test CMAKE_HAVE_LIBC_PTHREAD
[0.656s] -- Performing Test CMAKE_HAVE_LIBC_PTHREAD - Success
[0.656s] -- Found Threads: TRUE  
[0.682s] -- Found rosidl_default_generators: 1.2.1 (/opt/ros/humble/share/rosidl_default_generators/cmake)
[0.840s] -- Found ament_cmake_ros: 0.10.1 (/opt/ros/humble/share/ament_cmake_ros/cmake)
[1.026s] -- Using all available rosidl_typesupport_c: rosidl_typesupport_fastrtps_c;rosidl_typesupport_introspection_c
[1.099s] -- Using all available rosidl_typesupport_cpp: rosidl_typesupport_fastrtps_cpp;rosidl_typesupport_introspection_cpp
[1.112s] -- Found PythonInterp: /usr/bin/python3 (found suitable version "3.10.12", minimum required is "3.6") 
[1.113s] -- Found python_cmake_module: 0.10.0 (/opt/ros/humble/share/python_cmake_module/cmake)
[1.131s] -- Found PythonLibs: /usr/lib/x86_64-linux-gnu/libpython3.10.so (found suitable version "3.10.12", minimum required is "3.5") 
[1.131s] -- Using PYTHON_EXECUTABLE: /usr/bin/python3
[1.131s] -- Using PYTHON_INCLUDE_DIRS: /usr/include/python3.10
[1.131s] -- Using PYTHON_LIBRARIES: /usr/lib/x86_64-linux-gnu/libpython3.10.so
[1.144s] -- Found PythonExtra: .so  
[1.203s] -- Found ament_lint_auto: 0.12.15 (/opt/ros/humble/share/ament_lint_auto/cmake)
[1.214s] -- Added test 'cppcheck' to perform static code analysis on C / C++ code
[1.215s] -- Configured cppcheck include dirs: 
[1.215s] -- Configured cppcheck exclude dirs and/or files: 
[1.215s] -- Added test 'lint_cmake' to check CMake code style
[1.216s] -- Added test 'uncrustify' to check C / C++ code style
[1.216s] -- Configured uncrustify additional arguments: 
[1.216s] -- Added test 'xmllint' to check XML markup files
[1.218s] -- Configuring done
[1.240s] -- Generating done
[1.249s] -- Build files have been written to: /home/geoff/ros2_course_ws/build/example_package
[1.260s] Invoked command in '/home/geoff/ros2_course_ws/build/example_package' returned '0': CMAKE_PREFIX_PATH=${CMAKE_PREFIX_PATH}:/home/geoff/turtlebot3_ws/install/turtlebot3_teleop:/opt/ros/humble /usr/bin/cmake /home/geoff/ros2_course_ws/src/example_package -DCMAKE_INSTALL_PREFIX=/home/geoff/ros2_course_ws/install/example_package
[1.260s] Invoking command in '/home/geoff/ros2_course_ws/build/example_package': CMAKE_PREFIX_PATH=${CMAKE_PREFIX_PATH}:/home/geoff/turtlebot3_ws/install/turtlebot3_teleop:/opt/ros/humble /usr/bin/cmake --build /home/geoff/ros2_course_ws/build/example_package -- -j16 -l16
[1.286s] [  2%] [34m[1mGenerating C code for ROS interfaces[0m
[1.293s] [ 10%] [34m[1mGenerating C++ code for ROS interfaces[0m
[1.293s] [ 10%] [32mBuilding CXX object CMakeFiles/topic_publisher.dir/src/topic_publisher.cpp.o[0m
[1.293s] [ 10%] [34m[1mGenerating Rust code for ROS interfaces[0m
[1.298s] [ 10%] Built target ament_cmake_python_copy_example_package
[1.442s] [ 10%] Built target example_package__rs
[1.454s] running egg_info
[1.455s] creating example_package.egg-info
[1.455s] writing example_package.egg-info/PKG-INFO
[1.455s] writing dependency_links to example_package.egg-info/dependency_links.txt
[1.455s] writing top-level names to example_package.egg-info/top_level.txt
[1.455s] writing manifest file 'example_package.egg-info/SOURCES.txt'
[1.457s] reading manifest file 'example_package.egg-info/SOURCES.txt'
[1.457s] writing manifest file 'example_package.egg-info/SOURCES.txt'
[1.466s] [ 10%] Built target example_package__cpp
[1.473s] [ 17%] [34m[1mGenerating C++ introspection for ROS interfaces[0m
[1.473s] [ 17%] [34m[1mGenerating C++ type support dispatch for ROS interfaces[0m
[1.473s] [ 17%] [34m[1mGenerating C++ type support for eProsima Fast-RTPS[0m
[1.473s] [ 20%] [32mBuilding C object CMakeFiles/example_package__rosidl_generator_c.dir/rosidl_generator_c/example_package/srv/detail/adder__functions.c.o[0m
[1.476s] [ 20%] Built target ament_cmake_python_build_example_package_egg
[1.508s] [ 22%] [32m[1mLinking C shared library libexample_package__rosidl_generator_c.so[0m
[1.533s] [ 22%] Built target example_package__rosidl_generator_c
[1.540s] [ 30%] [34m[1mGenerating C type support for eProsima Fast-RTPS[0m
[1.540s] [ 30%] [34m[1mGenerating C introspection for ROS interfaces[0m
[1.540s] [ 30%] [34m[1mGenerating C type support dispatch for ROS interfaces[0m
[1.626s] [ 32%] [32mBuilding CXX object CMakeFiles/example_package__rosidl_typesupport_cpp.dir/rosidl_typesupport_cpp/example_package/srv/adder__type_support.cpp.o[0m
[1.640s] [ 35%] [32mBuilding CXX object CMakeFiles/example_package__rosidl_typesupport_introspection_cpp.dir/rosidl_typesupport_introspection_cpp/example_package/srv/detail/adder__type_support.cpp.o[0m
[1.649s] [ 37%] [32mBuilding CXX object CMakeFiles/example_package__rosidl_typesupport_fastrtps_cpp.dir/rosidl_typesupport_fastrtps_cpp/example_package/srv/detail/dds_fastrtps/adder__type_support.cpp.o[0m
[1.702s] [ 40%] [32mBuilding CXX object CMakeFiles/example_package__rosidl_typesupport_c.dir/rosidl_typesupport_c/example_package/srv/adder__type_support.cpp.o[0m
[1.723s] [ 42%] [32mBuilding C object CMakeFiles/example_package__rosidl_typesupport_introspection_c.dir/rosidl_typesupport_introspection_c/example_package/srv/detail/adder__type_support.c.o[0m
[1.724s] [ 45%] [32mBuilding CXX object CMakeFiles/example_package__rosidl_typesupport_fastrtps_c.dir/rosidl_typesupport_fastrtps_c/example_package/srv/detail/adder__type_support_c.cpp.o[0m
[1.728s] [ 47%] [32m[1mLinking CXX shared library libexample_package__rosidl_typesupport_c.so[0m
[1.745s] [ 50%] [32m[1mLinking C shared library libexample_package__rosidl_typesupport_introspection_c.so[0m
[1.756s] [ 50%] Built target example_package__rosidl_typesupport_c
[1.766s] [ 50%] Built target example_package__rosidl_typesupport_introspection_c
[1.794s] [ 52%] [32m[1mLinking CXX shared library libexample_package__rosidl_typesupport_cpp.so[0m
[1.821s] [ 52%] Built target example_package__rosidl_typesupport_cpp
[1.836s] [ 57%] [32mBuilding CXX object CMakeFiles/service_client.dir/src/service_client.cpp.o[0m
[1.836s] [ 57%] [32mBuilding CXX object CMakeFiles/timer_example.dir/src/timer_example.cpp.o[0m
[1.836s] [ 60%] [32mBuilding CXX object CMakeFiles/service_advertiser.dir/src/service_advertiser.cpp.o[0m
[1.880s] [ 62%] [32m[1mLinking CXX shared library libexample_package__rosidl_typesupport_introspection_cpp.so[0m
[1.903s] [ 65%] [32m[1mLinking CXX shared library libexample_package__rosidl_typesupport_fastrtps_cpp.so[0m
[1.908s] [ 65%] Built target example_package__rosidl_typesupport_introspection_cpp
[1.936s] [ 67%] [32m[1mLinking CXX shared library libexample_package__rosidl_typesupport_fastrtps_c.so[0m
[1.953s] [ 67%] Built target example_package__rosidl_typesupport_fastrtps_cpp
[1.985s] [ 67%] Built target example_package__rosidl_typesupport_fastrtps_c
[1.999s] [ 67%] Built target example_package
[2.013s] [ 70%] [34m[1mGenerating Python code for ROS interfaces[0m
[2.240s] [ 70%] Built target example_package__py
[2.254s] [ 72%] [32mBuilding C object CMakeFiles/example_package__rosidl_generator_py.dir/rosidl_generator_py/example_package/srv/_adder_s.c.o[0m
[2.322s] [ 75%] [32m[1mLinking C shared library rosidl_generator_py/example_package/libexample_package__rosidl_generator_py.so[0m
[2.348s] [ 75%] Built target example_package__rosidl_generator_py
[2.363s] [ 82%] [32mBuilding C object CMakeFiles/example_package__rosidl_typesupport_introspection_c__pyext.dir/rosidl_generator_py/example_package/_example_package_s.ep.rosidl_typesupport_introspection_c.c.o[0m
[2.363s] [ 82%] [32mBuilding C object CMakeFiles/example_package__rosidl_typesupport_c__pyext.dir/rosidl_generator_py/example_package/_example_package_s.ep.rosidl_typesupport_c.c.o[0m
[2.363s] [ 82%] [32mBuilding C object CMakeFiles/example_package__rosidl_typesupport_fastrtps_c__pyext.dir/rosidl_generator_py/example_package/_example_package_s.ep.rosidl_typesupport_fastrtps_c.c.o[0m
[2.422s] [ 87%] [32m[1mLinking C shared library rosidl_generator_py/example_package/example_package_s__rosidl_typesupport_introspection_c.cpython-310-x86_64-linux-gnu.so[0m
[2.422s] [ 87%] [32m[1mLinking C shared library rosidl_generator_py/example_package/example_package_s__rosidl_typesupport_c.cpython-310-x86_64-linux-gnu.so[0m
[2.422s] [ 90%] [32m[1mLinking C shared library rosidl_generator_py/example_package/example_package_s__rosidl_typesupport_fastrtps_c.cpython-310-x86_64-linux-gnu.so[0m
[2.444s] [ 90%] Built target example_package__rosidl_typesupport_introspection_c__pyext
[2.444s] [ 90%] Built target example_package__rosidl_typesupport_fastrtps_c__pyext
[2.444s] [ 90%] Built target example_package__rosidl_typesupport_c__pyext
[4.099s] [ 92%] [32m[1mLinking CXX executable service_advertiser[0m
[4.188s] [ 92%] Built target service_advertiser
[4.227s] [ 95%] [32m[1mLinking CXX executable service_client[0m
[4.318s] [ 95%] Built target service_client
[4.669s] [ 97%] [32m[1mLinking CXX executable timer_example[0m
[4.787s] [ 97%] Built target timer_example
[6.668s] [100%] [32m[1mLinking CXX executable topic_publisher[0m
[6.885s] [100%] Built target topic_publisher
[6.896s] Invoked command in '/home/geoff/ros2_course_ws/build/example_package' returned '0': CMAKE_PREFIX_PATH=${CMAKE_PREFIX_PATH}:/home/geoff/turtlebot3_ws/install/turtlebot3_teleop:/opt/ros/humble /usr/bin/cmake --build /home/geoff/ros2_course_ws/build/example_package -- -j16 -l16
[6.896s] Invoking command in '/home/geoff/ros2_course_ws/build/example_package': CMAKE_PREFIX_PATH=${CMAKE_PREFIX_PATH}:/home/geoff/turtlebot3_ws/install/turtlebot3_teleop:/opt/ros/humble /usr/bin/cmake --install /home/geoff/ros2_course_ws/build/example_package
[6.902s] -- Install configuration: ""
[6.902s] -- Installing: /home/geoff/ros2_course_ws/install/example_package/share/ament_index/resource_index/rosidl_interfaces/example_package
[6.902s] -- Installing: /home/geoff/ros2_course_ws/install/example_package/include/example_package/example_package
[6.902s] -- Installing: /home/geoff/ros2_course_ws/install/example_package/include/example_package/example_package/msg
[6.902s] -- Installing: /home/geoff/ros2_course_ws/install/example_package/include/example_package/example_package/msg/rosidl_generator_c__visibility_control.h
[6.902s] -- Installing: /home/geoff/ros2_course_ws/install/example_package/include/example_package/example_package/srv
[6.902s] -- Installing: /home/geoff/ros2_course_ws/install/example_package/include/example_package/example_package/srv/detail
[6.902s] -- Installing: /home/geoff/ros2_course_ws/install/example_package/include/example_package/example_package/srv/detail/adder__functions.c
[6.902s] -- Installing: /home/geoff/ros2_course_ws/install/example_package/include/example_package/example_package/srv/detail/adder__functions.h
[6.902s] -- Installing: /home/geoff/ros2_course_ws/install/example_package/include/example_package/example_package/srv/detail/adder__struct.h
[6.902s] -- Installing: /home/geoff/ros2_course_ws/install/example_package/include/example_package/example_package/srv/detail/adder__type_support.h
[6.902s] -- Installing: /home/geoff/ros2_course_ws/install/example_package/include/example_package/example_package/srv/adder.h
[6.903s] -- Installing: /home/geoff/ros2_course_ws/install/example_package/share/example_package/environment/library_path.sh
[6.903s] -- Installing: /home/geoff/ros2_course_ws/install/example_package/share/example_package/environment/library_path.dsv
[6.903s] -- Installing: /home/geoff/ros2_course_ws/install/example_package/lib/libexample_package__rosidl_generator_c.so
[6.903s] -- Set runtime path of "/home/geoff/ros2_course_ws/install/example_package/lib/libexample_package__rosidl_generator_c.so" to ""
[6.903s] -- Up-to-date: /home/geoff/ros2_course_ws/install/example_package/include/example_package/example_package
[6.903s] -- Up-to-date: /home/geoff/ros2_course_ws/install/example_package/include/example_package/example_package/msg
[6.903s] -- Installing: /home/geoff/ros2_course_ws/install/example_package/include/example_package/example_package/msg/rosidl_typesupport_fastrtps_c__visibility_control.h
[6.903s] -- Up-to-date: /home/geoff/ros2_course_ws/install/example_package/include/example_package/example_package/srv
[6.903s] -- Up-to-date: /home/geoff/ros2_course_ws/install/example_package/include/example_package/example_package/srv/detail
[6.903s] -- Installing: /home/geoff/ros2_course_ws/install/example_package/include/example_package/example_package/srv/detail/adder__rosidl_typesupport_fastrtps_c.h
[6.903s] -- Installing: /home/geoff/ros2_course_ws/install/example_package/lib/libexample_package__rosidl_typesupport_fastrtps_c.so
[6.903s] -- Set runtime path of "/home/geoff/ros2_course_ws/install/example_package/lib/libexample_package__rosidl_typesupport_fastrtps_c.so" to ""
[6.903s] -- Up-to-date: /home/geoff/ros2_course_ws/install/example_package/include/example_package/example_package
[6.903s] -- Up-to-date: /home/geoff/ros2_course_ws/install/example_package/include/example_package/example_package/msg
[6.903s] -- Installing: /home/geoff/ros2_course_ws/install/example_package/include/example_package/example_package/msg/rosidl_generator_cpp__visibility_control.hpp
[6.903s] -- Up-to-date: /home/geoff/ros2_course_ws/install/example_package/include/example_package/example_package/srv
[6.903s] -- Up-to-date: /home/geoff/ros2_course_ws/install/example_package/include/example_package/example_package/srv/detail
[6.903s] -- Installing: /home/geoff/ros2_course_ws/install/example_package/include/example_package/example_package/srv/detail/adder__builder.hpp
[6.903s] -- Installing: /home/geoff/ros2_course_ws/install/example_package/include/example_package/example_package/srv/detail/adder__traits.hpp
[6.903s] -- Installing: /home/geoff/ros2_course_ws/install/example_package/include/example_package/example_package/srv/detail/adder__struct.hpp
[6.904s] -- Installing: /home/geoff/ros2_course_ws/install/example_package/include/example_package/example_package/srv/detail/adder__type_support.hpp
[6.904s] -- Installing: /home/geoff/ros2_course_ws/install/example_package/include/example_package/example_package/srv/adder.hpp
[6.904s] -- Up-to-date: /home/geoff/ros2_course_ws/install/example_package/include/example_package/example_package
[6.904s] -- Up-to-date: /home/geoff/ros2_course_ws/install/example_package/include/example_package/example_package/msg
[6.904s] -- Installing: /home/geoff/ros2_course_ws/install/example_package/include/example_package/example_package/msg/rosidl_typesupport_fastrtps_cpp__visibility_control.h
[6.904s] -- Up-to-date: /home/geoff/ros2_course_ws/install/example_package/include/example_package/example_package/srv
[6.904s] -- Up-to-date: /home/geoff/ros2_course_ws/install/example_package/include/example_package/example_package/srv/detail
[6.904s] -- Installing: /home/geoff/ros2_course_ws/install/example_package/include/example_package/example_package/srv/detail/dds_fastrtps
[6.904s] -- Installing: /home/geoff/ros2_course_ws/install/example_package/include/example_package/example_package/srv/detail/adder__rosidl_typesupport_fastrtps_cpp.hpp
[6.904s] -- Installing: /home/geoff/ros2_course_ws/install/example_package/lib/libexample_package__rosidl_typesupport_fastrtps_cpp.so
[6.904s] -- Set runtime path of "/home/geoff/ros2_course_ws/install/example_package/lib/libexample_package__rosidl_typesupport_fastrtps_cpp.so" to ""
[6.904s] -- Up-to-date: /home/geoff/ros2_course_ws/install/example_package/include/example_package/example_package
[6.904s] -- Up-to-date: /home/geoff/ros2_course_ws/install/example_package/include/example_package/example_package/msg
[6.904s] -- Installing: /home/geoff/ros2_course_ws/install/example_package/include/example_package/example_package/msg/rosidl_typesupport_introspection_c__visibility_control.h
[6.904s] -- Up-to-date: /home/geoff/ros2_course_ws/install/example_package/include/example_package/example_package/srv
[6.904s] -- Up-to-date: /home/geoff/ros2_course_ws/install/example_package/include/example_package/example_package/srv/detail
[6.904s] -- Installing: /home/geoff/ros2_course_ws/install/example_package/include/example_package/example_package/srv/detail/adder__rosidl_typesupport_introspection_c.h
[6.904s] -- Installing: /home/geoff/ros2_course_ws/install/example_package/include/example_package/example_package/srv/detail/adder__type_support.c
[6.904s] -- Installing: /home/geoff/ros2_course_ws/install/example_package/lib/libexample_package__rosidl_typesupport_introspection_c.so
[6.904s] -- Set runtime path of "/home/geoff/ros2_course_ws/install/example_package/lib/libexample_package__rosidl_typesupport_introspection_c.so" to ""
[6.904s] -- Installing: /home/geoff/ros2_course_ws/install/example_package/lib/libexample_package__rosidl_typesupport_c.so
[6.904s] -- Set runtime path of "/home/geoff/ros2_course_ws/install/example_package/lib/libexample_package__rosidl_typesupport_c.so" to ""
[6.904s] -- Up-to-date: /home/geoff/ros2_course_ws/install/example_package/include/example_package/example_package
[6.905s] -- Up-to-date: /home/geoff/ros2_course_ws/install/example_package/include/example_package/example_package/srv
[6.905s] -- Up-to-date: /home/geoff/ros2_course_ws/install/example_package/include/example_package/example_package/srv/detail
[6.905s] -- Installing: /home/geoff/ros2_course_ws/install/example_package/include/example_package/example_package/srv/detail/adder__rosidl_typesupport_introspection_cpp.hpp
[6.905s] -- Installing: /home/geoff/ros2_course_ws/install/example_package/include/example_package/example_package/srv/detail/adder__type_support.cpp
[6.905s] -- Installing: /home/geoff/ros2_course_ws/install/example_package/lib/libexample_package__rosidl_typesupport_introspection_cpp.so
[6.905s] -- Set runtime path of "/home/geoff/ros2_course_ws/install/example_package/lib/libexample_package__rosidl_typesupport_introspection_cpp.so" to ""
[6.905s] -- Installing: /home/geoff/ros2_course_ws/install/example_package/lib/libexample_package__rosidl_typesupport_cpp.so
[6.905s] -- Set runtime path of "/home/geoff/ros2_course_ws/install/example_package/lib/libexample_package__rosidl_typesupport_cpp.so" to ""
[6.905s] -- Installing: /home/geoff/ros2_course_ws/install/example_package/share/example_package/environment/pythonpath.sh
[6.905s] -- Installing: /home/geoff/ros2_course_ws/install/example_package/share/example_package/environment/pythonpath.dsv
[6.905s] -- Installing: /home/geoff/ros2_course_ws/install/example_package/local/lib/python3.10/dist-packages/example_package-0.0.0-py3.10.egg-info
[6.905s] -- Installing: /home/geoff/ros2_course_ws/install/example_package/local/lib/python3.10/dist-packages/example_package-0.0.0-py3.10.egg-info/PKG-INFO
[6.905s] -- Installing: /home/geoff/ros2_course_ws/install/example_package/local/lib/python3.10/dist-packages/example_package-0.0.0-py3.10.egg-info/SOURCES.txt
[6.905s] -- Installing: /home/geoff/ros2_course_ws/install/example_package/local/lib/python3.10/dist-packages/example_package-0.0.0-py3.10.egg-info/top_level.txt
[6.905s] -- Installing: /home/geoff/ros2_course_ws/install/example_package/local/lib/python3.10/dist-packages/example_package-0.0.0-py3.10.egg-info/dependency_links.txt
[6.905s] -- Installing: /home/geoff/ros2_course_ws/install/example_package/local/lib/python3.10/dist-packages/example_package
[6.905s] -- Installing: /home/geoff/ros2_course_ws/install/example_package/local/lib/python3.10/dist-packages/example_package/__init__.py
[6.905s] -- Installing: /home/geoff/ros2_course_ws/install/example_package/local/lib/python3.10/dist-packages/example_package/srv
[6.905s] -- Installing: /home/geoff/ros2_course_ws/install/example_package/local/lib/python3.10/dist-packages/example_package/srv/__init__.py
[6.905s] -- Installing: /home/geoff/ros2_course_ws/install/example_package/local/lib/python3.10/dist-packages/example_package/srv/_adder_s.c
[6.906s] -- Installing: /home/geoff/ros2_course_ws/install/example_package/local/lib/python3.10/dist-packages/example_package/srv/_adder.py
[6.906s] -- Installing: /home/geoff/ros2_course_ws/install/example_package/local/lib/python3.10/dist-packages/example_package/_example_package_s.ep.rosidl_typesupport_fastrtps_c.c
[6.906s] -- Installing: /home/geoff/ros2_course_ws/install/example_package/local/lib/python3.10/dist-packages/example_package/example_package_s__rosidl_typesupport_fastrtps_c.cpython-310-x86_64-linux-gnu.so
[6.906s] -- Installing: /home/geoff/ros2_course_ws/install/example_package/local/lib/python3.10/dist-packages/example_package/example_package_s__rosidl_typesupport_introspection_c.cpython-310-x86_64-linux-gnu.so
[6.906s] -- Installing: /home/geoff/ros2_course_ws/install/example_package/local/lib/python3.10/dist-packages/example_package/_example_package_s.ep.rosidl_typesupport_c.c
[6.906s] -- Installing: /home/geoff/ros2_course_ws/install/example_package/local/lib/python3.10/dist-packages/example_package/_example_package_s.ep.rosidl_typesupport_introspection_c.c
[6.906s] -- Installing: /home/geoff/ros2_course_ws/install/example_package/local/lib/python3.10/dist-packages/example_package/libexample_package__rosidl_generator_py.so
[6.906s] -- Installing: /home/geoff/ros2_course_ws/install/example_package/local/lib/python3.10/dist-packages/example_package/example_package_s__rosidl_typesupport_c.cpython-310-x86_64-linux-gnu.so
[6.928s] Listing '/home/geoff/ros2_course_ws/install/example_package/local/lib/python3.10/dist-packages/example_package'...
[6.928s] Compiling '/home/geoff/ros2_course_ws/install/example_package/local/lib/python3.10/dist-packages/example_package/__init__.py'...
[6.928s] Listing '/home/geoff/ros2_course_ws/install/example_package/local/lib/python3.10/dist-packages/example_package/srv'...
[6.928s] Compiling '/home/geoff/ros2_course_ws/install/example_package/local/lib/python3.10/dist-packages/example_package/srv/__init__.py'...
[6.928s] Compiling '/home/geoff/ros2_course_ws/install/example_package/local/lib/python3.10/dist-packages/example_package/srv/_adder.py'...
[6.931s] -- Installing: /home/geoff/ros2_course_ws/install/example_package/local/lib/python3.10/dist-packages/example_package/example_package_s__rosidl_typesupport_fastrtps_c.cpython-310-x86_64-linux-gnu.so
[6.931s] -- Set runtime path of "/home/geoff/ros2_course_ws/install/example_package/local/lib/python3.10/dist-packages/example_package/example_package_s__rosidl_typesupport_fastrtps_c.cpython-310-x86_64-linux-gnu.so" to ""
[6.931s] -- Installing: /home/geoff/ros2_course_ws/install/example_package/local/lib/python3.10/dist-packages/example_package/example_package_s__rosidl_typesupport_introspection_c.cpython-310-x86_64-linux-gnu.so
[6.931s] -- Set runtime path of "/home/geoff/ros2_course_ws/install/example_package/local/lib/python3.10/dist-packages/example_package/example_package_s__rosidl_typesupport_introspection_c.cpython-310-x86_64-linux-gnu.so" to ""
[6.931s] -- Installing: /home/geoff/ros2_course_ws/install/example_package/local/lib/python3.10/dist-packages/example_package/example_package_s__rosidl_typesupport_c.cpython-310-x86_64-linux-gnu.so
[6.931s] -- Set runtime path of "/home/geoff/ros2_course_ws/install/example_package/local/lib/python3.10/dist-packages/example_package/example_package_s__rosidl_typesupport_c.cpython-310-x86_64-linux-gnu.so" to ""
[6.931s] -- Installing: /home/geoff/ros2_course_ws/install/example_package/lib/libexample_package__rosidl_generator_py.so
[6.931s] -- Set runtime path of "/home/geoff/ros2_course_ws/install/example_package/lib/libexample_package__rosidl_generator_py.so" to ""
[6.931s] -- Installing: /home/geoff/ros2_course_ws/install/example_package/share/example_package/rust
[6.931s] -- Installing: /home/geoff/ros2_course_ws/install/example_package/share/example_package/rust/build.rs
[6.931s] -- Installing: /home/geoff/ros2_course_ws/install/example_package/share/example_package/rust/src
[6.932s] -- Installing: /home/geoff/ros2_course_ws/install/example_package/share/example_package/rust/src/lib.rs
[6.932s] -- Installing: /home/geoff/ros2_course_ws/install/example_package/share/example_package/rust/src/srv
[6.932s] -- Installing: /home/geoff/ros2_course_ws/install/example_package/share/example_package/rust/src/srv/rmw.rs
[6.932s] -- Installing: /home/geoff/ros2_course_ws/install/example_package/share/example_package/rust/src/srv.rs
[6.932s] -- Installing: /home/geoff/ros2_course_ws/install/example_package/share/example_package/rust/Cargo.toml
[6.932s] -- Installing: /home/geoff/ros2_course_ws/install/example_package/share/example_package/srv/Adder.idl
[6.932s] -- Installing: /home/geoff/ros2_course_ws/install/example_package/share/example_package/srv/Adder.srv
[6.932s] -- Installing: /home/geoff/ros2_course_ws/install/example_package/share/example_package/srv/Adder_Request.msg
[6.932s] -- Installing: /home/geoff/ros2_course_ws/install/example_package/share/example_package/srv/Adder_Response.msg
[6.932s] -- Installing: /home/geoff/ros2_course_ws/install/example_package/lib/example_package/topic_publisher
[6.933s] -- Set runtime path of "/home/geoff/ros2_course_ws/install/example_package/lib/example_package/topic_publisher" to ""
[6.934s] -- Installing: /home/geoff/ros2_course_ws/install/example_package/lib/example_package/service_advertiser
[6.934s] -- Set runtime path of "/home/geoff/ros2_course_ws/install/example_package/lib/example_package/service_advertiser" to ""
[6.934s] -- Installing: /home/geoff/ros2_course_ws/install/example_package/lib/example_package/service_client
[6.934s] -- Set runtime path of "/home/geoff/ros2_course_ws/install/example_package/lib/example_package/service_client" to ""
[6.934s] -- Installing: /home/geoff/ros2_course_ws/install/example_package/lib/example_package/timer_example
[6.935s] -- Set runtime path of "/home/geoff/ros2_course_ws/install/example_package/lib/example_package/timer_example" to ""
[6.935s] [31mCMake Error at cmake_install.cmake:459 (file):
[6.935s]   file INSTALL cannot find
[6.935s]   "/home/geoff/ros2_course_ws/src/example_package/launch": No such file or
[6.935s]   directory.
[6.935s] 
[6.935s] [0m
[6.936s] Invoked command in '/home/geoff/ros2_course_ws/build/example_package' returned '1': CMAKE_PREFIX_PATH=${CMAKE_PREFIX_PATH}:/home/geoff/turtlebot3_ws/install/turtlebot3_teleop:/opt/ros/humble /usr/bin/cmake --install /home/geoff/ros2_course_ws/build/example_package
