[  2%] Built target example_package__rs
[  5%] Built target example_package__cpp
[ 13%] Built target example_package__rosidl_generator_c
[ 19%] Built target topic_publisher
[ 19%] Built target ament_cmake_python_copy_example_package
[ 27%] Built target example_package__rosidl_typesupport_cpp
[ 36%] Built target example_package__rosidl_typesupport_introspection_cpp
[ 44%] Built target example_package__rosidl_typesupport_fastrtps_c
[ 58%] Built target example_package__rosidl_typesupport_c
[ 61%] Built target example_package__rosidl_typesupport_fastrtps_cpp
[ 69%] Built target example_package__rosidl_typesupport_introspection_c
[35m[1mConsolidate compiler generated dependencies of target service_advertiser[0m
[ 69%] Built target example_package
[ 72%] [32mBuilding CXX object CMakeFiles/service_advertiser.dir/src/service_advertiser.cpp.o[0m
[ 75%] Built target example_package__py
[ 80%] Built target example_package__rosidl_generator_py
[ 97%] Built target example_package__rosidl_typesupport_fastrtps_c__pyext
[ 97%] Built target example_package__rosidl_typesupport_c__pyext
[ 97%] Built target example_package__rosidl_typesupport_introspection_c__pyext
running egg_info
writing example_package.egg-info/PKG-INFO
writing dependency_links to example_package.egg-info/dependency_links.txt
writing top-level names to example_package.egg-info/top_level.txt
reading manifest file 'example_package.egg-info/SOURCES.txt'
writing manifest file 'example_package.egg-info/SOURCES.txt'
[ 97%] Built target ament_cmake_python_build_example_package_egg
