[0.011s] Invoking command in '/home/geoff/ros2_course_ws/build/example_package': CMAKE_PREFIX_PATH=${CMAKE_PREFIX_PATH}:/home/geoff/turtlebot3_ws/install/turtlebot3_teleop:/home/geoff/turtlebot3_ws/install/turtlebot3_example:/opt/ros/humble /usr/bin/cmake --build /home/geoff/ros2_course_ws/build/example_package -- -j16 -l16
[0.050s] [  2%] Built target example_package__rs
[0.051s] [  5%] Built target example_package__cpp
[0.051s] [ 13%] Built target example_package__rosidl_generator_c
[0.055s] [ 19%] Built target topic_publisher
[0.059s] [ 19%] Built target ament_cmake_python_copy_example_package
[0.072s] [ 27%] Built target example_package__rosidl_typesupport_cpp
[0.072s] [ 36%] Built target example_package__rosidl_typesupport_introspection_cpp
[0.073s] [ 44%] Built target example_package__rosidl_typesupport_fastrtps_c
[0.073s] [ 58%] Built target example_package__rosidl_typesupport_c
[0.073s] [ 61%] Built target example_package__rosidl_typesupport_fastrtps_cpp
[0.073s] [ 69%] Built target example_package__rosidl_typesupport_introspection_c
[0.081s] [35m[1mConsolidate compiler generated dependencies of target service_advertiser[0m
[0.090s] [ 69%] Built target example_package
[0.095s] [ 72%] [32mBuilding CXX object CMakeFiles/service_advertiser.dir/src/service_advertiser.cpp.o[0m
[0.107s] [ 75%] Built target example_package__py
[0.126s] [ 80%] Built target example_package__rosidl_generator_py
[0.146s] [ 97%] Built target example_package__rosidl_typesupport_fastrtps_c__pyext
[0.146s] [ 97%] Built target example_package__rosidl_typesupport_c__pyext
[0.146s] [ 97%] Built target example_package__rosidl_typesupport_introspection_c__pyext
[0.274s] running egg_info
[0.274s] writing example_package.egg-info/PKG-INFO
[0.275s] writing dependency_links to example_package.egg-info/dependency_links.txt
[0.275s] writing top-level names to example_package.egg-info/top_level.txt
[0.277s] reading manifest file 'example_package.egg-info/SOURCES.txt'
[0.277s] writing manifest file 'example_package.egg-info/SOURCES.txt'
[0.301s] [ 97%] Built target ament_cmake_python_build_example_package_egg
[1.966s] [01m[K/home/geoff/ros2_course_ws/src/example_package/src/service_advertiser.cpp:6:45:[m[K [01;31m[Kerror: [m[Kfound ‘[01m[K:[m[K’ in nested-name-specifier, expected ‘[01m[K::[m[K’
[1.966s]     6 |   const std::shared_ptr<example_package::srv[01;31m[K:[m[KAdder::Request> req,
[1.966s]       |                                             [01;31m[K^[m[K
[1.966s]       |                                             [32m[K::[m[K
[1.980s] [01m[K/home/geoff/ros2_course_ws/src/example_package/src/service_advertiser.cpp:22:45:[m[K [01;31m[Kerror: [m[Kfound ‘[01m[K:[m[K’ in nested-name-specifier, expected ‘[01m[K::[m[K’
[1.980s]    22 |   const std::shared_ptr<example_package::srv[01;31m[K:[m[KAdder::Request> req,
[1.980s]       |                                             [01;31m[K^[m[K
[1.980s]       |                                             [32m[K::[m[K
[1.982s] [01m[K/home/geoff/ros2_course_ws/src/example_package/src/service_advertiser.cpp:21:6:[m[K [01;31m[Kerror: [m[Kambiguating new declaration of ‘[01m[Kvoid srvCallback(std::shared_ptr<example_package::srv::Adder_Request_<std::allocator<void> > >, std::shared_ptr<example_package::srv::Adder_Response_<std::allocator<void> > >)[m[K’
[1.982s]    21 | void [01;31m[KsrvCallback[m[K(
[1.982s]       |      [01;31m[K^~~~~~~~~~~[m[K
[1.982s] [01m[K/home/geoff/ros2_course_ws/src/example_package/src/service_advertiser.cpp:5:6:[m[K [01;36m[Knote: [m[Kold declaration ‘[01m[Kbool srvCallback(std::shared_ptr<example_package::srv::Adder_Request_<std::allocator<void> > >, std::shared_ptr<example_package::srv::Adder_Response_<std::allocator<void> > >)[m[K’
[1.982s]     5 | bool [01;36m[KsrvCallback[m[K(
[1.982s]       |      [01;36m[K^~~~~~~~~~~[m[K
[2.441s] gmake[2]: *** [CMakeFiles/service_advertiser.dir/build.make:76: CMakeFiles/service_advertiser.dir/src/service_advertiser.cpp.o] Error 1
[2.441s] gmake[1]: *** [CMakeFiles/Makefile2:640: CMakeFiles/service_advertiser.dir/all] Error 2
[2.441s] gmake: *** [Makefile:146: all] Error 2
[2.443s] Invoked command in '/home/geoff/ros2_course_ws/build/example_package' returned '2': CMAKE_PREFIX_PATH=${CMAKE_PREFIX_PATH}:/home/geoff/turtlebot3_ws/install/turtlebot3_teleop:/home/geoff/turtlebot3_ws/install/turtlebot3_example:/opt/ros/humble /usr/bin/cmake --build /home/geoff/ros2_course_ws/build/example_package -- -j16 -l16
