[0.009s] Invoking command in '/home/geoff/ros2_course_ws/build/example_package': CMAKE_PREFIX_PATH=${CMAKE_PREFIX_PATH}:/home/geoff/turtlebot3_ws/install/turtlebot3_teleop:/opt/ros/humble /usr/bin/cmake --build /home/geoff/ros2_course_ws/build/example_package -- -j16 -l16
[0.026s] -- Found ament_cmake: 1.3.14 (/opt/ros/humble/share/ament_cmake/cmake)
[0.106s] -- Found std_msgs: 4.9.2 (/opt/ros/humble/share/std_msgs/cmake)
[0.120s] -- Found rosidl_generator_c: 3.1.9 (/opt/ros/humble/share/rosidl_generator_c/cmake)
[0.122s] -- Found rosidl_adapter: 3.1.9 (/opt/ros/humble/share/rosidl_adapter/cmake)
[0.126s] -- Found rosidl_generator_cpp: 3.1.9 (/opt/ros/humble/share/rosidl_generator_cpp/cmake)
[0.131s] -- Using all available rosidl_typesupport_c: rosidl_typesupport_fastrtps_c;rosidl_typesupport_introspection_c
[0.138s] -- Using all available rosidl_typesupport_cpp: rosidl_typesupport_fastrtps_cpp;rosidl_typesupport_introspection_cpp
[0.151s] -- Found example_interfaces: 0.9.3 (/opt/ros/humble/share/example_interfaces/cmake)
[0.172s] -- Found rclcpp: 16.0.21 (/opt/ros/humble/share/rclcpp/cmake)
[0.186s] -- Found rmw_implementation_cmake: 6.1.4 (/opt/ros/humble/share/rmw_implementation_cmake/cmake)
[0.187s] -- Found rmw_fastrtps_cpp: 6.2.10 (/opt/ros/humble/share/rmw_fastrtps_cpp/cmake)
[0.254s] -- Using RMW implementation 'rmw_fastrtps_cpp' as default
[0.278s] -- Found rosidl_default_generators: 1.2.1 (/opt/ros/humble/share/rosidl_default_generators/cmake)
[0.435s] -- Found ament_cmake_ros: 0.10.1 (/opt/ros/humble/share/ament_cmake_ros/cmake)
[0.619s] -- Using all available rosidl_typesupport_c: rosidl_typesupport_fastrtps_c;rosidl_typesupport_introspection_c
[0.691s] -- Using all available rosidl_typesupport_cpp: rosidl_typesupport_fastrtps_cpp;rosidl_typesupport_introspection_cpp
[0.704s] -- Found python_cmake_module: 0.10.0 (/opt/ros/humble/share/python_cmake_module/cmake)
[0.718s] -- Using PYTHON_EXECUTABLE: /usr/bin/python3
[0.718s] -- Using PYTHON_INCLUDE_DIRS: /usr/include/python3.10
[0.718s] -- Using PYTHON_LIBRARIES: /usr/lib/x86_64-linux-gnu/libpython3.10.so
[0.761s] -- Found ament_lint_auto: 0.12.15 (/opt/ros/humble/share/ament_lint_auto/cmake)
[0.766s] -- Added test 'cppcheck' to perform static code analysis on C / C++ code
[0.767s] -- Configured cppcheck include dirs: 
[0.767s] -- Configured cppcheck exclude dirs and/or files: 
[0.767s] -- Added test 'lint_cmake' to check CMake code style
[0.767s] -- Added test 'uncrustify' to check C / C++ code style
[0.768s] -- Configured uncrustify additional arguments: 
[0.768s] -- Added test 'xmllint' to check XML markup files
[0.769s] -- Configuring done
[0.792s] -- Generating done
[0.802s] -- Build files have been written to: /home/geoff/ros2_course_ws/build/example_package
[0.822s] [35m[1mConsolidate compiler generated dependencies of target example_package__rosidl_generator_c[0m
[0.822s] [35m[1mConsolidate compiler generated dependencies of target topic_publisher[0m
[0.828s] [  5%] Built target example_package__cpp
[0.828s] [  5%] Built target example_package__rs
[0.829s] [ 12%] Built target example_package__rosidl_generator_c
[0.832s] [ 17%] Built target topic_publisher
[0.834s] [ 17%] Built target ament_cmake_python_copy_example_package
[0.835s] [35m[1mConsolidate compiler generated dependencies of target example_package__rosidl_typesupport_fastrtps_cpp[0m
[0.835s] [35m[1mConsolidate compiler generated dependencies of target example_package__rosidl_typesupport_introspection_cpp[0m
[0.835s] [35m[1mConsolidate compiler generated dependencies of target example_package__rosidl_typesupport_cpp[0m
[0.835s] [35m[1mConsolidate compiler generated dependencies of target example_package__rosidl_typesupport_fastrtps_c[0m
[0.835s] [35m[1mConsolidate compiler generated dependencies of target example_package__rosidl_typesupport_c[0m
[0.835s] [35m[1mConsolidate compiler generated dependencies of target example_package__rosidl_typesupport_introspection_c[0m
[0.843s] [ 27%] Built target example_package__rosidl_typesupport_c
[0.843s] [ 37%] Built target example_package__rosidl_typesupport_fastrtps_cpp
[0.843s] [ 40%] Built target example_package__rosidl_typesupport_introspection_cpp
[0.843s] [ 50%] Built target example_package__rosidl_typesupport_introspection_c
[0.843s] [ 55%] Built target example_package__rosidl_typesupport_cpp
[0.843s] [ 62%] Built target example_package__rosidl_typesupport_fastrtps_c
[0.849s] [35m[1mConsolidate compiler generated dependencies of target service_advertiser[0m
[0.849s] [35m[1mConsolidate compiler generated dependencies of target timer_example[0m
[0.849s] [35m[1mConsolidate compiler generated dependencies of target service_client[0m
[0.856s] [ 62%] Built target example_package
[0.860s] [ 77%] Built target service_client
[0.860s] [ 77%] Built target timer_example
[0.860s] [ 77%] Built target service_advertiser
[0.869s] [ 80%] Built target example_package__py
[0.875s] [35m[1mConsolidate compiler generated dependencies of target example_package__rosidl_generator_py[0m
[0.883s] [ 85%] Built target example_package__rosidl_generator_py
[0.889s] [35m[1mConsolidate compiler generated dependencies of target example_package__rosidl_typesupport_c__pyext[0m
[0.889s] [35m[1mConsolidate compiler generated dependencies of target example_package__rosidl_typesupport_introspection_c__pyext[0m
[0.889s] [35m[1mConsolidate compiler generated dependencies of target example_package__rosidl_typesupport_fastrtps_c__pyext[0m
[0.898s] [100%] Built target example_package__rosidl_typesupport_fastrtps_c__pyext
[0.898s] [100%] Built target example_package__rosidl_typesupport_c__pyext
[0.898s] [100%] Built target example_package__rosidl_typesupport_introspection_c__pyext
[0.987s] running egg_info
[0.988s] writing example_package.egg-info/PKG-INFO
[0.988s] writing dependency_links to example_package.egg-info/dependency_links.txt
[0.988s] writing top-level names to example_package.egg-info/top_level.txt
[0.990s] reading manifest file 'example_package.egg-info/SOURCES.txt'
[0.990s] writing manifest file 'example_package.egg-info/SOURCES.txt'
[1.007s] [100%] Built target ament_cmake_python_build_example_package_egg
[1.015s] Invoked command in '/home/geoff/ros2_course_ws/build/example_package' returned '0': CMAKE_PREFIX_PATH=${CMAKE_PREFIX_PATH}:/home/geoff/turtlebot3_ws/install/turtlebot3_teleop:/opt/ros/humble /usr/bin/cmake --build /home/geoff/ros2_course_ws/build/example_package -- -j16 -l16
[1.016s] Invoking command in '/home/geoff/ros2_course_ws/build/example_package': CMAKE_PREFIX_PATH=${CMAKE_PREFIX_PATH}:/home/geoff/turtlebot3_ws/install/turtlebot3_teleop:/opt/ros/humble /usr/bin/cmake --install /home/geoff/ros2_course_ws/build/example_package
[1.022s] -- Install configuration: ""
[1.022s] -- Up-to-date: /home/geoff/ros2_course_ws/install/example_package/share/ament_index/resource_index/rosidl_interfaces/example_package
[1.022s] -- Up-to-date: /home/geoff/ros2_course_ws/install/example_package/include/example_package/example_package
[1.022s] -- Up-to-date: /home/geoff/ros2_course_ws/install/example_package/include/example_package/example_package/msg
[1.022s] -- Up-to-date: /home/geoff/ros2_course_ws/install/example_package/include/example_package/example_package/msg/rosidl_generator_c__visibility_control.h
[1.022s] -- Up-to-date: /home/geoff/ros2_course_ws/install/example_package/include/example_package/example_package/srv
[1.022s] -- Up-to-date: /home/geoff/ros2_course_ws/install/example_package/include/example_package/example_package/srv/detail
[1.022s] -- Up-to-date: /home/geoff/ros2_course_ws/install/example_package/include/example_package/example_package/srv/detail/adder__functions.c
[1.022s] -- Up-to-date: /home/geoff/ros2_course_ws/install/example_package/include/example_package/example_package/srv/detail/adder__functions.h
[1.022s] -- Up-to-date: /home/geoff/ros2_course_ws/install/example_package/include/example_package/example_package/srv/detail/adder__struct.h
[1.022s] -- Up-to-date: /home/geoff/ros2_course_ws/install/example_package/include/example_package/example_package/srv/detail/adder__type_support.h
[1.022s] -- Up-to-date: /home/geoff/ros2_course_ws/install/example_package/include/example_package/example_package/srv/adder.h
[1.022s] -- Up-to-date: /home/geoff/ros2_course_ws/install/example_package/share/example_package/environment/library_path.sh
[1.022s] -- Installing: /home/geoff/ros2_course_ws/install/example_package/share/example_package/environment/library_path.dsv
[1.022s] -- Up-to-date: /home/geoff/ros2_course_ws/install/example_package/lib/libexample_package__rosidl_generator_c.so
[1.022s] -- Up-to-date: /home/geoff/ros2_course_ws/install/example_package/include/example_package/example_package
[1.022s] -- Up-to-date: /home/geoff/ros2_course_ws/install/example_package/include/example_package/example_package/msg
[1.022s] -- Up-to-date: /home/geoff/ros2_course_ws/install/example_package/include/example_package/example_package/msg/rosidl_typesupport_fastrtps_c__visibility_control.h
[1.022s] -- Up-to-date: /home/geoff/ros2_course_ws/install/example_package/include/example_package/example_package/srv
[1.022s] -- Up-to-date: /home/geoff/ros2_course_ws/install/example_package/include/example_package/example_package/srv/detail
[1.023s] -- Up-to-date: /home/geoff/ros2_course_ws/install/example_package/include/example_package/example_package/srv/detail/adder__rosidl_typesupport_fastrtps_c.h
[1.023s] -- Up-to-date: /home/geoff/ros2_course_ws/install/example_package/lib/libexample_package__rosidl_typesupport_fastrtps_c.so
[1.023s] -- Up-to-date: /home/geoff/ros2_course_ws/install/example_package/include/example_package/example_package
[1.023s] -- Up-to-date: /home/geoff/ros2_course_ws/install/example_package/include/example_package/example_package/msg
[1.023s] -- Up-to-date: /home/geoff/ros2_course_ws/install/example_package/include/example_package/example_package/msg/rosidl_generator_cpp__visibility_control.hpp
[1.023s] -- Up-to-date: /home/geoff/ros2_course_ws/install/example_package/include/example_package/example_package/srv
[1.023s] -- Up-to-date: /home/geoff/ros2_course_ws/install/example_package/include/example_package/example_package/srv/detail
[1.023s] -- Up-to-date: /home/geoff/ros2_course_ws/install/example_package/include/example_package/example_package/srv/detail/adder__builder.hpp
[1.023s] -- Up-to-date: /home/geoff/ros2_course_ws/install/example_package/include/example_package/example_package/srv/detail/adder__traits.hpp
[1.023s] -- Up-to-date: /home/geoff/ros2_course_ws/install/example_package/include/example_package/example_package/srv/detail/adder__struct.hpp
[1.023s] -- Up-to-date: /home/geoff/ros2_course_ws/install/example_package/include/example_package/example_package/srv/detail/adder__type_support.hpp
[1.023s] -- Up-to-date: /home/geoff/ros2_course_ws/install/example_package/include/example_package/example_package/srv/adder.hpp
[1.023s] -- Up-to-date: /home/geoff/ros2_course_ws/install/example_package/include/example_package/example_package
[1.023s] -- Up-to-date: /home/geoff/ros2_course_ws/install/example_package/include/example_package/example_package/msg
[1.023s] -- Up-to-date: /home/geoff/ros2_course_ws/install/example_package/include/example_package/example_package/msg/rosidl_typesupport_fastrtps_cpp__visibility_control.h
[1.023s] -- Up-to-date: /home/geoff/ros2_course_ws/install/example_package/include/example_package/example_package/srv
[1.023s] -- Up-to-date: /home/geoff/ros2_course_ws/install/example_package/include/example_package/example_package/srv/detail
[1.023s] -- Up-to-date: /home/geoff/ros2_course_ws/install/example_package/include/example_package/example_package/srv/detail/dds_fastrtps
[1.023s] -- Up-to-date: /home/geoff/ros2_course_ws/install/example_package/include/example_package/example_package/srv/detail/adder__rosidl_typesupport_fastrtps_cpp.hpp
[1.023s] -- Up-to-date: /home/geoff/ros2_course_ws/install/example_package/lib/libexample_package__rosidl_typesupport_fastrtps_cpp.so
[1.023s] -- Up-to-date: /home/geoff/ros2_course_ws/install/example_package/include/example_package/example_package
[1.023s] -- Up-to-date: /home/geoff/ros2_course_ws/install/example_package/include/example_package/example_package/msg
[1.023s] -- Up-to-date: /home/geoff/ros2_course_ws/install/example_package/include/example_package/example_package/msg/rosidl_typesupport_introspection_c__visibility_control.h
[1.023s] -- Up-to-date: /home/geoff/ros2_course_ws/install/example_package/include/example_package/example_package/srv
[1.023s] -- Up-to-date: /home/geoff/ros2_course_ws/install/example_package/include/example_package/example_package/srv/detail
[1.023s] -- Up-to-date: /home/geoff/ros2_course_ws/install/example_package/include/example_package/example_package/srv/detail/adder__rosidl_typesupport_introspection_c.h
[1.023s] -- Up-to-date: /home/geoff/ros2_course_ws/install/example_package/include/example_package/example_package/srv/detail/adder__type_support.c
[1.024s] -- Up-to-date: /home/geoff/ros2_course_ws/install/example_package/lib/libexample_package__rosidl_typesupport_introspection_c.so
[1.024s] -- Up-to-date: /home/geoff/ros2_course_ws/install/example_package/lib/libexample_package__rosidl_typesupport_c.so
[1.024s] -- Up-to-date: /home/geoff/ros2_course_ws/install/example_package/include/example_package/example_package
[1.024s] -- Up-to-date: /home/geoff/ros2_course_ws/install/example_package/include/example_package/example_package/srv
[1.024s] -- Up-to-date: /home/geoff/ros2_course_ws/install/example_package/include/example_package/example_package/srv/detail
[1.024s] -- Up-to-date: /home/geoff/ros2_course_ws/install/example_package/include/example_package/example_package/srv/detail/adder__rosidl_typesupport_introspection_cpp.hpp
[1.024s] -- Up-to-date: /home/geoff/ros2_course_ws/install/example_package/include/example_package/example_package/srv/detail/adder__type_support.cpp
[1.024s] -- Up-to-date: /home/geoff/ros2_course_ws/install/example_package/lib/libexample_package__rosidl_typesupport_introspection_cpp.so
[1.024s] -- Up-to-date: /home/geoff/ros2_course_ws/install/example_package/lib/libexample_package__rosidl_typesupport_cpp.so
[1.024s] -- Up-to-date: /home/geoff/ros2_course_ws/install/example_package/share/example_package/environment/pythonpath.sh
[1.024s] -- Installing: /home/geoff/ros2_course_ws/install/example_package/share/example_package/environment/pythonpath.dsv
[1.024s] -- Up-to-date: /home/geoff/ros2_course_ws/install/example_package/local/lib/python3.10/dist-packages/example_package-0.0.0-py3.10.egg-info
[1.024s] -- Installing: /home/geoff/ros2_course_ws/install/example_package/local/lib/python3.10/dist-packages/example_package-0.0.0-py3.10.egg-info/PKG-INFO
[1.024s] -- Installing: /home/geoff/ros2_course_ws/install/example_package/local/lib/python3.10/dist-packages/example_package-0.0.0-py3.10.egg-info/SOURCES.txt
[1.024s] -- Installing: /home/geoff/ros2_course_ws/install/example_package/local/lib/python3.10/dist-packages/example_package-0.0.0-py3.10.egg-info/top_level.txt
[1.024s] -- Installing: /home/geoff/ros2_course_ws/install/example_package/local/lib/python3.10/dist-packages/example_package-0.0.0-py3.10.egg-info/dependency_links.txt
[1.024s] -- Up-to-date: /home/geoff/ros2_course_ws/install/example_package/local/lib/python3.10/dist-packages/example_package
[1.024s] -- Installing: /home/geoff/ros2_course_ws/install/example_package/local/lib/python3.10/dist-packages/example_package/__init__.py
[1.024s] -- Up-to-date: /home/geoff/ros2_course_ws/install/example_package/local/lib/python3.10/dist-packages/example_package/srv
[1.024s] -- Up-to-date: /home/geoff/ros2_course_ws/install/example_package/local/lib/python3.10/dist-packages/example_package/srv/__init__.py
[1.024s] -- Up-to-date: /home/geoff/ros2_course_ws/install/example_package/local/lib/python3.10/dist-packages/example_package/srv/_adder_s.c
[1.024s] -- Up-to-date: /home/geoff/ros2_course_ws/install/example_package/local/lib/python3.10/dist-packages/example_package/srv/_adder.py
[1.024s] -- Up-to-date: /home/geoff/ros2_course_ws/install/example_package/local/lib/python3.10/dist-packages/example_package/_example_package_s.ep.rosidl_typesupport_fastrtps_c.c
[1.024s] -- Up-to-date: /home/geoff/ros2_course_ws/install/example_package/local/lib/python3.10/dist-packages/example_package/example_package_s__rosidl_typesupport_fastrtps_c.cpython-310-x86_64-linux-gnu.so
[1.024s] -- Up-to-date: /home/geoff/ros2_course_ws/install/example_package/local/lib/python3.10/dist-packages/example_package/example_package_s__rosidl_typesupport_introspection_c.cpython-310-x86_64-linux-gnu.so
[1.024s] -- Up-to-date: /home/geoff/ros2_course_ws/install/example_package/local/lib/python3.10/dist-packages/example_package/_example_package_s.ep.rosidl_typesupport_c.c
[1.024s] -- Up-to-date: /home/geoff/ros2_course_ws/install/example_package/local/lib/python3.10/dist-packages/example_package/_example_package_s.ep.rosidl_typesupport_introspection_c.c
[1.024s] -- Up-to-date: /home/geoff/ros2_course_ws/install/example_package/local/lib/python3.10/dist-packages/example_package/libexample_package__rosidl_generator_py.so
[1.024s] -- Up-to-date: /home/geoff/ros2_course_ws/install/example_package/local/lib/python3.10/dist-packages/example_package/example_package_s__rosidl_typesupport_c.cpython-310-x86_64-linux-gnu.so
[1.044s] Listing '/home/geoff/ros2_course_ws/install/example_package/local/lib/python3.10/dist-packages/example_package'...
[1.045s] Compiling '/home/geoff/ros2_course_ws/install/example_package/local/lib/python3.10/dist-packages/example_package/__init__.py'...
[1.045s] Listing '/home/geoff/ros2_course_ws/install/example_package/local/lib/python3.10/dist-packages/example_package/srv'...
[1.047s] -- Up-to-date: /home/geoff/ros2_course_ws/install/example_package/local/lib/python3.10/dist-packages/example_package/example_package_s__rosidl_typesupport_fastrtps_c.cpython-310-x86_64-linux-gnu.so
[1.047s] -- Up-to-date: /home/geoff/ros2_course_ws/install/example_package/local/lib/python3.10/dist-packages/example_package/example_package_s__rosidl_typesupport_introspection_c.cpython-310-x86_64-linux-gnu.so
[1.047s] -- Up-to-date: /home/geoff/ros2_course_ws/install/example_package/local/lib/python3.10/dist-packages/example_package/example_package_s__rosidl_typesupport_c.cpython-310-x86_64-linux-gnu.so
[1.048s] -- Up-to-date: /home/geoff/ros2_course_ws/install/example_package/lib/libexample_package__rosidl_generator_py.so
[1.048s] -- Up-to-date: /home/geoff/ros2_course_ws/install/example_package/share/example_package/rust
[1.048s] -- Up-to-date: /home/geoff/ros2_course_ws/install/example_package/share/example_package/rust/build.rs
[1.048s] -- Up-to-date: /home/geoff/ros2_course_ws/install/example_package/share/example_package/rust/src
[1.048s] -- Up-to-date: /home/geoff/ros2_course_ws/install/example_package/share/example_package/rust/src/lib.rs
[1.048s] -- Up-to-date: /home/geoff/ros2_course_ws/install/example_package/share/example_package/rust/src/srv
[1.048s] -- Up-to-date: /home/geoff/ros2_course_ws/install/example_package/share/example_package/rust/src/srv/rmw.rs
[1.048s] -- Up-to-date: /home/geoff/ros2_course_ws/install/example_package/share/example_package/rust/src/srv.rs
[1.048s] -- Up-to-date: /home/geoff/ros2_course_ws/install/example_package/share/example_package/rust/Cargo.toml
[1.048s] -- Up-to-date: /home/geoff/ros2_course_ws/install/example_package/share/example_package/srv/Adder.idl
[1.048s] -- Up-to-date: /home/geoff/ros2_course_ws/install/example_package/share/example_package/srv/Adder.srv
[1.048s] -- Up-to-date: /home/geoff/ros2_course_ws/install/example_package/share/example_package/srv/Adder_Request.msg
[1.048s] -- Up-to-date: /home/geoff/ros2_course_ws/install/example_package/share/example_package/srv/Adder_Response.msg
[1.048s] -- Up-to-date: /home/geoff/ros2_course_ws/install/example_package/lib/example_package/topic_publisher
[1.048s] -- Up-to-date: /home/geoff/ros2_course_ws/install/example_package/lib/example_package/service_advertiser
[1.048s] -- Up-to-date: /home/geoff/ros2_course_ws/install/example_package/lib/example_package/service_client
[1.048s] -- Up-to-date: /home/geoff/ros2_course_ws/install/example_package/lib/example_package/timer_example
[1.048s] -- Installing: /home/geoff/ros2_course_ws/install/example_package/share/example_package//launch
[1.048s] -- Installing: /home/geoff/ros2_course_ws/install/example_package/share/example_package//launch/launch_file_example.xml
[1.048s] -- Installing: /home/geoff/ros2_course_ws/install/example_package/share/ament_index/resource_index/package_run_dependencies/example_package
[1.049s] -- Installing: /home/geoff/ros2_course_ws/install/example_package/share/ament_index/resource_index/parent_prefix_path/example_package
[1.049s] -- Installing: /home/geoff/ros2_course_ws/install/example_package/share/example_package/environment/ament_prefix_path.sh
[1.049s] -- Installing: /home/geoff/ros2_course_ws/install/example_package/share/example_package/environment/ament_prefix_path.dsv
[1.049s] -- Installing: /home/geoff/ros2_course_ws/install/example_package/share/example_package/environment/path.sh
[1.049s] -- Installing: /home/geoff/ros2_course_ws/install/example_package/share/example_package/environment/path.dsv
[1.049s] -- Installing: /home/geoff/ros2_course_ws/install/example_package/share/example_package/local_setup.bash
[1.049s] -- Installing: /home/geoff/ros2_course_ws/install/example_package/share/example_package/local_setup.sh
[1.049s] -- Installing: /home/geoff/ros2_course_ws/install/example_package/share/example_package/local_setup.zsh
[1.049s] -- Installing: /home/geoff/ros2_course_ws/install/example_package/share/example_package/local_setup.dsv
[1.049s] -- Installing: /home/geoff/ros2_course_ws/install/example_package/share/example_package/package.dsv
[1.049s] -- Installing: /home/geoff/ros2_course_ws/install/example_package/share/ament_index/resource_index/packages/example_package
[1.049s] -- Installing: /home/geoff/ros2_course_ws/install/example_package/share/example_package/cmake/export_example_package__rosidl_generator_cExport.cmake
[1.049s] -- Installing: /home/geoff/ros2_course_ws/install/example_package/share/example_package/cmake/export_example_package__rosidl_generator_cExport-noconfig.cmake
[1.049s] -- Installing: /home/geoff/ros2_course_ws/install/example_package/share/example_package/cmake/export_example_package__rosidl_typesupport_fastrtps_cExport.cmake
[1.049s] -- Installing: /home/geoff/ros2_course_ws/install/example_package/share/example_package/cmake/export_example_package__rosidl_typesupport_fastrtps_cExport-noconfig.cmake
[1.050s] -- Installing: /home/geoff/ros2_course_ws/install/example_package/share/example_package/cmake/export_example_package__rosidl_generator_cppExport.cmake
[1.050s] -- Installing: /home/geoff/ros2_course_ws/install/example_package/share/example_package/cmake/export_example_package__rosidl_typesupport_fastrtps_cppExport.cmake
[1.050s] -- Installing: /home/geoff/ros2_course_ws/install/example_package/share/example_package/cmake/export_example_package__rosidl_typesupport_fastrtps_cppExport-noconfig.cmake
[1.050s] -- Installing: /home/geoff/ros2_course_ws/install/example_package/share/example_package/cmake/example_package__rosidl_typesupport_introspection_cExport.cmake
[1.050s] -- Installing: /home/geoff/ros2_course_ws/install/example_package/share/example_package/cmake/example_package__rosidl_typesupport_introspection_cExport-noconfig.cmake
[1.050s] -- Installing: /home/geoff/ros2_course_ws/install/example_package/share/example_package/cmake/example_package__rosidl_typesupport_cExport.cmake
[1.050s] -- Installing: /home/geoff/ros2_course_ws/install/example_package/share/example_package/cmake/example_package__rosidl_typesupport_cExport-noconfig.cmake
[1.050s] -- Installing: /home/geoff/ros2_course_ws/install/example_package/share/example_package/cmake/example_package__rosidl_typesupport_introspection_cppExport.cmake
[1.050s] -- Installing: /home/geoff/ros2_course_ws/install/example_package/share/example_package/cmake/example_package__rosidl_typesupport_introspection_cppExport-noconfig.cmake
[1.050s] -- Installing: /home/geoff/ros2_course_ws/install/example_package/share/example_package/cmake/example_package__rosidl_typesupport_cppExport.cmake
[1.050s] -- Installing: /home/geoff/ros2_course_ws/install/example_package/share/example_package/cmake/example_package__rosidl_typesupport_cppExport-noconfig.cmake
[1.050s] -- Installing: /home/geoff/ros2_course_ws/install/example_package/share/example_package/cmake/export_example_package__rosidl_generator_pyExport.cmake
[1.050s] -- Installing: /home/geoff/ros2_course_ws/install/example_package/share/example_package/cmake/export_example_package__rosidl_generator_pyExport-noconfig.cmake
[1.050s] -- Installing: /home/geoff/ros2_course_ws/install/example_package/share/example_package/cmake/rosidl_cmake-extras.cmake
[1.050s] -- Installing: /home/geoff/ros2_course_ws/install/example_package/share/example_package/cmake/ament_cmake_export_include_directories-extras.cmake
[1.051s] -- Installing: /home/geoff/ros2_course_ws/install/example_package/share/example_package/cmake/ament_cmake_export_libraries-extras.cmake
[1.051s] -- Installing: /home/geoff/ros2_course_ws/install/example_package/share/example_package/cmake/ament_cmake_export_targets-extras.cmake
[1.051s] -- Installing: /home/geoff/ros2_course_ws/install/example_package/share/example_package/cmake/rosidl_cmake_export_typesupport_targets-extras.cmake
[1.051s] -- Installing: /home/geoff/ros2_course_ws/install/example_package/share/example_package/cmake/ament_cmake_export_dependencies-extras.cmake
[1.051s] -- Installing: /home/geoff/ros2_course_ws/install/example_package/share/example_package/cmake/rosidl_cmake_export_typesupport_libraries-extras.cmake
[1.051s] -- Installing: /home/geoff/ros2_course_ws/install/example_package/share/example_package/cmake/rosidl_cmake_aggregate_target-extras.cmake
[1.051s] -- Installing: /home/geoff/ros2_course_ws/install/example_package/share/example_package/cmake/example_packageConfig.cmake
[1.051s] -- Installing: /home/geoff/ros2_course_ws/install/example_package/share/example_package/cmake/example_packageConfig-version.cmake
[1.051s] -- Installing: /home/geoff/ros2_course_ws/install/example_package/share/example_package/package.xml
[1.053s] Invoked command in '/home/geoff/ros2_course_ws/build/example_package' returned '0': CMAKE_PREFIX_PATH=${CMAKE_PREFIX_PATH}:/home/geoff/turtlebot3_ws/install/turtlebot3_teleop:/opt/ros/humble /usr/bin/cmake --install /home/geoff/ros2_course_ws/build/example_package
