[0.066s] DEBUG:colcon:Command line arguments: ['/usr/bin/colcon', 'build']
[0.066s] DEBUG:colcon:Parsed command line arguments: Namespace(log_base=None, log_level=None, verb_name='build', build_base='build', install_base='install', merge_install=False, symlink_install=False, test_result_base=None, continue_on_error=False, executor='parallel', parallel_workers=16, event_handlers=None, ignore_user_meta=False, metas=['./colcon.meta'], base_paths=['.'], packages_ignore=None, packages_ignore_regex=None, paths=None, packages_up_to=None, packages_up_to_regex=None, packages_above=None, packages_above_and_dependencies=None, packages_above_depth=None, packages_select_by_dep=None, packages_skip_by_dep=None, packages_skip_up_to=None, packages_select_build_failed=False, packages_skip_build_finished=False, packages_select_test_failures=False, packages_skip_test_passed=False, packages_select=None, packages_skip=None, packages_select_regex=None, packages_skip_regex=None, packages_start=None, packages_end=None, allow_overriding=[], cmake_args=None, cmake_target=None, cmake_target_skip_unavailable=False, cmake_clean_cache=False, cmake_clean_first=False, cmake_force_configure=False, ament_cmake_args=None, catkin_cmake_args=None, catkin_skip_building_tests=False, mixin_files=None, mixin=None, verb_parser=<colcon_mixin.mixin.mixin_argument.MixinArgumentDecorator object at 0x7273ad48c250>, verb_extension=<colcon_core.verb.build.BuildVerb object at 0x7273ad463c40>, main=<bound method BuildVerb.main of <colcon_core.verb.build.BuildVerb object at 0x7273ad463c40>>, mixin_verb=('build',))
[0.166s] Level 1:colcon.colcon_core.package_discovery:discover_packages(colcon_meta) check parameters
[0.166s] Level 1:colcon.colcon_core.package_discovery:discover_packages(recursive) check parameters
[0.166s] Level 1:colcon.colcon_core.package_discovery:discover_packages(ignore) check parameters
[0.166s] Level 1:colcon.colcon_core.package_discovery:discover_packages(path) check parameters
[0.166s] Level 1:colcon.colcon_core.package_discovery:discover_packages(colcon_meta) discover
[0.166s] Level 1:colcon.colcon_core.package_discovery:discover_packages(recursive) discover
[0.166s] INFO:colcon.colcon_core.package_discovery:Crawling recursively for packages in '/home/geoff/ros2_course_ws'
[0.166s] Level 1:colcon.colcon_core.package_identification:_identify(.) by extensions ['ignore', 'ignore_ament_install']
[0.166s] Level 1:colcon.colcon_core.package_identification:_identify(.) by extension 'ignore'
[0.166s] Level 1:colcon.colcon_core.package_identification:_identify(.) by extension 'ignore_ament_install'
[0.166s] Level 1:colcon.colcon_core.package_identification:_identify(.) by extensions ['colcon_pkg']
[0.166s] Level 1:colcon.colcon_core.package_identification:_identify(.) by extension 'colcon_pkg'
[0.166s] Level 1:colcon.colcon_core.package_identification:_identify(.) by extensions ['colcon_meta']
[0.166s] Level 1:colcon.colcon_core.package_identification:_identify(.) by extension 'colcon_meta'
[0.166s] Level 1:colcon.colcon_core.package_identification:_identify(.) by extensions ['ros']
[0.166s] Level 1:colcon.colcon_core.package_identification:_identify(.) by extension 'ros'
[0.173s] Level 1:colcon.colcon_core.package_identification:_identify(.) by extensions ['cmake', 'python']
[0.173s] Level 1:colcon.colcon_core.package_identification:_identify(.) by extension 'cmake'
[0.173s] Level 1:colcon.colcon_core.package_identification:_identify(.) by extension 'python'
[0.173s] Level 1:colcon.colcon_core.package_identification:_identify(.) by extensions ['python_setup_py']
[0.173s] Level 1:colcon.colcon_core.package_identification:_identify(.) by extension 'python_setup_py'
[0.173s] Level 1:colcon.colcon_core.package_identification:_identify(build) by extensions ['ignore', 'ignore_ament_install']
[0.173s] Level 1:colcon.colcon_core.package_identification:_identify(build) by extension 'ignore'
[0.173s] Level 1:colcon.colcon_core.package_identification:_identify(build) ignored
[0.173s] Level 1:colcon.colcon_core.package_identification:_identify(install) by extensions ['ignore', 'ignore_ament_install']
[0.173s] Level 1:colcon.colcon_core.package_identification:_identify(install) by extension 'ignore'
[0.173s] Level 1:colcon.colcon_core.package_identification:_identify(install) ignored
[0.173s] Level 1:colcon.colcon_core.package_identification:_identify(log) by extensions ['ignore', 'ignore_ament_install']
[0.173s] Level 1:colcon.colcon_core.package_identification:_identify(log) by extension 'ignore'
[0.173s] Level 1:colcon.colcon_core.package_identification:_identify(log) ignored
[0.173s] Level 1:colcon.colcon_core.package_identification:_identify(src) by extensions ['ignore', 'ignore_ament_install']
[0.174s] Level 1:colcon.colcon_core.package_identification:_identify(src) by extension 'ignore'
[0.174s] Level 1:colcon.colcon_core.package_identification:_identify(src) by extension 'ignore_ament_install'
[0.174s] Level 1:colcon.colcon_core.package_identification:_identify(src) by extensions ['colcon_pkg']
[0.174s] Level 1:colcon.colcon_core.package_identification:_identify(src) by extension 'colcon_pkg'
[0.174s] Level 1:colcon.colcon_core.package_identification:_identify(src) by extensions ['colcon_meta']
[0.174s] Level 1:colcon.colcon_core.package_identification:_identify(src) by extension 'colcon_meta'
[0.174s] Level 1:colcon.colcon_core.package_identification:_identify(src) by extensions ['ros']
[0.174s] Level 1:colcon.colcon_core.package_identification:_identify(src) by extension 'ros'
[0.174s] Level 1:colcon.colcon_core.package_identification:_identify(src) by extensions ['cmake', 'python']
[0.174s] Level 1:colcon.colcon_core.package_identification:_identify(src) by extension 'cmake'
[0.174s] Level 1:colcon.colcon_core.package_identification:_identify(src) by extension 'python'
[0.174s] Level 1:colcon.colcon_core.package_identification:_identify(src) by extensions ['python_setup_py']
[0.174s] Level 1:colcon.colcon_core.package_identification:_identify(src) by extension 'python_setup_py'
[0.174s] Level 1:colcon.colcon_core.package_identification:_identify(src/cpp-basics) by extensions ['ignore', 'ignore_ament_install']
[0.174s] Level 1:colcon.colcon_core.package_identification:_identify(src/cpp-basics) by extension 'ignore'
[0.174s] Level 1:colcon.colcon_core.package_identification:_identify(src/cpp-basics) by extension 'ignore_ament_install'
[0.174s] Level 1:colcon.colcon_core.package_identification:_identify(src/cpp-basics) by extensions ['colcon_pkg']
[0.174s] Level 1:colcon.colcon_core.package_identification:_identify(src/cpp-basics) by extension 'colcon_pkg'
[0.174s] Level 1:colcon.colcon_core.package_identification:_identify(src/cpp-basics) by extensions ['colcon_meta']
[0.174s] Level 1:colcon.colcon_core.package_identification:_identify(src/cpp-basics) by extension 'colcon_meta'
[0.174s] Level 1:colcon.colcon_core.package_identification:_identify(src/cpp-basics) by extensions ['ros']
[0.174s] Level 1:colcon.colcon_core.package_identification:_identify(src/cpp-basics) by extension 'ros'
[0.174s] Level 1:colcon.colcon_core.package_identification:_identify(src/cpp-basics) by extensions ['cmake', 'python']
[0.174s] Level 1:colcon.colcon_core.package_identification:_identify(src/cpp-basics) by extension 'cmake'
[0.174s] Level 1:colcon.colcon_core.package_identification:_identify(src/cpp-basics) by extension 'python'
[0.174s] Level 1:colcon.colcon_core.package_identification:_identify(src/cpp-basics) by extensions ['python_setup_py']
[0.174s] Level 1:colcon.colcon_core.package_identification:_identify(src/cpp-basics) by extension 'python_setup_py'
[0.174s] Level 1:colcon.colcon_core.package_identification:_identify(src/cpp-basics/demo1) by extensions ['ignore', 'ignore_ament_install']
[0.174s] Level 1:colcon.colcon_core.package_identification:_identify(src/cpp-basics/demo1) by extension 'ignore'
[0.174s] Level 1:colcon.colcon_core.package_identification:_identify(src/cpp-basics/demo1) by extension 'ignore_ament_install'
[0.174s] Level 1:colcon.colcon_core.package_identification:_identify(src/cpp-basics/demo1) by extensions ['colcon_pkg']
[0.174s] Level 1:colcon.colcon_core.package_identification:_identify(src/cpp-basics/demo1) by extension 'colcon_pkg'
[0.174s] Level 1:colcon.colcon_core.package_identification:_identify(src/cpp-basics/demo1) by extensions ['colcon_meta']
[0.174s] Level 1:colcon.colcon_core.package_identification:_identify(src/cpp-basics/demo1) by extension 'colcon_meta'
[0.174s] Level 1:colcon.colcon_core.package_identification:_identify(src/cpp-basics/demo1) by extensions ['ros']
[0.174s] Level 1:colcon.colcon_core.package_identification:_identify(src/cpp-basics/demo1) by extension 'ros'
[0.174s] Level 1:colcon.colcon_core.package_identification:_identify(src/cpp-basics/demo1) by extensions ['cmake', 'python']
[0.174s] Level 1:colcon.colcon_core.package_identification:_identify(src/cpp-basics/demo1) by extension 'cmake'
[0.175s] Level 1:colcon.colcon_core.package_identification:_identify(src/cpp-basics/demo1) by extension 'python'
[0.175s] Level 1:colcon.colcon_core.package_identification:_identify(src/cpp-basics/demo1) by extensions ['python_setup_py']
[0.175s] Level 1:colcon.colcon_core.package_identification:_identify(src/cpp-basics/demo1) by extension 'python_setup_py'
[0.175s] Level 1:colcon.colcon_core.package_identification:_identify(src/cpp-basics/demo2) by extensions ['ignore', 'ignore_ament_install']
[0.175s] Level 1:colcon.colcon_core.package_identification:_identify(src/cpp-basics/demo2) by extension 'ignore'
[0.175s] Level 1:colcon.colcon_core.package_identification:_identify(src/cpp-basics/demo2) by extension 'ignore_ament_install'
[0.175s] Level 1:colcon.colcon_core.package_identification:_identify(src/cpp-basics/demo2) by extensions ['colcon_pkg']
[0.175s] Level 1:colcon.colcon_core.package_identification:_identify(src/cpp-basics/demo2) by extension 'colcon_pkg'
[0.175s] Level 1:colcon.colcon_core.package_identification:_identify(src/cpp-basics/demo2) by extensions ['colcon_meta']
[0.175s] Level 1:colcon.colcon_core.package_identification:_identify(src/cpp-basics/demo2) by extension 'colcon_meta'
[0.175s] Level 1:colcon.colcon_core.package_identification:_identify(src/cpp-basics/demo2) by extensions ['ros']
[0.175s] Level 1:colcon.colcon_core.package_identification:_identify(src/cpp-basics/demo2) by extension 'ros'
[0.175s] Level 1:colcon.colcon_core.package_identification:_identify(src/cpp-basics/demo2) by extensions ['cmake', 'python']
[0.175s] Level 1:colcon.colcon_core.package_identification:_identify(src/cpp-basics/demo2) by extension 'cmake'
[0.175s] Level 1:colcon.colcon_core.package_identification:_identify(src/cpp-basics/demo2) by extension 'python'
[0.175s] Level 1:colcon.colcon_core.package_identification:_identify(src/cpp-basics/demo2) by extensions ['python_setup_py']
[0.175s] Level 1:colcon.colcon_core.package_identification:_identify(src/cpp-basics/demo2) by extension 'python_setup_py'
[0.175s] Level 1:colcon.colcon_core.package_identification:_identify(src/example_package) by extensions ['ignore', 'ignore_ament_install']
[0.175s] Level 1:colcon.colcon_core.package_identification:_identify(src/example_package) by extension 'ignore'
[0.175s] Level 1:colcon.colcon_core.package_identification:_identify(src/example_package) by extension 'ignore_ament_install'
[0.175s] Level 1:colcon.colcon_core.package_identification:_identify(src/example_package) by extensions ['colcon_pkg']
[0.175s] Level 1:colcon.colcon_core.package_identification:_identify(src/example_package) by extension 'colcon_pkg'
[0.175s] Level 1:colcon.colcon_core.package_identification:_identify(src/example_package) by extensions ['colcon_meta']
[0.175s] Level 1:colcon.colcon_core.package_identification:_identify(src/example_package) by extension 'colcon_meta'
[0.175s] Level 1:colcon.colcon_core.package_identification:_identify(src/example_package) by extensions ['ros']
[0.175s] Level 1:colcon.colcon_core.package_identification:_identify(src/example_package) by extension 'ros'
[0.177s] DEBUG:colcon.colcon_core.package_identification:Package 'src/example_package' with type 'ros.ament_cmake' and name 'example_package'
[0.177s] Level 1:colcon.colcon_core.package_identification:_identify(src/practice_package) by extensions ['ignore', 'ignore_ament_install']
[0.177s] Level 1:colcon.colcon_core.package_identification:_identify(src/practice_package) by extension 'ignore'
[0.177s] Level 1:colcon.colcon_core.package_identification:_identify(src/practice_package) by extension 'ignore_ament_install'
[0.177s] Level 1:colcon.colcon_core.package_identification:_identify(src/practice_package) by extensions ['colcon_pkg']
[0.177s] Level 1:colcon.colcon_core.package_identification:_identify(src/practice_package) by extension 'colcon_pkg'
[0.177s] Level 1:colcon.colcon_core.package_identification:_identify(src/practice_package) by extensions ['colcon_meta']
[0.177s] Level 1:colcon.colcon_core.package_identification:_identify(src/practice_package) by extension 'colcon_meta'
[0.177s] Level 1:colcon.colcon_core.package_identification:_identify(src/practice_package) by extensions ['ros']
[0.177s] Level 1:colcon.colcon_core.package_identification:_identify(src/practice_package) by extension 'ros'
[0.177s] DEBUG:colcon.colcon_core.package_identification:Package 'src/practice_package' with type 'ros.ament_cmake' and name 'practice_package'
[0.177s] Level 1:colcon.colcon_core.package_discovery:discover_packages(recursive) using defaults
[0.177s] Level 1:colcon.colcon_core.package_discovery:discover_packages(ignore) discover
[0.177s] Level 1:colcon.colcon_core.package_discovery:discover_packages(ignore) using defaults
[0.177s] Level 1:colcon.colcon_core.package_discovery:discover_packages(path) discover
[0.177s] Level 1:colcon.colcon_core.package_discovery:discover_packages(path) using defaults
[0.196s] Level 1:colcon.colcon_core.package_discovery:discover_packages(prefix_path) check parameters
[0.196s] Level 1:colcon.colcon_core.package_discovery:discover_packages(prefix_path) discover
[0.197s] DEBUG:colcon.colcon_installed_package_information.package_discovery:Found 10 installed packages in /home/geoff/turtlebot3_ws/install
[0.198s] DEBUG:colcon.colcon_installed_package_information.package_discovery:Found 2 installed packages in /home/geoff/ros2_course_ws/install
[0.199s] DEBUG:colcon.colcon_installed_package_information.package_discovery:Found 366 installed packages in /opt/ros/humble
[0.200s] Level 1:colcon.colcon_core.package_discovery:discover_packages(prefix_path) using defaults
[0.228s] Level 5:colcon.colcon_core.verb:set package 'example_package' build argument 'cmake_args' from command line to 'None'
[0.228s] Level 5:colcon.colcon_core.verb:set package 'example_package' build argument 'cmake_target' from command line to 'None'
[0.228s] Level 5:colcon.colcon_core.verb:set package 'example_package' build argument 'cmake_target_skip_unavailable' from command line to 'False'
[0.228s] Level 5:colcon.colcon_core.verb:set package 'example_package' build argument 'cmake_clean_cache' from command line to 'False'
[0.228s] Level 5:colcon.colcon_core.verb:set package 'example_package' build argument 'cmake_clean_first' from command line to 'False'
[0.228s] Level 5:colcon.colcon_core.verb:set package 'example_package' build argument 'cmake_force_configure' from command line to 'False'
[0.228s] Level 5:colcon.colcon_core.verb:set package 'example_package' build argument 'ament_cmake_args' from command line to 'None'
[0.229s] Level 5:colcon.colcon_core.verb:set package 'example_package' build argument 'catkin_cmake_args' from command line to 'None'
[0.229s] Level 5:colcon.colcon_core.verb:set package 'example_package' build argument 'catkin_skip_building_tests' from command line to 'False'
[0.229s] DEBUG:colcon.colcon_core.verb:Building package 'example_package' with the following arguments: {'ament_cmake_args': None, 'build_base': '/home/geoff/ros2_course_ws/build/example_package', 'catkin_cmake_args': None, 'catkin_skip_building_tests': False, 'cmake_args': None, 'cmake_clean_cache': False, 'cmake_clean_first': False, 'cmake_force_configure': False, 'cmake_target': None, 'cmake_target_skip_unavailable': False, 'install_base': '/home/geoff/ros2_course_ws/install/example_package', 'merge_install': False, 'path': '/home/geoff/ros2_course_ws/src/example_package', 'symlink_install': False, 'test_result_base': None}
[0.229s] Level 5:colcon.colcon_core.verb:set package 'practice_package' build argument 'cmake_args' from command line to 'None'
[0.229s] Level 5:colcon.colcon_core.verb:set package 'practice_package' build argument 'cmake_target' from command line to 'None'
[0.229s] Level 5:colcon.colcon_core.verb:set package 'practice_package' build argument 'cmake_target_skip_unavailable' from command line to 'False'
[0.229s] Level 5:colcon.colcon_core.verb:set package 'practice_package' build argument 'cmake_clean_cache' from command line to 'False'
[0.229s] Level 5:colcon.colcon_core.verb:set package 'practice_package' build argument 'cmake_clean_first' from command line to 'False'
[0.229s] Level 5:colcon.colcon_core.verb:set package 'practice_package' build argument 'cmake_force_configure' from command line to 'False'
[0.229s] Level 5:colcon.colcon_core.verb:set package 'practice_package' build argument 'ament_cmake_args' from command line to 'None'
[0.229s] Level 5:colcon.colcon_core.verb:set package 'practice_package' build argument 'catkin_cmake_args' from command line to 'None'
[0.229s] Level 5:colcon.colcon_core.verb:set package 'practice_package' build argument 'catkin_skip_building_tests' from command line to 'False'
[0.229s] DEBUG:colcon.colcon_core.verb:Building package 'practice_package' with the following arguments: {'ament_cmake_args': None, 'build_base': '/home/geoff/ros2_course_ws/build/practice_package', 'catkin_cmake_args': None, 'catkin_skip_building_tests': False, 'cmake_args': None, 'cmake_clean_cache': False, 'cmake_clean_first': False, 'cmake_force_configure': False, 'cmake_target': None, 'cmake_target_skip_unavailable': False, 'install_base': '/home/geoff/ros2_course_ws/install/practice_package', 'merge_install': False, 'path': '/home/geoff/ros2_course_ws/src/practice_package', 'symlink_install': False, 'test_result_base': None}
[0.229s] INFO:colcon.colcon_core.executor:Executing jobs using 'parallel' executor
[0.230s] DEBUG:colcon.colcon_parallel_executor.executor.parallel:run_until_complete
[0.230s] INFO:colcon.colcon_ros.task.ament_cmake.build:Building ROS package in '/home/geoff/ros2_course_ws/src/example_package' with build type 'ament_cmake'
[0.230s] INFO:colcon.colcon_cmake.task.cmake.build:Building CMake package in '/home/geoff/ros2_course_ws/src/example_package'
[0.231s] INFO:colcon.colcon_core.plugin_system:Skipping extension 'colcon_core.shell.bat': Not used on non-Windows systems
[0.232s] INFO:colcon.colcon_core.shell:Skip shell extension 'powershell' for command environment: Not usable outside of PowerShell
[0.232s] DEBUG:colcon.colcon_core.shell:Skip shell extension 'dsv' for command environment
[0.234s] INFO:colcon.colcon_ros.task.ament_cmake.build:Building ROS package in '/home/geoff/ros2_course_ws/src/practice_package' with build type 'ament_cmake'
[0.234s] INFO:colcon.colcon_cmake.task.cmake.build:Building CMake package in '/home/geoff/ros2_course_ws/src/practice_package'
[0.235s] INFO:colcon.colcon_core.shell:Skip shell extension 'powershell' for command environment: Not usable outside of PowerShell
[0.235s] DEBUG:colcon.colcon_core.shell:Skip shell extension 'dsv' for command environment
[0.240s] DEBUG:colcon.colcon_core.event_handler.log_command:Invoking command in '/home/geoff/ros2_course_ws/build/example_package': CMAKE_PREFIX_PATH=${CMAKE_PREFIX_PATH}:/home/geoff/turtlebot3_ws/install/turtlebot3_teleop:/home/geoff/turtlebot3_ws/install/turtlebot3_example:/opt/ros/humble /usr/bin/cmake --build /home/geoff/ros2_course_ws/build/example_package -- -j16 -l16
[0.242s] DEBUG:colcon.colcon_core.event_handler.log_command:Invoking command in '/home/geoff/ros2_course_ws/build/practice_package': CMAKE_PREFIX_PATH=${CMAKE_PREFIX_PATH}:/home/geoff/turtlebot3_ws/install/turtlebot3_teleop:/home/geoff/turtlebot3_ws/install/turtlebot3_example:/opt/ros/humble /usr/bin/cmake --build /home/geoff/ros2_course_ws/build/practice_package -- -j16 -l16
[0.267s] DEBUG:colcon.colcon_core.event_handler.log_command:Invoked command in '/home/geoff/ros2_course_ws/build/practice_package' returned '0': CMAKE_PREFIX_PATH=${CMAKE_PREFIX_PATH}:/home/geoff/turtlebot3_ws/install/turtlebot3_teleop:/home/geoff/turtlebot3_ws/install/turtlebot3_example:/opt/ros/humble /usr/bin/cmake --build /home/geoff/ros2_course_ws/build/practice_package -- -j16 -l16
[0.277s] DEBUG:colcon.colcon_core.event_handler.log_command:Invoking command in '/home/geoff/ros2_course_ws/build/practice_package': CMAKE_PREFIX_PATH=${CMAKE_PREFIX_PATH}:/home/geoff/turtlebot3_ws/install/turtlebot3_teleop:/home/geoff/turtlebot3_ws/install/turtlebot3_example:/opt/ros/humble /usr/bin/cmake --install /home/geoff/ros2_course_ws/build/practice_package
[0.287s] Level 1:colcon.colcon_core.environment:create_environment_scripts_only(practice_package)
[0.288s] DEBUG:colcon.colcon_core.event_handler.log_command:Invoked command in '/home/geoff/ros2_course_ws/build/practice_package' returned '0': CMAKE_PREFIX_PATH=${CMAKE_PREFIX_PATH}:/home/geoff/turtlebot3_ws/install/turtlebot3_teleop:/home/geoff/turtlebot3_ws/install/turtlebot3_example:/opt/ros/humble /usr/bin/cmake --install /home/geoff/ros2_course_ws/build/practice_package
[0.292s] Level 1:colcon.colcon_core.environment:checking '/home/geoff/ros2_course_ws/install/practice_package' for CMake module files
[0.292s] Level 1:colcon.colcon_core.environment:checking '/home/geoff/ros2_course_ws/install/practice_package' for CMake config files
[0.292s] Level 1:colcon.colcon_core.shell:create_environment_hook('practice_package', 'cmake_prefix_path')
[0.292s] INFO:colcon.colcon_core.shell:Creating environment hook '/home/geoff/ros2_course_ws/install/practice_package/share/practice_package/hook/cmake_prefix_path.ps1'
[0.294s] INFO:colcon.colcon_core.shell:Creating environment descriptor '/home/geoff/ros2_course_ws/install/practice_package/share/practice_package/hook/cmake_prefix_path.dsv'
[0.294s] INFO:colcon.colcon_core.shell:Creating environment hook '/home/geoff/ros2_course_ws/install/practice_package/share/practice_package/hook/cmake_prefix_path.sh'
[0.295s] Level 1:colcon.colcon_core.environment:checking '/home/geoff/ros2_course_ws/install/practice_package/bin'
[0.295s] Level 1:colcon.colcon_core.environment:checking '/home/geoff/ros2_course_ws/install/practice_package/lib/pkgconfig/practice_package.pc'
[0.295s] Level 1:colcon.colcon_core.environment:checking '/home/geoff/ros2_course_ws/install/practice_package/lib/python3.10/site-packages'
[0.296s] Level 1:colcon.colcon_core.environment:checking '/home/geoff/ros2_course_ws/install/practice_package/bin'
[0.297s] INFO:colcon.colcon_core.shell:Creating package script '/home/geoff/ros2_course_ws/install/practice_package/share/practice_package/package.ps1'
[0.298s] INFO:colcon.colcon_core.shell:Creating package descriptor '/home/geoff/ros2_course_ws/install/practice_package/share/practice_package/package.dsv'
[0.299s] INFO:colcon.colcon_core.shell:Creating package script '/home/geoff/ros2_course_ws/install/practice_package/share/practice_package/package.sh'
[0.301s] INFO:colcon.colcon_core.shell:Creating package script '/home/geoff/ros2_course_ws/install/practice_package/share/practice_package/package.bash'
[0.302s] INFO:colcon.colcon_core.shell:Creating package script '/home/geoff/ros2_course_ws/install/practice_package/share/practice_package/package.zsh'
[0.302s] Level 1:colcon.colcon_core.environment:create_file_with_runtime_dependencies(/home/geoff/ros2_course_ws/install/practice_package/share/colcon-core/packages/practice_package)
[0.303s] Level 1:colcon.colcon_core.environment:create_environment_scripts_only(practice_package)
[0.303s] Level 1:colcon.colcon_core.environment:checking '/home/geoff/ros2_course_ws/install/practice_package' for CMake module files
[0.303s] Level 1:colcon.colcon_core.environment:checking '/home/geoff/ros2_course_ws/install/practice_package' for CMake config files
[0.304s] Level 1:colcon.colcon_core.shell:create_environment_hook('practice_package', 'cmake_prefix_path')
[0.304s] INFO:colcon.colcon_core.shell:Creating environment hook '/home/geoff/ros2_course_ws/install/practice_package/share/practice_package/hook/cmake_prefix_path.ps1'
[0.304s] INFO:colcon.colcon_core.shell:Creating environment descriptor '/home/geoff/ros2_course_ws/install/practice_package/share/practice_package/hook/cmake_prefix_path.dsv'
[0.305s] INFO:colcon.colcon_core.shell:Creating environment hook '/home/geoff/ros2_course_ws/install/practice_package/share/practice_package/hook/cmake_prefix_path.sh'
[0.306s] Level 1:colcon.colcon_core.environment:checking '/home/geoff/ros2_course_ws/install/practice_package/bin'
[0.306s] Level 1:colcon.colcon_core.environment:checking '/home/geoff/ros2_course_ws/install/practice_package/lib/pkgconfig/practice_package.pc'
[0.306s] Level 1:colcon.colcon_core.environment:checking '/home/geoff/ros2_course_ws/install/practice_package/lib/python3.10/site-packages'
[0.306s] Level 1:colcon.colcon_core.environment:checking '/home/geoff/ros2_course_ws/install/practice_package/bin'
[0.307s] INFO:colcon.colcon_core.shell:Creating package script '/home/geoff/ros2_course_ws/install/practice_package/share/practice_package/package.ps1'
[0.309s] INFO:colcon.colcon_core.shell:Creating package descriptor '/home/geoff/ros2_course_ws/install/practice_package/share/practice_package/package.dsv'
[0.309s] INFO:colcon.colcon_core.shell:Creating package script '/home/geoff/ros2_course_ws/install/practice_package/share/practice_package/package.sh'
[0.310s] INFO:colcon.colcon_core.shell:Creating package script '/home/geoff/ros2_course_ws/install/practice_package/share/practice_package/package.bash'
[0.310s] INFO:colcon.colcon_core.shell:Creating package script '/home/geoff/ros2_course_ws/install/practice_package/share/practice_package/package.zsh'
[0.310s] Level 1:colcon.colcon_core.environment:create_file_with_runtime_dependencies(/home/geoff/ros2_course_ws/install/practice_package/share/colcon-core/packages/practice_package)
[2.528s] DEBUG:colcon.colcon_core.event_handler.log_command:Invoked command in '/home/geoff/ros2_course_ws/build/example_package' returned '2': CMAKE_PREFIX_PATH=${CMAKE_PREFIX_PATH}:/home/geoff/turtlebot3_ws/install/turtlebot3_teleop:/home/geoff/turtlebot3_ws/install/turtlebot3_example:/opt/ros/humble /usr/bin/cmake --build /home/geoff/ros2_course_ws/build/example_package -- -j16 -l16
[2.529s] Level 1:colcon.colcon_core.environment:create_environment_scripts_only(example_package)
[2.529s] Level 1:colcon.colcon_core.environment:checking '/home/geoff/ros2_course_ws/install/example_package' for CMake module files
[2.530s] Level 1:colcon.colcon_core.environment:checking '/home/geoff/ros2_course_ws/install/example_package' for CMake config files
[2.530s] Level 1:colcon.colcon_core.shell:create_environment_hook('example_package', 'cmake_prefix_path')
[2.530s] INFO:colcon.colcon_core.shell:Creating environment hook '/home/geoff/ros2_course_ws/install/example_package/share/example_package/hook/cmake_prefix_path.ps1'
[2.531s] INFO:colcon.colcon_core.shell:Creating environment descriptor '/home/geoff/ros2_course_ws/install/example_package/share/example_package/hook/cmake_prefix_path.dsv'
[2.531s] INFO:colcon.colcon_core.shell:Creating environment hook '/home/geoff/ros2_course_ws/install/example_package/share/example_package/hook/cmake_prefix_path.sh'
[2.531s] Level 1:colcon.colcon_core.environment:checking '/home/geoff/ros2_course_ws/install/example_package/lib'
[2.532s] Level 1:colcon.colcon_core.shell:create_environment_hook('example_package', 'ld_library_path_lib')
[2.532s] INFO:colcon.colcon_core.shell:Creating environment hook '/home/geoff/ros2_course_ws/install/example_package/share/example_package/hook/ld_library_path_lib.ps1'
[2.532s] INFO:colcon.colcon_core.shell:Creating environment descriptor '/home/geoff/ros2_course_ws/install/example_package/share/example_package/hook/ld_library_path_lib.dsv'
[2.532s] INFO:colcon.colcon_core.shell:Creating environment hook '/home/geoff/ros2_course_ws/install/example_package/share/example_package/hook/ld_library_path_lib.sh'
[2.533s] Level 1:colcon.colcon_core.environment:checking '/home/geoff/ros2_course_ws/install/example_package/bin'
[2.533s] Level 1:colcon.colcon_core.environment:checking '/home/geoff/ros2_course_ws/install/example_package/lib/pkgconfig/example_package.pc'
[2.533s] Level 1:colcon.colcon_core.environment:checking '/home/geoff/ros2_course_ws/install/example_package/lib/python3.10/site-packages'
[2.533s] Level 1:colcon.colcon_core.environment:checking '/home/geoff/ros2_course_ws/install/example_package/bin'
[2.534s] INFO:colcon.colcon_core.shell:Creating package script '/home/geoff/ros2_course_ws/install/example_package/share/example_package/package.ps1'
[2.534s] INFO:colcon.colcon_core.shell:Creating package descriptor '/home/geoff/ros2_course_ws/install/example_package/share/example_package/package.dsv'
[2.534s] INFO:colcon.colcon_core.shell:Creating package script '/home/geoff/ros2_course_ws/install/example_package/share/example_package/package.sh'
[2.535s] INFO:colcon.colcon_core.shell:Creating package script '/home/geoff/ros2_course_ws/install/example_package/share/example_package/package.bash'
[2.535s] INFO:colcon.colcon_core.shell:Creating package script '/home/geoff/ros2_course_ws/install/example_package/share/example_package/package.zsh'
[2.535s] Level 1:colcon.colcon_core.environment:create_file_with_runtime_dependencies(/home/geoff/ros2_course_ws/install/example_package/share/colcon-core/packages/example_package)
[2.546s] DEBUG:colcon.colcon_parallel_executor.executor.parallel:closing loop
[2.546s] DEBUG:colcon.colcon_parallel_executor.executor.parallel:loop closed
[2.546s] DEBUG:colcon.colcon_parallel_executor.executor.parallel:run_until_complete finished with '2'
[2.546s] DEBUG:colcon.colcon_core.event_reactor:joining thread
[2.550s] INFO:colcon.colcon_core.plugin_system:Skipping extension 'colcon_notification.desktop_notification.terminal_notifier': Not used on non-Darwin systems
[2.550s] INFO:colcon.colcon_core.plugin_system:Skipping extension 'colcon_notification.desktop_notification.win32': Not used on non-Windows systems
[2.550s] INFO:colcon.colcon_notification.desktop_notification:Sending desktop notification using 'notify2'
[2.559s] DEBUG:colcon.colcon_core.event_reactor:joined thread
[2.559s] INFO:colcon.colcon_core.shell:Creating prefix script '/home/geoff/ros2_course_ws/install/local_setup.ps1'
[2.560s] INFO:colcon.colcon_core.shell:Creating prefix util module '/home/geoff/ros2_course_ws/install/_local_setup_util_ps1.py'
[2.561s] INFO:colcon.colcon_core.shell:Creating prefix chain script '/home/geoff/ros2_course_ws/install/setup.ps1'
[2.562s] INFO:colcon.colcon_core.shell:Creating prefix script '/home/geoff/ros2_course_ws/install/local_setup.sh'
[2.563s] INFO:colcon.colcon_core.shell:Creating prefix util module '/home/geoff/ros2_course_ws/install/_local_setup_util_sh.py'
[2.563s] INFO:colcon.colcon_core.shell:Creating prefix chain script '/home/geoff/ros2_course_ws/install/setup.sh'
[2.564s] INFO:colcon.colcon_core.shell:Creating prefix script '/home/geoff/ros2_course_ws/install/local_setup.bash'
[2.565s] INFO:colcon.colcon_core.shell:Creating prefix chain script '/home/geoff/ros2_course_ws/install/setup.bash'
[2.566s] INFO:colcon.colcon_core.shell:Creating prefix script '/home/geoff/ros2_course_ws/install/local_setup.zsh'
[2.566s] INFO:colcon.colcon_core.shell:Creating prefix chain script '/home/geoff/ros2_course_ws/install/setup.zsh'
