[0.009s] Invoking command in '/home/geoff/ros2_course_ws/build/example_package': CMAKE_PREFIX_PATH=${CMAKE_PREFIX_PATH}:/home/geoff/turtlebot3_ws/install/turtlebot3_teleop:/home/geoff/turtlebot3_ws/install/turtlebot3_example:/opt/ros/humble /usr/bin/cmake --build /home/geoff/ros2_course_ws/build/example_package -- -j16 -l16
[0.052s] [  5%] Built target example_package__cpp
[0.052s] [ 10%] Built target example_package__rosidl_generator_c
[0.052s] [ 13%] Built target example_package__rs
[0.056s] [ 18%] Built target topic_publisher
[0.063s] [ 18%] Built target ament_cmake_python_copy_example_package
[0.077s] [ 26%] Built target example_package__rosidl_typesupport_cpp
[0.078s] [ 34%] Built target example_package__rosidl_typesupport_fastrtps_cpp
[0.078s] [ 42%] Built target example_package__rosidl_typesupport_introspection_c
[0.079s] [ 50%] Built target example_package__rosidl_typesupport_c
[0.079s] [ 57%] Built target example_package__rosidl_typesupport_fastrtps_c
[0.079s] [ 65%] Built target example_package__rosidl_typesupport_introspection_cpp
[0.089s] [35m[1mConsolidate compiler generated dependencies of target service_client[0m
[0.097s] [ 65%] Built target example_package
[0.099s] [ 71%] Built target service_advertiser
[0.102s] [ 73%] [32mBuilding CXX object CMakeFiles/service_client.dir/src/service_client.cpp.o[0m
[0.114s] [ 76%] Built target example_package__py
[0.132s] [ 81%] Built target example_package__rosidl_generator_py
[0.155s] [ 97%] Built target example_package__rosidl_typesupport_fastrtps_c__pyext
[0.155s] [ 97%] Built target example_package__rosidl_typesupport_introspection_c__pyext
[0.155s] [ 97%] Built target example_package__rosidl_typesupport_c__pyext
[0.256s] running egg_info
[0.256s] writing example_package.egg-info/PKG-INFO
[0.257s] writing dependency_links to example_package.egg-info/dependency_links.txt
[0.257s] writing top-level names to example_package.egg-info/top_level.txt
[0.258s] reading manifest file 'example_package.egg-info/SOURCES.txt'
[0.258s] writing manifest file 'example_package.egg-info/SOURCES.txt'
[0.276s] [ 97%] Built target ament_cmake_python_build_example_package_egg
[1.913s] [01m[K/home/geoff/ros2_course_ws/src/example_package/src/service_client.cpp:[m[K In function ‘[01m[Kint main(int, char**)[m[K’:
[1.913s] [01m[K/home/geoff/ros2_course_ws/src/example_package/src/service_client.cpp:25:51:[m[K [01;31m[Kerror: [m[K‘[01m[Kusing element_type = struct example_package::srv::Adder_Response_<std::allocator<void> >[m[K’ {aka ‘[01m[Kstruct example_package::srv::Adder_Response_<std::allocator<void> >[m[K’} has no member named ‘[01m[Kresults[m[K’; did you mean ‘[01m[Kresult[m[K’?
[1.913s]    25 |     printf("Result of add: %f\n", response.get()->[01;31m[Kresults[m[K);
[1.913s]       |                                                   [01;31m[K^~~~~~~[m[K
[1.913s]       |                                                   [32m[Kresult[m[K
[2.402s] gmake[2]: *** [CMakeFiles/service_client.dir/build.make:76: CMakeFiles/service_client.dir/src/service_client.cpp.o] Error 1
[2.402s] gmake[1]: *** [CMakeFiles/Makefile2:669: CMakeFiles/service_client.dir/all] Error 2
[2.403s] gmake: *** [Makefile:146: all] Error 2
[2.404s] Invoked command in '/home/geoff/ros2_course_ws/build/example_package' returned '2': CMAKE_PREFIX_PATH=${CMAKE_PREFIX_PATH}:/home/geoff/turtlebot3_ws/install/turtlebot3_teleop:/home/geoff/turtlebot3_ws/install/turtlebot3_example:/opt/ros/humble /usr/bin/cmake --build /home/geoff/ros2_course_ws/build/example_package -- -j16 -l16
