[0.010s] Invoking command in '/home/geoff/ros2_course_ws/build/example_package': CMAKE_PREFIX_PATH=${CMAKE_PREFIX_PATH}:/home/geoff/turtlebot3_ws/install/turtlebot3_teleop:/home/geoff/turtlebot3_ws/install/turtlebot3_example:/opt/ros/humble /usr/bin/cmake --build /home/geoff/ros2_course_ws/build/example_package -- -j16 -l16
[0.039s] [35m[1mConsolidate compiler generated dependencies of target topic_publisher[0m
[0.050s] [ 50%] [32mBuilding CXX object CMakeFiles/topic_publisher.dir/src/topic_publisher.cpp.o[0m
[5.915s] [100%] [32m[1mLinking CXX executable topic_publisher[0m
[6.223s] [100%] Built target topic_publisher
[6.234s] Invoked command in '/home/geoff/ros2_course_ws/build/example_package' returned '0': CMAKE_PREFIX_PATH=${CMAKE_PREFIX_PATH}:/home/geoff/turtlebot3_ws/install/turtlebot3_teleop:/home/geoff/turtlebot3_ws/install/turtlebot3_example:/opt/ros/humble /usr/bin/cmake --build /home/geoff/ros2_course_ws/build/example_package -- -j16 -l16
[6.236s] Invoking command in '/home/geoff/ros2_course_ws/build/example_package': CMAKE_PREFIX_PATH=${CMAKE_PREFIX_PATH}:/home/geoff/turtlebot3_ws/install/turtlebot3_teleop:/home/geoff/turtlebot3_ws/install/turtlebot3_example:/opt/ros/humble /usr/bin/cmake --install /home/geoff/ros2_course_ws/build/example_package
[6.242s] -- Install configuration: ""
[6.242s] -- Installing: /home/geoff/ros2_course_ws/install/example_package/lib/example_package/topic_publisher
[6.244s] -- Set runtime path of "/home/geoff/ros2_course_ws/install/example_package/lib/example_package/topic_publisher" to ""
[6.244s] -- Up-to-date: /home/geoff/ros2_course_ws/install/example_package/share/ament_index/resource_index/package_run_dependencies/example_package
[6.244s] -- Installing: /home/geoff/ros2_course_ws/install/example_package/share/ament_index/resource_index/parent_prefix_path/example_package
[6.245s] -- Up-to-date: /home/geoff/ros2_course_ws/install/example_package/share/example_package/environment/ament_prefix_path.sh
[6.245s] -- Installing: /home/geoff/ros2_course_ws/install/example_package/share/example_package/environment/ament_prefix_path.dsv
[6.245s] -- Up-to-date: /home/geoff/ros2_course_ws/install/example_package/share/example_package/environment/path.sh
[6.245s] -- Installing: /home/geoff/ros2_course_ws/install/example_package/share/example_package/environment/path.dsv
[6.245s] -- Up-to-date: /home/geoff/ros2_course_ws/install/example_package/share/example_package/local_setup.bash
[6.245s] -- Up-to-date: /home/geoff/ros2_course_ws/install/example_package/share/example_package/local_setup.sh
[6.245s] -- Up-to-date: /home/geoff/ros2_course_ws/install/example_package/share/example_package/local_setup.zsh
[6.245s] -- Installing: /home/geoff/ros2_course_ws/install/example_package/share/example_package/local_setup.dsv
[6.245s] -- Installing: /home/geoff/ros2_course_ws/install/example_package/share/example_package/package.dsv
[6.245s] -- Up-to-date: /home/geoff/ros2_course_ws/install/example_package/share/ament_index/resource_index/packages/example_package
[6.245s] -- Up-to-date: /home/geoff/ros2_course_ws/install/example_package/share/example_package/cmake/example_packageConfig.cmake
[6.245s] -- Up-to-date: /home/geoff/ros2_course_ws/install/example_package/share/example_package/cmake/example_packageConfig-version.cmake
[6.245s] -- Up-to-date: /home/geoff/ros2_course_ws/install/example_package/share/example_package/package.xml
[6.247s] Invoked command in '/home/geoff/ros2_course_ws/build/example_package' returned '0': CMAKE_PREFIX_PATH=${CMAKE_PREFIX_PATH}:/home/geoff/turtlebot3_ws/install/turtlebot3_teleop:/home/geoff/turtlebot3_ws/install/turtlebot3_example:/opt/ros/humble /usr/bin/cmake --install /home/geoff/ros2_course_ws/build/example_package
