[0.006s] Invoking command in '/home/geoff/ros2_course_ws/build/practice_package': CMAKE_PREFIX_PATH=${CMAKE_PREFIX_PATH}:/home/geoff/turtlebot3_ws/install/turtlebot3_teleop:/opt/ros/humble /usr/bin/cmake /home/geoff/ros2_course_ws/src/practice_package -DCMAKE_INSTALL_PREFIX=/home/geoff/ros2_course_ws/install/practice_package
[0.038s] -- The C compiler identification is GNU 11.4.0
[0.072s] -- The CXX compiler identification is GNU 11.4.0
[0.076s] -- Detecting C compiler ABI info
[0.120s] -- Detecting C compiler ABI info - done
[0.128s] -- Check for working C compiler: /usr/bin/cc - skipped
[0.128s] -- Detecting C compile features
[0.129s] -- Detecting C compile features - done
[0.131s] -- Detecting CXX compiler ABI info
[0.178s] -- Detecting CXX compiler ABI info - done
[0.184s] -- Check for working CXX compiler: /usr/bin/c++ - skipped
[0.184s] -- Detecting CXX compile features
[0.184s] -- Detecting CXX compile features - done
[0.186s] -- Found ament_cmake: 1.3.14 (/opt/ros/humble/share/ament_cmake/cmake)
[0.286s] -- Found Python3: /usr/bin/python3 (found version "3.10.12") found components: Interpreter 
[0.343s] -- Found ament_lint_auto: 0.12.15 (/opt/ros/humble/share/ament_lint_auto/cmake)
[0.390s] -- Added test 'lint_cmake' to check CMake code style
[0.391s] -- Added test 'xmllint' to check XML markup files
[0.392s] -- Configuring done
[0.393s] -- Generating done
[0.394s] -- Build files have been written to: /home/geoff/ros2_course_ws/build/practice_package
[0.397s] Invoked command in '/home/geoff/ros2_course_ws/build/practice_package' returned '0': CMAKE_PREFIX_PATH=${CMAKE_PREFIX_PATH}:/home/geoff/turtlebot3_ws/install/turtlebot3_teleop:/opt/ros/humble /usr/bin/cmake /home/geoff/ros2_course_ws/src/practice_package -DCMAKE_INSTALL_PREFIX=/home/geoff/ros2_course_ws/install/practice_package
[0.399s] Invoking command in '/home/geoff/ros2_course_ws/build/practice_package': CMAKE_PREFIX_PATH=${CMAKE_PREFIX_PATH}:/home/geoff/turtlebot3_ws/install/turtlebot3_teleop:/opt/ros/humble /usr/bin/cmake --build /home/geoff/ros2_course_ws/build/practice_package -- -j16 -l16
[0.423s] Invoked command in '/home/geoff/ros2_course_ws/build/practice_package' returned '0': CMAKE_PREFIX_PATH=${CMAKE_PREFIX_PATH}:/home/geoff/turtlebot3_ws/install/turtlebot3_teleop:/opt/ros/humble /usr/bin/cmake --build /home/geoff/ros2_course_ws/build/practice_package -- -j16 -l16
[0.429s] Invoking command in '/home/geoff/ros2_course_ws/build/practice_package': CMAKE_PREFIX_PATH=${CMAKE_PREFIX_PATH}:/home/geoff/turtlebot3_ws/install/turtlebot3_teleop:/opt/ros/humble /usr/bin/cmake --install /home/geoff/ros2_course_ws/build/practice_package
[0.433s] -- Install configuration: ""
[0.433s] -- Installing: /home/geoff/ros2_course_ws/install/practice_package/share/ament_index/resource_index/package_run_dependencies/practice_package
[0.433s] -- Installing: /home/geoff/ros2_course_ws/install/practice_package/share/ament_index/resource_index/parent_prefix_path/practice_package
[0.433s] -- Installing: /home/geoff/ros2_course_ws/install/practice_package/share/practice_package/environment/ament_prefix_path.sh
[0.433s] -- Installing: /home/geoff/ros2_course_ws/install/practice_package/share/practice_package/environment/ament_prefix_path.dsv
[0.434s] -- Installing: /home/geoff/ros2_course_ws/install/practice_package/share/practice_package/environment/path.sh
[0.434s] -- Installing: /home/geoff/ros2_course_ws/install/practice_package/share/practice_package/environment/path.dsv
[0.434s] -- Installing: /home/geoff/ros2_course_ws/install/practice_package/share/practice_package/local_setup.bash
[0.434s] -- Installing: /home/geoff/ros2_course_ws/install/practice_package/share/practice_package/local_setup.sh
[0.434s] -- Installing: /home/geoff/ros2_course_ws/install/practice_package/share/practice_package/local_setup.zsh
[0.434s] -- Installing: /home/geoff/ros2_course_ws/install/practice_package/share/practice_package/local_setup.dsv
[0.434s] -- Installing: /home/geoff/ros2_course_ws/install/practice_package/share/practice_package/package.dsv
[0.434s] -- Installing: /home/geoff/ros2_course_ws/install/practice_package/share/ament_index/resource_index/packages/practice_package
[0.434s] -- Installing: /home/geoff/ros2_course_ws/install/practice_package/share/practice_package/cmake/practice_packageConfig.cmake
[0.434s] -- Installing: /home/geoff/ros2_course_ws/install/practice_package/share/practice_package/cmake/practice_packageConfig-version.cmake
[0.434s] -- Installing: /home/geoff/ros2_course_ws/install/practice_package/share/practice_package/package.xml
[0.435s] Invoked command in '/home/geoff/ros2_course_ws/build/practice_package' returned '0': CMAKE_PREFIX_PATH=${CMAKE_PREFIX_PATH}:/home/geoff/turtlebot3_ws/install/turtlebot3_teleop:/opt/ros/humble /usr/bin/cmake --install /home/geoff/ros2_course_ws/build/practice_package
