-- Found ament_cmake: 1.3.14 (/opt/ros/humble/share/ament_cmake/cmake)
-- Found std_msgs: 4.9.2 (/opt/ros/humble/share/std_msgs/cmake)
-- Found rosidl_generator_c: 3.1.9 (/opt/ros/humble/share/rosidl_generator_c/cmake)
-- Found rosidl_adapter: 3.1.9 (/opt/ros/humble/share/rosidl_adapter/cmake)
-- Found rosidl_generator_cpp: 3.1.9 (/opt/ros/humble/share/rosidl_generator_cpp/cmake)
-- Using all available rosidl_typesupport_c: rosidl_typesupport_fastrtps_c;rosidl_typesupport_introspection_c
-- Using all available rosidl_typesupport_cpp: rosidl_typesupport_fastrtps_cpp;rosidl_typesupport_introspection_cpp
-- Found rclcpp: 16.0.21 (/opt/ros/humble/share/rclcpp/cmake)
-- Found rmw_implementation_cmake: 6.1.4 (/opt/ros/humble/share/rmw_implementation_cmake/cmake)
-- Found rmw_fastrtps_cpp: 6.2.10 (/opt/ros/humble/share/rmw_fastrtps_cpp/cmake)
-- Using RMW implementation 'rmw_fastrtps_cpp' as default
-- Found rosidl_default_generators: 1.2.1 (/opt/ros/humble/share/rosidl_default_generators/cmake)
-- Found ament_cmake_ros: 0.10.1 (/opt/ros/humble/share/ament_cmake_ros/cmake)
-- Using all available rosidl_typesupport_c: rosidl_typesupport_fastrtps_c;rosidl_typesupport_introspection_c
-- Using all available rosidl_typesupport_cpp: rosidl_typesupport_fastrtps_cpp;rosidl_typesupport_introspection_cpp
-- Found python_cmake_module: 0.10.0 (/opt/ros/humble/share/python_cmake_module/cmake)
-- Using PYTHON_EXECUTABLE: /usr/bin/python3
-- Using PYTHON_INCLUDE_DIRS: /usr/include/python3.10
-- Using PYTHON_LIBRARIES: /usr/lib/x86_64-linux-gnu/libpython3.10.so
-- Found ament_lint_auto: 0.12.15 (/opt/ros/humble/share/ament_lint_auto/cmake)
-- Added test 'cppcheck' to perform static code analysis on C / C++ code
-- Configured cppcheck include dirs: 
-- Configured cppcheck exclude dirs and/or files: 
-- Added test 'lint_cmake' to check CMake code style
-- Added test 'uncrustify' to check C / C++ code style
-- Configured uncrustify additional arguments: 
-- Added test 'xmllint' to check XML markup files
-- Configuring done
-- Generating done
-- Build files have been written to: /home/geoff/ros2_course_ws/build/example_package
[35m[1mConsolidate compiler generated dependencies of target example_package__rosidl_generator_c[0m
[35m[1mConsolidate compiler generated dependencies of target topic_publisher[0m
[  5%] Built target example_package__rs
[  5%] Built target example_package__cpp
[ 14%] Built target example_package__rosidl_generator_c
[ 20%] Built target topic_publisher
[ 20%] Built target ament_cmake_python_copy_example_package
[35m[1mConsolidate compiler generated dependencies of target example_package__rosidl_typesupport_introspection_cpp[0m
[35m[1mConsolidate compiler generated dependencies of target example_package__rosidl_typesupport_cpp[0m
[35m[1mConsolidate compiler generated dependencies of target example_package__rosidl_typesupport_c[0m
[35m[1mConsolidate compiler generated dependencies of target example_package__rosidl_typesupport_fastrtps_cpp[0m
[35m[1mConsolidate compiler generated dependencies of target example_package__rosidl_typesupport_fastrtps_c[0m
[35m[1mConsolidate compiler generated dependencies of target example_package__rosidl_typesupport_introspection_c[0m
[ 29%] Built target example_package__rosidl_typesupport_c
[ 38%] Built target example_package__rosidl_typesupport_introspection_c
[ 47%] Built target example_package__rosidl_typesupport_cpp
[ 55%] Built target example_package__rosidl_typesupport_introspection_cpp
[ 64%] Built target example_package__rosidl_typesupport_fastrtps_cpp
[ 73%] Built target example_package__rosidl_typesupport_fastrtps_c
[ 73%] Built target example_package
[ 76%] Built target example_package__py
[35m[1mConsolidate compiler generated dependencies of target example_package__rosidl_generator_py[0m
[ 82%] Built target example_package__rosidl_generator_py
[35m[1mConsolidate compiler generated dependencies of target example_package__rosidl_typesupport_fastrtps_c__pyext[0m
[35m[1mConsolidate compiler generated dependencies of target example_package__rosidl_typesupport_introspection_c__pyext[0m
[35m[1mConsolidate compiler generated dependencies of target example_package__rosidl_typesupport_c__pyext[0m
[ 94%] Built target example_package__rosidl_typesupport_introspection_c__pyext
[ 94%] Built target example_package__rosidl_typesupport_c__pyext
[100%] Built target example_package__rosidl_typesupport_fastrtps_c__pyext
running egg_info
writing example_package.egg-info/PKG-INFO
writing dependency_links to example_package.egg-info/dependency_links.txt
writing top-level names to example_package.egg-info/top_level.txt
reading manifest file 'example_package.egg-info/SOURCES.txt'
writing manifest file 'example_package.egg-info/SOURCES.txt'
[100%] Built target ament_cmake_python_build_example_package_egg
-- Install configuration: ""
-- Up-to-date: /home/geoff/ros2_course_ws/install/example_package/share/ament_index/resource_index/rosidl_interfaces/example_package
-- Up-to-date: /home/geoff/ros2_course_ws/install/example_package/include/example_package/example_package
-- Up-to-date: /home/geoff/ros2_course_ws/install/example_package/include/example_package/example_package/msg
-- Up-to-date: /home/geoff/ros2_course_ws/install/example_package/include/example_package/example_package/msg/rosidl_generator_c__visibility_control.h
-- Up-to-date: /home/geoff/ros2_course_ws/install/example_package/include/example_package/example_package/srv
-- Up-to-date: /home/geoff/ros2_course_ws/install/example_package/include/example_package/example_package/srv/detail
-- Up-to-date: /home/geoff/ros2_course_ws/install/example_package/include/example_package/example_package/srv/detail/adder__functions.c
-- Up-to-date: /home/geoff/ros2_course_ws/install/example_package/include/example_package/example_package/srv/detail/adder__functions.h
-- Up-to-date: /home/geoff/ros2_course_ws/install/example_package/include/example_package/example_package/srv/detail/adder__struct.h
-- Up-to-date: /home/geoff/ros2_course_ws/install/example_package/include/example_package/example_package/srv/detail/adder__type_support.h
-- Up-to-date: /home/geoff/ros2_course_ws/install/example_package/include/example_package/example_package/srv/adder.h
-- Up-to-date: /home/geoff/ros2_course_ws/install/example_package/share/example_package/environment/library_path.sh
-- Installing: /home/geoff/ros2_course_ws/install/example_package/share/example_package/environment/library_path.dsv
-- Up-to-date: /home/geoff/ros2_course_ws/install/example_package/lib/libexample_package__rosidl_generator_c.so
-- Up-to-date: /home/geoff/ros2_course_ws/install/example_package/include/example_package/example_package
-- Up-to-date: /home/geoff/ros2_course_ws/install/example_package/include/example_package/example_package/msg
-- Up-to-date: /home/geoff/ros2_course_ws/install/example_package/include/example_package/example_package/msg/rosidl_typesupport_fastrtps_c__visibility_control.h
-- Up-to-date: /home/geoff/ros2_course_ws/install/example_package/include/example_package/example_package/srv
-- Up-to-date: /home/geoff/ros2_course_ws/install/example_package/include/example_package/example_package/srv/detail
-- Up-to-date: /home/geoff/ros2_course_ws/install/example_package/include/example_package/example_package/srv/detail/adder__rosidl_typesupport_fastrtps_c.h
-- Up-to-date: /home/geoff/ros2_course_ws/install/example_package/lib/libexample_package__rosidl_typesupport_fastrtps_c.so
-- Up-to-date: /home/geoff/ros2_course_ws/install/example_package/include/example_package/example_package
-- Up-to-date: /home/geoff/ros2_course_ws/install/example_package/include/example_package/example_package/msg
-- Up-to-date: /home/geoff/ros2_course_ws/install/example_package/include/example_package/example_package/msg/rosidl_generator_cpp__visibility_control.hpp
-- Up-to-date: /home/geoff/ros2_course_ws/install/example_package/include/example_package/example_package/srv
-- Up-to-date: /home/geoff/ros2_course_ws/install/example_package/include/example_package/example_package/srv/detail
-- Up-to-date: /home/geoff/ros2_course_ws/install/example_package/include/example_package/example_package/srv/detail/adder__builder.hpp
-- Up-to-date: /home/geoff/ros2_course_ws/install/example_package/include/example_package/example_package/srv/detail/adder__traits.hpp
-- Up-to-date: /home/geoff/ros2_course_ws/install/example_package/include/example_package/example_package/srv/detail/adder__struct.hpp
-- Up-to-date: /home/geoff/ros2_course_ws/install/example_package/include/example_package/example_package/srv/detail/adder__type_support.hpp
-- Up-to-date: /home/geoff/ros2_course_ws/install/example_package/include/example_package/example_package/srv/adder.hpp
-- Up-to-date: /home/geoff/ros2_course_ws/install/example_package/include/example_package/example_package
-- Up-to-date: /home/geoff/ros2_course_ws/install/example_package/include/example_package/example_package/msg
-- Up-to-date: /home/geoff/ros2_course_ws/install/example_package/include/example_package/example_package/msg/rosidl_typesupport_fastrtps_cpp__visibility_control.h
-- Up-to-date: /home/geoff/ros2_course_ws/install/example_package/include/example_package/example_package/srv
-- Up-to-date: /home/geoff/ros2_course_ws/install/example_package/include/example_package/example_package/srv/detail
-- Up-to-date: /home/geoff/ros2_course_ws/install/example_package/include/example_package/example_package/srv/detail/dds_fastrtps
-- Up-to-date: /home/geoff/ros2_course_ws/install/example_package/include/example_package/example_package/srv/detail/adder__rosidl_typesupport_fastrtps_cpp.hpp
-- Up-to-date: /home/geoff/ros2_course_ws/install/example_package/lib/libexample_package__rosidl_typesupport_fastrtps_cpp.so
-- Up-to-date: /home/geoff/ros2_course_ws/install/example_package/include/example_package/example_package
-- Up-to-date: /home/geoff/ros2_course_ws/install/example_package/include/example_package/example_package/msg
-- Up-to-date: /home/geoff/ros2_course_ws/install/example_package/include/example_package/example_package/msg/rosidl_typesupport_introspection_c__visibility_control.h
-- Up-to-date: /home/geoff/ros2_course_ws/install/example_package/include/example_package/example_package/srv
-- Up-to-date: /home/geoff/ros2_course_ws/install/example_package/include/example_package/example_package/srv/detail
-- Up-to-date: /home/geoff/ros2_course_ws/install/example_package/include/example_package/example_package/srv/detail/adder__rosidl_typesupport_introspection_c.h
-- Up-to-date: /home/geoff/ros2_course_ws/install/example_package/include/example_package/example_package/srv/detail/adder__type_support.c
-- Up-to-date: /home/geoff/ros2_course_ws/install/example_package/lib/libexample_package__rosidl_typesupport_introspection_c.so
-- Up-to-date: /home/geoff/ros2_course_ws/install/example_package/lib/libexample_package__rosidl_typesupport_c.so
-- Up-to-date: /home/geoff/ros2_course_ws/install/example_package/include/example_package/example_package
-- Up-to-date: /home/geoff/ros2_course_ws/install/example_package/include/example_package/example_package/srv
-- Up-to-date: /home/geoff/ros2_course_ws/install/example_package/include/example_package/example_package/srv/detail
-- Up-to-date: /home/geoff/ros2_course_ws/install/example_package/include/example_package/example_package/srv/detail/adder__rosidl_typesupport_introspection_cpp.hpp
-- Up-to-date: /home/geoff/ros2_course_ws/install/example_package/include/example_package/example_package/srv/detail/adder__type_support.cpp
-- Up-to-date: /home/geoff/ros2_course_ws/install/example_package/lib/libexample_package__rosidl_typesupport_introspection_cpp.so
-- Up-to-date: /home/geoff/ros2_course_ws/install/example_package/lib/libexample_package__rosidl_typesupport_cpp.so
-- Up-to-date: /home/geoff/ros2_course_ws/install/example_package/share/example_package/environment/pythonpath.sh
-- Installing: /home/geoff/ros2_course_ws/install/example_package/share/example_package/environment/pythonpath.dsv
-- Up-to-date: /home/geoff/ros2_course_ws/install/example_package/local/lib/python3.10/dist-packages/example_package-0.0.0-py3.10.egg-info
-- Installing: /home/geoff/ros2_course_ws/install/example_package/local/lib/python3.10/dist-packages/example_package-0.0.0-py3.10.egg-info/PKG-INFO
-- Installing: /home/geoff/ros2_course_ws/install/example_package/local/lib/python3.10/dist-packages/example_package-0.0.0-py3.10.egg-info/SOURCES.txt
-- Installing: /home/geoff/ros2_course_ws/install/example_package/local/lib/python3.10/dist-packages/example_package-0.0.0-py3.10.egg-info/top_level.txt
-- Installing: /home/geoff/ros2_course_ws/install/example_package/local/lib/python3.10/dist-packages/example_package-0.0.0-py3.10.egg-info/dependency_links.txt
-- Up-to-date: /home/geoff/ros2_course_ws/install/example_package/local/lib/python3.10/dist-packages/example_package
-- Installing: /home/geoff/ros2_course_ws/install/example_package/local/lib/python3.10/dist-packages/example_package/__init__.py
-- Up-to-date: /home/geoff/ros2_course_ws/install/example_package/local/lib/python3.10/dist-packages/example_package/srv
-- Up-to-date: /home/geoff/ros2_course_ws/install/example_package/local/lib/python3.10/dist-packages/example_package/srv/__init__.py
-- Up-to-date: /home/geoff/ros2_course_ws/install/example_package/local/lib/python3.10/dist-packages/example_package/srv/_adder_s.c
-- Up-to-date: /home/geoff/ros2_course_ws/install/example_package/local/lib/python3.10/dist-packages/example_package/srv/_adder.py
-- Up-to-date: /home/geoff/ros2_course_ws/install/example_package/local/lib/python3.10/dist-packages/example_package/_example_package_s.ep.rosidl_typesupport_fastrtps_c.c
-- Up-to-date: /home/geoff/ros2_course_ws/install/example_package/local/lib/python3.10/dist-packages/example_package/example_package_s__rosidl_typesupport_fastrtps_c.cpython-310-x86_64-linux-gnu.so
-- Up-to-date: /home/geoff/ros2_course_ws/install/example_package/local/lib/python3.10/dist-packages/example_package/example_package_s__rosidl_typesupport_introspection_c.cpython-310-x86_64-linux-gnu.so
-- Up-to-date: /home/geoff/ros2_course_ws/install/example_package/local/lib/python3.10/dist-packages/example_package/_example_package_s.ep.rosidl_typesupport_c.c
-- Up-to-date: /home/geoff/ros2_course_ws/install/example_package/local/lib/python3.10/dist-packages/example_package/_example_package_s.ep.rosidl_typesupport_introspection_c.c
-- Up-to-date: /home/geoff/ros2_course_ws/install/example_package/local/lib/python3.10/dist-packages/example_package/libexample_package__rosidl_generator_py.so
-- Up-to-date: /home/geoff/ros2_course_ws/install/example_package/local/lib/python3.10/dist-packages/example_package/example_package_s__rosidl_typesupport_c.cpython-310-x86_64-linux-gnu.so
Listing '/home/geoff/ros2_course_ws/install/example_package/local/lib/python3.10/dist-packages/example_package'...
Compiling '/home/geoff/ros2_course_ws/install/example_package/local/lib/python3.10/dist-packages/example_package/__init__.py'...
Listing '/home/geoff/ros2_course_ws/install/example_package/local/lib/python3.10/dist-packages/example_package/srv'...
-- Up-to-date: /home/geoff/ros2_course_ws/install/example_package/local/lib/python3.10/dist-packages/example_package/example_package_s__rosidl_typesupport_fastrtps_c.cpython-310-x86_64-linux-gnu.so
-- Up-to-date: /home/geoff/ros2_course_ws/install/example_package/local/lib/python3.10/dist-packages/example_package/example_package_s__rosidl_typesupport_introspection_c.cpython-310-x86_64-linux-gnu.so
-- Up-to-date: /home/geoff/ros2_course_ws/install/example_package/local/lib/python3.10/dist-packages/example_package/example_package_s__rosidl_typesupport_c.cpython-310-x86_64-linux-gnu.so
-- Up-to-date: /home/geoff/ros2_course_ws/install/example_package/lib/libexample_package__rosidl_generator_py.so
-- Up-to-date: /home/geoff/ros2_course_ws/install/example_package/share/example_package/rust
-- Up-to-date: /home/geoff/ros2_course_ws/install/example_package/share/example_package/rust/build.rs
-- Up-to-date: /home/geoff/ros2_course_ws/install/example_package/share/example_package/rust/src
-- Up-to-date: /home/geoff/ros2_course_ws/install/example_package/share/example_package/rust/src/lib.rs
-- Up-to-date: /home/geoff/ros2_course_ws/install/example_package/share/example_package/rust/src/srv
-- Up-to-date: /home/geoff/ros2_course_ws/install/example_package/share/example_package/rust/src/srv/rmw.rs
-- Up-to-date: /home/geoff/ros2_course_ws/install/example_package/share/example_package/rust/src/srv.rs
-- Up-to-date: /home/geoff/ros2_course_ws/install/example_package/share/example_package/rust/Cargo.toml
-- Up-to-date: /home/geoff/ros2_course_ws/install/example_package/share/example_package/srv/Adder.idl
-- Up-to-date: /home/geoff/ros2_course_ws/install/example_package/share/example_package/srv/Adder.srv
-- Up-to-date: /home/geoff/ros2_course_ws/install/example_package/share/example_package/srv/Adder_Request.msg
-- Up-to-date: /home/geoff/ros2_course_ws/install/example_package/share/example_package/srv/Adder_Response.msg
-- Up-to-date: /home/geoff/ros2_course_ws/install/example_package/lib/example_package/topic_publisher
-- Up-to-date: /home/geoff/ros2_course_ws/install/example_package/share/ament_index/resource_index/package_run_dependencies/example_package
-- Up-to-date: /home/geoff/ros2_course_ws/install/example_package/share/ament_index/resource_index/parent_prefix_path/example_package
-- Up-to-date: /home/geoff/ros2_course_ws/install/example_package/share/example_package/environment/ament_prefix_path.sh
-- Installing: /home/geoff/ros2_course_ws/install/example_package/share/example_package/environment/ament_prefix_path.dsv
-- Up-to-date: /home/geoff/ros2_course_ws/install/example_package/share/example_package/environment/path.sh
-- Installing: /home/geoff/ros2_course_ws/install/example_package/share/example_package/environment/path.dsv
-- Up-to-date: /home/geoff/ros2_course_ws/install/example_package/share/example_package/local_setup.bash
-- Up-to-date: /home/geoff/ros2_course_ws/install/example_package/share/example_package/local_setup.sh
-- Up-to-date: /home/geoff/ros2_course_ws/install/example_package/share/example_package/local_setup.zsh
-- Installing: /home/geoff/ros2_course_ws/install/example_package/share/example_package/local_setup.dsv
-- Installing: /home/geoff/ros2_course_ws/install/example_package/share/example_package/package.dsv
-- Up-to-date: /home/geoff/ros2_course_ws/install/example_package/share/ament_index/resource_index/packages/example_package
-- Up-to-date: /home/geoff/ros2_course_ws/install/example_package/share/example_package/cmake/export_example_package__rosidl_generator_cExport.cmake
-- Up-to-date: /home/geoff/ros2_course_ws/install/example_package/share/example_package/cmake/export_example_package__rosidl_generator_cExport-noconfig.cmake
-- Up-to-date: /home/geoff/ros2_course_ws/install/example_package/share/example_package/cmake/export_example_package__rosidl_typesupport_fastrtps_cExport.cmake
-- Up-to-date: /home/geoff/ros2_course_ws/install/example_package/share/example_package/cmake/export_example_package__rosidl_typesupport_fastrtps_cExport-noconfig.cmake
-- Up-to-date: /home/geoff/ros2_course_ws/install/example_package/share/example_package/cmake/export_example_package__rosidl_generator_cppExport.cmake
-- Up-to-date: /home/geoff/ros2_course_ws/install/example_package/share/example_package/cmake/export_example_package__rosidl_typesupport_fastrtps_cppExport.cmake
-- Up-to-date: /home/geoff/ros2_course_ws/install/example_package/share/example_package/cmake/export_example_package__rosidl_typesupport_fastrtps_cppExport-noconfig.cmake
-- Up-to-date: /home/geoff/ros2_course_ws/install/example_package/share/example_package/cmake/example_package__rosidl_typesupport_introspection_cExport.cmake
-- Up-to-date: /home/geoff/ros2_course_ws/install/example_package/share/example_package/cmake/example_package__rosidl_typesupport_introspection_cExport-noconfig.cmake
-- Up-to-date: /home/geoff/ros2_course_ws/install/example_package/share/example_package/cmake/example_package__rosidl_typesupport_cExport.cmake
-- Up-to-date: /home/geoff/ros2_course_ws/install/example_package/share/example_package/cmake/example_package__rosidl_typesupport_cExport-noconfig.cmake
-- Up-to-date: /home/geoff/ros2_course_ws/install/example_package/share/example_package/cmake/example_package__rosidl_typesupport_introspection_cppExport.cmake
-- Up-to-date: /home/geoff/ros2_course_ws/install/example_package/share/example_package/cmake/example_package__rosidl_typesupport_introspection_cppExport-noconfig.cmake
-- Up-to-date: /home/geoff/ros2_course_ws/install/example_package/share/example_package/cmake/example_package__rosidl_typesupport_cppExport.cmake
-- Up-to-date: /home/geoff/ros2_course_ws/install/example_package/share/example_package/cmake/example_package__rosidl_typesupport_cppExport-noconfig.cmake
-- Up-to-date: /home/geoff/ros2_course_ws/install/example_package/share/example_package/cmake/export_example_package__rosidl_generator_pyExport.cmake
-- Up-to-date: /home/geoff/ros2_course_ws/install/example_package/share/example_package/cmake/export_example_package__rosidl_generator_pyExport-noconfig.cmake
-- Up-to-date: /home/geoff/ros2_course_ws/install/example_package/share/example_package/cmake/rosidl_cmake-extras.cmake
-- Up-to-date: /home/geoff/ros2_course_ws/install/example_package/share/example_package/cmake/ament_cmake_export_include_directories-extras.cmake
-- Up-to-date: /home/geoff/ros2_course_ws/install/example_package/share/example_package/cmake/ament_cmake_export_libraries-extras.cmake
-- Up-to-date: /home/geoff/ros2_course_ws/install/example_package/share/example_package/cmake/ament_cmake_export_targets-extras.cmake
-- Up-to-date: /home/geoff/ros2_course_ws/install/example_package/share/example_package/cmake/rosidl_cmake_export_typesupport_targets-extras.cmake
-- Up-to-date: /home/geoff/ros2_course_ws/install/example_package/share/example_package/cmake/ament_cmake_export_dependencies-extras.cmake
-- Up-to-date: /home/geoff/ros2_course_ws/install/example_package/share/example_package/cmake/rosidl_cmake_export_typesupport_libraries-extras.cmake
-- Up-to-date: /home/geoff/ros2_course_ws/install/example_package/share/example_package/cmake/rosidl_cmake_aggregate_target-extras.cmake
-- Up-to-date: /home/geoff/ros2_course_ws/install/example_package/share/example_package/cmake/example_packageConfig.cmake
-- Up-to-date: /home/geoff/ros2_course_ws/install/example_package/share/example_package/cmake/example_packageConfig-version.cmake
-- Installing: /home/geoff/ros2_course_ws/install/example_package/share/example_package/package.xml
