[0.009s] Invoking command in '/home/geoff/ros2_course_ws/build/example_package': CMAKE_PREFIX_PATH=${CMAKE_PREFIX_PATH}:/home/geoff/turtlebot3_ws/install/turtlebot3_teleop:/home/geoff/turtlebot3_ws/install/turtlebot3_example:/opt/ros/humble /usr/bin/cmake --build /home/geoff/ros2_course_ws/build/example_package -- -j16 -l16
[0.028s] -- Found ament_cmake: 1.3.14 (/opt/ros/humble/share/ament_cmake/cmake)
[0.111s] -- Found std_msgs: 4.9.2 (/opt/ros/humble/share/std_msgs/cmake)
[0.125s] -- Found rosidl_generator_c: 3.1.9 (/opt/ros/humble/share/rosidl_generator_c/cmake)
[0.127s] -- Found rosidl_adapter: 3.1.9 (/opt/ros/humble/share/rosidl_adapter/cmake)
[0.130s] -- Found rosidl_generator_cpp: 3.1.9 (/opt/ros/humble/share/rosidl_generator_cpp/cmake)
[0.136s] -- Using all available rosidl_typesupport_c: rosidl_typesupport_fastrtps_c;rosidl_typesupport_introspection_c
[0.143s] -- Using all available rosidl_typesupport_cpp: rosidl_typesupport_fastrtps_cpp;rosidl_typesupport_introspection_cpp
[0.156s] -- Found rclcpp: 16.0.21 (/opt/ros/humble/share/rclcpp/cmake)
[0.171s] -- Found rmw_implementation_cmake: 6.1.4 (/opt/ros/humble/share/rmw_implementation_cmake/cmake)
[0.172s] -- Found rmw_fastrtps_cpp: 6.2.10 (/opt/ros/humble/share/rmw_fastrtps_cpp/cmake)
[0.237s] -- Using RMW implementation 'rmw_fastrtps_cpp' as default
[0.261s] -- Found rosidl_default_generators: 1.2.1 (/opt/ros/humble/share/rosidl_default_generators/cmake)
[0.428s] -- Found ament_cmake_ros: 0.10.1 (/opt/ros/humble/share/ament_cmake_ros/cmake)
[0.620s] -- Using all available rosidl_typesupport_c: rosidl_typesupport_fastrtps_c;rosidl_typesupport_introspection_c
[0.695s] -- Using all available rosidl_typesupport_cpp: rosidl_typesupport_fastrtps_cpp;rosidl_typesupport_introspection_cpp
[0.709s] -- Found python_cmake_module: 0.10.0 (/opt/ros/humble/share/python_cmake_module/cmake)
[0.724s] -- Using PYTHON_EXECUTABLE: /usr/bin/python3
[0.724s] -- Using PYTHON_INCLUDE_DIRS: /usr/include/python3.10
[0.724s] -- Using PYTHON_LIBRARIES: /usr/lib/x86_64-linux-gnu/libpython3.10.so
[0.771s] -- Found ament_lint_auto: 0.12.15 (/opt/ros/humble/share/ament_lint_auto/cmake)
[0.776s] -- Added test 'cppcheck' to perform static code analysis on C / C++ code
[0.776s] -- Configured cppcheck include dirs: 
[0.776s] -- Configured cppcheck exclude dirs and/or files: 
[0.777s] -- Added test 'lint_cmake' to check CMake code style
[0.777s] -- Added test 'uncrustify' to check C / C++ code style
[0.777s] -- Configured uncrustify additional arguments: 
[0.777s] -- Added test 'xmllint' to check XML markup files
[0.778s] -- Configuring done
[0.796s] -- Generating done
[0.804s] -- Build files have been written to: /home/geoff/ros2_course_ws/build/example_package
[0.825s] [35m[1mConsolidate compiler generated dependencies of target example_package__rosidl_generator_c[0m
[0.826s] [35m[1mConsolidate compiler generated dependencies of target topic_publisher[0m
[0.835s] [  5%] Built target example_package__rs
[0.835s] [  5%] Built target example_package__cpp
[0.835s] [ 14%] Built target example_package__rosidl_generator_c
[0.844s] [ 20%] Built target topic_publisher
[0.845s] [ 20%] Built target ament_cmake_python_copy_example_package
[0.848s] [35m[1mConsolidate compiler generated dependencies of target example_package__rosidl_typesupport_introspection_cpp[0m
[0.849s] [35m[1mConsolidate compiler generated dependencies of target example_package__rosidl_typesupport_cpp[0m
[0.849s] [35m[1mConsolidate compiler generated dependencies of target example_package__rosidl_typesupport_c[0m
[0.849s] [35m[1mConsolidate compiler generated dependencies of target example_package__rosidl_typesupport_fastrtps_cpp[0m
[0.849s] [35m[1mConsolidate compiler generated dependencies of target example_package__rosidl_typesupport_fastrtps_c[0m
[0.849s] [35m[1mConsolidate compiler generated dependencies of target example_package__rosidl_typesupport_introspection_c[0m
[0.860s] [ 29%] Built target example_package__rosidl_typesupport_c
[0.860s] [ 38%] Built target example_package__rosidl_typesupport_introspection_c
[0.860s] [ 47%] Built target example_package__rosidl_typesupport_cpp
[0.861s] [ 55%] Built target example_package__rosidl_typesupport_introspection_cpp
[0.861s] [ 64%] Built target example_package__rosidl_typesupport_fastrtps_cpp
[0.861s] [ 73%] Built target example_package__rosidl_typesupport_fastrtps_c
[0.875s] [ 73%] Built target example_package
[0.889s] [ 76%] Built target example_package__py
[0.896s] [35m[1mConsolidate compiler generated dependencies of target example_package__rosidl_generator_py[0m
[0.904s] [ 82%] Built target example_package__rosidl_generator_py
[0.913s] [35m[1mConsolidate compiler generated dependencies of target example_package__rosidl_typesupport_fastrtps_c__pyext[0m
[0.913s] [35m[1mConsolidate compiler generated dependencies of target example_package__rosidl_typesupport_introspection_c__pyext[0m
[0.913s] [35m[1mConsolidate compiler generated dependencies of target example_package__rosidl_typesupport_c__pyext[0m
[0.925s] [ 94%] Built target example_package__rosidl_typesupport_introspection_c__pyext
[0.925s] [ 94%] Built target example_package__rosidl_typesupport_c__pyext
[0.925s] [100%] Built target example_package__rosidl_typesupport_fastrtps_c__pyext
[1.013s] running egg_info
[1.013s] writing example_package.egg-info/PKG-INFO
[1.014s] writing dependency_links to example_package.egg-info/dependency_links.txt
[1.014s] writing top-level names to example_package.egg-info/top_level.txt
[1.015s] reading manifest file 'example_package.egg-info/SOURCES.txt'
[1.015s] writing manifest file 'example_package.egg-info/SOURCES.txt'
[1.031s] [100%] Built target ament_cmake_python_build_example_package_egg
[1.039s] Invoked command in '/home/geoff/ros2_course_ws/build/example_package' returned '0': CMAKE_PREFIX_PATH=${CMAKE_PREFIX_PATH}:/home/geoff/turtlebot3_ws/install/turtlebot3_teleop:/home/geoff/turtlebot3_ws/install/turtlebot3_example:/opt/ros/humble /usr/bin/cmake --build /home/geoff/ros2_course_ws/build/example_package -- -j16 -l16
[1.040s] Invoking command in '/home/geoff/ros2_course_ws/build/example_package': CMAKE_PREFIX_PATH=${CMAKE_PREFIX_PATH}:/home/geoff/turtlebot3_ws/install/turtlebot3_teleop:/home/geoff/turtlebot3_ws/install/turtlebot3_example:/opt/ros/humble /usr/bin/cmake --install /home/geoff/ros2_course_ws/build/example_package
[1.046s] -- Install configuration: ""
[1.046s] -- Up-to-date: /home/geoff/ros2_course_ws/install/example_package/share/ament_index/resource_index/rosidl_interfaces/example_package
[1.046s] -- Up-to-date: /home/geoff/ros2_course_ws/install/example_package/include/example_package/example_package
[1.046s] -- Up-to-date: /home/geoff/ros2_course_ws/install/example_package/include/example_package/example_package/msg
[1.046s] -- Up-to-date: /home/geoff/ros2_course_ws/install/example_package/include/example_package/example_package/msg/rosidl_generator_c__visibility_control.h
[1.046s] -- Up-to-date: /home/geoff/ros2_course_ws/install/example_package/include/example_package/example_package/srv
[1.046s] -- Up-to-date: /home/geoff/ros2_course_ws/install/example_package/include/example_package/example_package/srv/detail
[1.046s] -- Up-to-date: /home/geoff/ros2_course_ws/install/example_package/include/example_package/example_package/srv/detail/adder__functions.c
[1.046s] -- Up-to-date: /home/geoff/ros2_course_ws/install/example_package/include/example_package/example_package/srv/detail/adder__functions.h
[1.046s] -- Up-to-date: /home/geoff/ros2_course_ws/install/example_package/include/example_package/example_package/srv/detail/adder__struct.h
[1.046s] -- Up-to-date: /home/geoff/ros2_course_ws/install/example_package/include/example_package/example_package/srv/detail/adder__type_support.h
[1.047s] -- Up-to-date: /home/geoff/ros2_course_ws/install/example_package/include/example_package/example_package/srv/adder.h
[1.047s] -- Up-to-date: /home/geoff/ros2_course_ws/install/example_package/share/example_package/environment/library_path.sh
[1.047s] -- Installing: /home/geoff/ros2_course_ws/install/example_package/share/example_package/environment/library_path.dsv
[1.047s] -- Up-to-date: /home/geoff/ros2_course_ws/install/example_package/lib/libexample_package__rosidl_generator_c.so
[1.047s] -- Up-to-date: /home/geoff/ros2_course_ws/install/example_package/include/example_package/example_package
[1.047s] -- Up-to-date: /home/geoff/ros2_course_ws/install/example_package/include/example_package/example_package/msg
[1.047s] -- Up-to-date: /home/geoff/ros2_course_ws/install/example_package/include/example_package/example_package/msg/rosidl_typesupport_fastrtps_c__visibility_control.h
[1.047s] -- Up-to-date: /home/geoff/ros2_course_ws/install/example_package/include/example_package/example_package/srv
[1.047s] -- Up-to-date: /home/geoff/ros2_course_ws/install/example_package/include/example_package/example_package/srv/detail
[1.047s] -- Up-to-date: /home/geoff/ros2_course_ws/install/example_package/include/example_package/example_package/srv/detail/adder__rosidl_typesupport_fastrtps_c.h
[1.047s] -- Up-to-date: /home/geoff/ros2_course_ws/install/example_package/lib/libexample_package__rosidl_typesupport_fastrtps_c.so
[1.047s] -- Up-to-date: /home/geoff/ros2_course_ws/install/example_package/include/example_package/example_package
[1.047s] -- Up-to-date: /home/geoff/ros2_course_ws/install/example_package/include/example_package/example_package/msg
[1.047s] -- Up-to-date: /home/geoff/ros2_course_ws/install/example_package/include/example_package/example_package/msg/rosidl_generator_cpp__visibility_control.hpp
[1.047s] -- Up-to-date: /home/geoff/ros2_course_ws/install/example_package/include/example_package/example_package/srv
[1.047s] -- Up-to-date: /home/geoff/ros2_course_ws/install/example_package/include/example_package/example_package/srv/detail
[1.047s] -- Up-to-date: /home/geoff/ros2_course_ws/install/example_package/include/example_package/example_package/srv/detail/adder__builder.hpp
[1.047s] -- Up-to-date: /home/geoff/ros2_course_ws/install/example_package/include/example_package/example_package/srv/detail/adder__traits.hpp
[1.047s] -- Up-to-date: /home/geoff/ros2_course_ws/install/example_package/include/example_package/example_package/srv/detail/adder__struct.hpp
[1.047s] -- Up-to-date: /home/geoff/ros2_course_ws/install/example_package/include/example_package/example_package/srv/detail/adder__type_support.hpp
[1.047s] -- Up-to-date: /home/geoff/ros2_course_ws/install/example_package/include/example_package/example_package/srv/adder.hpp
[1.047s] -- Up-to-date: /home/geoff/ros2_course_ws/install/example_package/include/example_package/example_package
[1.047s] -- Up-to-date: /home/geoff/ros2_course_ws/install/example_package/include/example_package/example_package/msg
[1.047s] -- Up-to-date: /home/geoff/ros2_course_ws/install/example_package/include/example_package/example_package/msg/rosidl_typesupport_fastrtps_cpp__visibility_control.h
[1.048s] -- Up-to-date: /home/geoff/ros2_course_ws/install/example_package/include/example_package/example_package/srv
[1.048s] -- Up-to-date: /home/geoff/ros2_course_ws/install/example_package/include/example_package/example_package/srv/detail
[1.048s] -- Up-to-date: /home/geoff/ros2_course_ws/install/example_package/include/example_package/example_package/srv/detail/dds_fastrtps
[1.048s] -- Up-to-date: /home/geoff/ros2_course_ws/install/example_package/include/example_package/example_package/srv/detail/adder__rosidl_typesupport_fastrtps_cpp.hpp
[1.048s] -- Up-to-date: /home/geoff/ros2_course_ws/install/example_package/lib/libexample_package__rosidl_typesupport_fastrtps_cpp.so
[1.048s] -- Up-to-date: /home/geoff/ros2_course_ws/install/example_package/include/example_package/example_package
[1.048s] -- Up-to-date: /home/geoff/ros2_course_ws/install/example_package/include/example_package/example_package/msg
[1.048s] -- Up-to-date: /home/geoff/ros2_course_ws/install/example_package/include/example_package/example_package/msg/rosidl_typesupport_introspection_c__visibility_control.h
[1.048s] -- Up-to-date: /home/geoff/ros2_course_ws/install/example_package/include/example_package/example_package/srv
[1.048s] -- Up-to-date: /home/geoff/ros2_course_ws/install/example_package/include/example_package/example_package/srv/detail
[1.048s] -- Up-to-date: /home/geoff/ros2_course_ws/install/example_package/include/example_package/example_package/srv/detail/adder__rosidl_typesupport_introspection_c.h
[1.048s] -- Up-to-date: /home/geoff/ros2_course_ws/install/example_package/include/example_package/example_package/srv/detail/adder__type_support.c
[1.048s] -- Up-to-date: /home/geoff/ros2_course_ws/install/example_package/lib/libexample_package__rosidl_typesupport_introspection_c.so
[1.048s] -- Up-to-date: /home/geoff/ros2_course_ws/install/example_package/lib/libexample_package__rosidl_typesupport_c.so
[1.048s] -- Up-to-date: /home/geoff/ros2_course_ws/install/example_package/include/example_package/example_package
[1.048s] -- Up-to-date: /home/geoff/ros2_course_ws/install/example_package/include/example_package/example_package/srv
[1.048s] -- Up-to-date: /home/geoff/ros2_course_ws/install/example_package/include/example_package/example_package/srv/detail
[1.048s] -- Up-to-date: /home/geoff/ros2_course_ws/install/example_package/include/example_package/example_package/srv/detail/adder__rosidl_typesupport_introspection_cpp.hpp
[1.048s] -- Up-to-date: /home/geoff/ros2_course_ws/install/example_package/include/example_package/example_package/srv/detail/adder__type_support.cpp
[1.048s] -- Up-to-date: /home/geoff/ros2_course_ws/install/example_package/lib/libexample_package__rosidl_typesupport_introspection_cpp.so
[1.048s] -- Up-to-date: /home/geoff/ros2_course_ws/install/example_package/lib/libexample_package__rosidl_typesupport_cpp.so
[1.048s] -- Up-to-date: /home/geoff/ros2_course_ws/install/example_package/share/example_package/environment/pythonpath.sh
[1.048s] -- Installing: /home/geoff/ros2_course_ws/install/example_package/share/example_package/environment/pythonpath.dsv
[1.048s] -- Up-to-date: /home/geoff/ros2_course_ws/install/example_package/local/lib/python3.10/dist-packages/example_package-0.0.0-py3.10.egg-info
[1.048s] -- Installing: /home/geoff/ros2_course_ws/install/example_package/local/lib/python3.10/dist-packages/example_package-0.0.0-py3.10.egg-info/PKG-INFO
[1.048s] -- Installing: /home/geoff/ros2_course_ws/install/example_package/local/lib/python3.10/dist-packages/example_package-0.0.0-py3.10.egg-info/SOURCES.txt
[1.048s] -- Installing: /home/geoff/ros2_course_ws/install/example_package/local/lib/python3.10/dist-packages/example_package-0.0.0-py3.10.egg-info/top_level.txt
[1.049s] -- Installing: /home/geoff/ros2_course_ws/install/example_package/local/lib/python3.10/dist-packages/example_package-0.0.0-py3.10.egg-info/dependency_links.txt
[1.049s] -- Up-to-date: /home/geoff/ros2_course_ws/install/example_package/local/lib/python3.10/dist-packages/example_package
[1.049s] -- Installing: /home/geoff/ros2_course_ws/install/example_package/local/lib/python3.10/dist-packages/example_package/__init__.py
[1.049s] -- Up-to-date: /home/geoff/ros2_course_ws/install/example_package/local/lib/python3.10/dist-packages/example_package/srv
[1.049s] -- Up-to-date: /home/geoff/ros2_course_ws/install/example_package/local/lib/python3.10/dist-packages/example_package/srv/__init__.py
[1.049s] -- Up-to-date: /home/geoff/ros2_course_ws/install/example_package/local/lib/python3.10/dist-packages/example_package/srv/_adder_s.c
[1.049s] -- Up-to-date: /home/geoff/ros2_course_ws/install/example_package/local/lib/python3.10/dist-packages/example_package/srv/_adder.py
[1.049s] -- Up-to-date: /home/geoff/ros2_course_ws/install/example_package/local/lib/python3.10/dist-packages/example_package/_example_package_s.ep.rosidl_typesupport_fastrtps_c.c
[1.049s] -- Up-to-date: /home/geoff/ros2_course_ws/install/example_package/local/lib/python3.10/dist-packages/example_package/example_package_s__rosidl_typesupport_fastrtps_c.cpython-310-x86_64-linux-gnu.so
[1.049s] -- Up-to-date: /home/geoff/ros2_course_ws/install/example_package/local/lib/python3.10/dist-packages/example_package/example_package_s__rosidl_typesupport_introspection_c.cpython-310-x86_64-linux-gnu.so
[1.049s] -- Up-to-date: /home/geoff/ros2_course_ws/install/example_package/local/lib/python3.10/dist-packages/example_package/_example_package_s.ep.rosidl_typesupport_c.c
[1.049s] -- Up-to-date: /home/geoff/ros2_course_ws/install/example_package/local/lib/python3.10/dist-packages/example_package/_example_package_s.ep.rosidl_typesupport_introspection_c.c
[1.049s] -- Up-to-date: /home/geoff/ros2_course_ws/install/example_package/local/lib/python3.10/dist-packages/example_package/libexample_package__rosidl_generator_py.so
[1.049s] -- Up-to-date: /home/geoff/ros2_course_ws/install/example_package/local/lib/python3.10/dist-packages/example_package/example_package_s__rosidl_typesupport_c.cpython-310-x86_64-linux-gnu.so
[1.071s] Listing '/home/geoff/ros2_course_ws/install/example_package/local/lib/python3.10/dist-packages/example_package'...
[1.071s] Compiling '/home/geoff/ros2_course_ws/install/example_package/local/lib/python3.10/dist-packages/example_package/__init__.py'...
[1.071s] Listing '/home/geoff/ros2_course_ws/install/example_package/local/lib/python3.10/dist-packages/example_package/srv'...
[1.073s] -- Up-to-date: /home/geoff/ros2_course_ws/install/example_package/local/lib/python3.10/dist-packages/example_package/example_package_s__rosidl_typesupport_fastrtps_c.cpython-310-x86_64-linux-gnu.so
[1.073s] -- Up-to-date: /home/geoff/ros2_course_ws/install/example_package/local/lib/python3.10/dist-packages/example_package/example_package_s__rosidl_typesupport_introspection_c.cpython-310-x86_64-linux-gnu.so
[1.074s] -- Up-to-date: /home/geoff/ros2_course_ws/install/example_package/local/lib/python3.10/dist-packages/example_package/example_package_s__rosidl_typesupport_c.cpython-310-x86_64-linux-gnu.so
[1.074s] -- Up-to-date: /home/geoff/ros2_course_ws/install/example_package/lib/libexample_package__rosidl_generator_py.so
[1.074s] -- Up-to-date: /home/geoff/ros2_course_ws/install/example_package/share/example_package/rust
[1.074s] -- Up-to-date: /home/geoff/ros2_course_ws/install/example_package/share/example_package/rust/build.rs
[1.074s] -- Up-to-date: /home/geoff/ros2_course_ws/install/example_package/share/example_package/rust/src
[1.074s] -- Up-to-date: /home/geoff/ros2_course_ws/install/example_package/share/example_package/rust/src/lib.rs
[1.074s] -- Up-to-date: /home/geoff/ros2_course_ws/install/example_package/share/example_package/rust/src/srv
[1.074s] -- Up-to-date: /home/geoff/ros2_course_ws/install/example_package/share/example_package/rust/src/srv/rmw.rs
[1.074s] -- Up-to-date: /home/geoff/ros2_course_ws/install/example_package/share/example_package/rust/src/srv.rs
[1.074s] -- Up-to-date: /home/geoff/ros2_course_ws/install/example_package/share/example_package/rust/Cargo.toml
[1.074s] -- Up-to-date: /home/geoff/ros2_course_ws/install/example_package/share/example_package/srv/Adder.idl
[1.074s] -- Up-to-date: /home/geoff/ros2_course_ws/install/example_package/share/example_package/srv/Adder.srv
[1.074s] -- Up-to-date: /home/geoff/ros2_course_ws/install/example_package/share/example_package/srv/Adder_Request.msg
[1.074s] -- Up-to-date: /home/geoff/ros2_course_ws/install/example_package/share/example_package/srv/Adder_Response.msg
[1.074s] -- Up-to-date: /home/geoff/ros2_course_ws/install/example_package/lib/example_package/topic_publisher
[1.075s] -- Up-to-date: /home/geoff/ros2_course_ws/install/example_package/share/ament_index/resource_index/package_run_dependencies/example_package
[1.075s] -- Up-to-date: /home/geoff/ros2_course_ws/install/example_package/share/ament_index/resource_index/parent_prefix_path/example_package
[1.075s] -- Up-to-date: /home/geoff/ros2_course_ws/install/example_package/share/example_package/environment/ament_prefix_path.sh
[1.075s] -- Installing: /home/geoff/ros2_course_ws/install/example_package/share/example_package/environment/ament_prefix_path.dsv
[1.075s] -- Up-to-date: /home/geoff/ros2_course_ws/install/example_package/share/example_package/environment/path.sh
[1.075s] -- Installing: /home/geoff/ros2_course_ws/install/example_package/share/example_package/environment/path.dsv
[1.075s] -- Up-to-date: /home/geoff/ros2_course_ws/install/example_package/share/example_package/local_setup.bash
[1.075s] -- Up-to-date: /home/geoff/ros2_course_ws/install/example_package/share/example_package/local_setup.sh
[1.075s] -- Up-to-date: /home/geoff/ros2_course_ws/install/example_package/share/example_package/local_setup.zsh
[1.075s] -- Installing: /home/geoff/ros2_course_ws/install/example_package/share/example_package/local_setup.dsv
[1.075s] -- Installing: /home/geoff/ros2_course_ws/install/example_package/share/example_package/package.dsv
[1.075s] -- Up-to-date: /home/geoff/ros2_course_ws/install/example_package/share/ament_index/resource_index/packages/example_package
[1.075s] -- Up-to-date: /home/geoff/ros2_course_ws/install/example_package/share/example_package/cmake/export_example_package__rosidl_generator_cExport.cmake
[1.075s] -- Up-to-date: /home/geoff/ros2_course_ws/install/example_package/share/example_package/cmake/export_example_package__rosidl_generator_cExport-noconfig.cmake
[1.075s] -- Up-to-date: /home/geoff/ros2_course_ws/install/example_package/share/example_package/cmake/export_example_package__rosidl_typesupport_fastrtps_cExport.cmake
[1.075s] -- Up-to-date: /home/geoff/ros2_course_ws/install/example_package/share/example_package/cmake/export_example_package__rosidl_typesupport_fastrtps_cExport-noconfig.cmake
[1.075s] -- Up-to-date: /home/geoff/ros2_course_ws/install/example_package/share/example_package/cmake/export_example_package__rosidl_generator_cppExport.cmake
[1.075s] -- Up-to-date: /home/geoff/ros2_course_ws/install/example_package/share/example_package/cmake/export_example_package__rosidl_typesupport_fastrtps_cppExport.cmake
[1.075s] -- Up-to-date: /home/geoff/ros2_course_ws/install/example_package/share/example_package/cmake/export_example_package__rosidl_typesupport_fastrtps_cppExport-noconfig.cmake
[1.075s] -- Up-to-date: /home/geoff/ros2_course_ws/install/example_package/share/example_package/cmake/example_package__rosidl_typesupport_introspection_cExport.cmake
[1.075s] -- Up-to-date: /home/geoff/ros2_course_ws/install/example_package/share/example_package/cmake/example_package__rosidl_typesupport_introspection_cExport-noconfig.cmake
[1.075s] -- Up-to-date: /home/geoff/ros2_course_ws/install/example_package/share/example_package/cmake/example_package__rosidl_typesupport_cExport.cmake
[1.075s] -- Up-to-date: /home/geoff/ros2_course_ws/install/example_package/share/example_package/cmake/example_package__rosidl_typesupport_cExport-noconfig.cmake
[1.075s] -- Up-to-date: /home/geoff/ros2_course_ws/install/example_package/share/example_package/cmake/example_package__rosidl_typesupport_introspection_cppExport.cmake
[1.076s] -- Up-to-date: /home/geoff/ros2_course_ws/install/example_package/share/example_package/cmake/example_package__rosidl_typesupport_introspection_cppExport-noconfig.cmake
[1.076s] -- Up-to-date: /home/geoff/ros2_course_ws/install/example_package/share/example_package/cmake/example_package__rosidl_typesupport_cppExport.cmake
[1.076s] -- Up-to-date: /home/geoff/ros2_course_ws/install/example_package/share/example_package/cmake/example_package__rosidl_typesupport_cppExport-noconfig.cmake
[1.076s] -- Up-to-date: /home/geoff/ros2_course_ws/install/example_package/share/example_package/cmake/export_example_package__rosidl_generator_pyExport.cmake
[1.076s] -- Up-to-date: /home/geoff/ros2_course_ws/install/example_package/share/example_package/cmake/export_example_package__rosidl_generator_pyExport-noconfig.cmake
[1.076s] -- Up-to-date: /home/geoff/ros2_course_ws/install/example_package/share/example_package/cmake/rosidl_cmake-extras.cmake
[1.076s] -- Up-to-date: /home/geoff/ros2_course_ws/install/example_package/share/example_package/cmake/ament_cmake_export_include_directories-extras.cmake
[1.076s] -- Up-to-date: /home/geoff/ros2_course_ws/install/example_package/share/example_package/cmake/ament_cmake_export_libraries-extras.cmake
[1.076s] -- Up-to-date: /home/geoff/ros2_course_ws/install/example_package/share/example_package/cmake/ament_cmake_export_targets-extras.cmake
[1.076s] -- Up-to-date: /home/geoff/ros2_course_ws/install/example_package/share/example_package/cmake/rosidl_cmake_export_typesupport_targets-extras.cmake
[1.076s] -- Up-to-date: /home/geoff/ros2_course_ws/install/example_package/share/example_package/cmake/ament_cmake_export_dependencies-extras.cmake
[1.076s] -- Up-to-date: /home/geoff/ros2_course_ws/install/example_package/share/example_package/cmake/rosidl_cmake_export_typesupport_libraries-extras.cmake
[1.076s] -- Up-to-date: /home/geoff/ros2_course_ws/install/example_package/share/example_package/cmake/rosidl_cmake_aggregate_target-extras.cmake
[1.076s] -- Up-to-date: /home/geoff/ros2_course_ws/install/example_package/share/example_package/cmake/example_packageConfig.cmake
[1.076s] -- Up-to-date: /home/geoff/ros2_course_ws/install/example_package/share/example_package/cmake/example_packageConfig-version.cmake
[1.076s] -- Installing: /home/geoff/ros2_course_ws/install/example_package/share/example_package/package.xml
[1.078s] Invoked command in '/home/geoff/ros2_course_ws/build/example_package' returned '0': CMAKE_PREFIX_PATH=${CMAKE_PREFIX_PATH}:/home/geoff/turtlebot3_ws/install/turtlebot3_teleop:/home/geoff/turtlebot3_ws/install/turtlebot3_example:/opt/ros/humble /usr/bin/cmake --install /home/geoff/ros2_course_ws/build/example_package
