[0.009s] Invoking command in '/home/geoff/ros2_course_ws/build/example_package': CMAKE_PREFIX_PATH=${CMAKE_PREFIX_PATH}:/home/geoff/turtlebot3_ws/install/turtlebot3_teleop:/home/geoff/turtlebot3_ws/install/turtlebot3_example:/opt/ros/humble /usr/bin/cmake --build /home/geoff/ros2_course_ws/build/example_package -- -j16 -l16
[0.051s] [  5%] Built target example_package__rs
[0.051s] [  5%] Built target example_package__cpp
[0.051s] [ 13%] Built target example_package__rosidl_generator_c
[0.055s] [ 18%] Built target topic_publisher
[0.063s] [ 18%] Built target ament_cmake_python_copy_example_package
[0.077s] [ 26%] Built target example_package__rosidl_typesupport_cpp
[0.078s] [ 34%] Built target example_package__rosidl_typesupport_introspection_cpp
[0.079s] [ 42%] Built target example_package__rosidl_typesupport_fastrtps_cpp
[0.084s] [ 50%] Built target example_package__rosidl_typesupport_c
[0.085s] [ 57%] Built target example_package__rosidl_typesupport_introspection_c
[0.085s] [ 65%] Built target example_package__rosidl_typesupport_fastrtps_c
[0.089s] [35m[1mConsolidate compiler generated dependencies of target service_client[0m
[0.102s] [ 68%] [32mBuilding CXX object CMakeFiles/service_advertiser.dir/src/service_advertiser.cpp.o[0m
[0.104s] [ 68%] Built target example_package
[0.104s] [ 71%] [32mBuilding CXX object CMakeFiles/service_client.dir/src/service_client.cpp.o[0m
[0.121s] [ 73%] Built target example_package__py
[0.141s] [ 78%] Built target example_package__rosidl_generator_py
[0.164s] [ 94%] Built target example_package__rosidl_typesupport_c__pyext
[0.164s] [ 94%] Built target example_package__rosidl_typesupport_introspection_c__pyext
[0.165s] [ 94%] Built target example_package__rosidl_typesupport_fastrtps_c__pyext
[0.267s] running egg_info
[0.268s] writing example_package.egg-info/PKG-INFO
[0.268s] writing dependency_links to example_package.egg-info/dependency_links.txt
[0.268s] writing top-level names to example_package.egg-info/top_level.txt
[0.270s] reading manifest file 'example_package.egg-info/SOURCES.txt'
[0.270s] writing manifest file 'example_package.egg-info/SOURCES.txt'
[0.292s] [ 94%] Built target ament_cmake_python_build_example_package_egg
[2.189s] [01m[K/home/geoff/ros2_course_ws/src/example_package/src/service_client.cpp:[m[K In function ‘[01m[Kint main(int, char**)[m[K’:
[2.189s] [01m[K/home/geoff/ros2_course_ws/src/example_package/src/service_client.cpp:13:48:[m[K [01;31m[Kerror: [m[K‘[01m[KReqest[m[K’ is not a member of ‘[01m[Kexample_package::srv::Adder[m[K’
[2.189s]    13 |   std::shared_ptr<example_package::srv::Adder::[01;31m[KReqest[m[K> request = std::make_shared<example_package::srv::Adder::Request>();
[2.189s]       |                                                [01;31m[K^~~~~~[m[K
[2.189s] [01m[K/home/geoff/ros2_course_ws/src/example_package/src/service_client.cpp:13:54:[m[K [01;31m[Kerror: [m[Ktemplate argument 1 is invalid
[2.189s]    13 |   std::shared_ptr<example_package::srv::Adder::Reqest[01;31m[K>[m[K request = std::make_shared<example_package::srv::Adder::Request>();
[2.189s]       |                                                      [01;31m[K^[m[K
[2.189s] [01m[K/home/geoff/ros2_course_ws/src/example_package/src/service_client.cpp:13:120:[m[K [01;31m[Kerror: [m[Kcannot convert ‘[01m[Kstd::shared_ptr<example_package::srv::Adder_Request_<std::allocator<void> > >[m[K’ to ‘[01m[Kint[m[K’ in initialization
[2.189s]    13 |   std::shared_ptr<example_package::srv::Adder::Reqest> request = [01;31m[Kstd::make_shared<example_package::srv::Adder::Request>()[m[K;
[2.189s]       |                                                                  [01;31m[K~~~~~~~~~~~~~~~~~~~~~~~~~~~~~~~~~~~~~~~~~~~~~~~~~~~~~~^~[m[K
[2.189s]       |                                                                                                                        [01;31m[K|[m[K
[2.190s]       |                                                                                                                        [01;31m[Kstd::shared_ptr<example_package::srv::Adder_Request_<std::allocator<void> > >[m[K
[2.190s] [01m[K/home/geoff/ros2_course_ws/src/example_package/src/service_client.cpp:15:10:[m[K [01;31m[Kerror: [m[Kbase operand of ‘[01m[K->[m[K’ is not a pointer
[2.190s]    15 |   request[01;31m[K->[m[Kvalue1 = 5.0;
[2.190s]       |          [01;31m[K^~[m[K
[2.190s] [01m[K/home/geoff/ros2_course_ws/src/example_package/src/service_client.cpp:16:10:[m[K [01;31m[Kerror: [m[Kbase operand of ‘[01m[K->[m[K’ is not a pointer
[2.190s]    16 |   request[01;31m[K->[m[Kvalue2 = 4.0;
[2.190s]       |          [01;31m[K^~[m[K
[2.190s] [01m[K/home/geoff/ros2_course_ws/src/example_package/src/service_client.cpp:20:48:[m[K [01;31m[Kerror: [m[K‘[01m[KFutureAndRequestID[m[K’ is not a member of ‘[01m[Krclcpp::Client<example_package::srv::Adder>[m[K’
[2.190s]    20 |   rclcpp::Client<example_package::srv::Adder>::[01;31m[KFutureAndRequestID[m[K response = client->async_send_request(request);
[2.190s]       |                                                [01;31m[K^~~~~~~~~~~~~~~~~~[m[K
[2.193s] [01m[K/home/geoff/ros2_course_ws/src/example_package/src/service_client.cpp:22:79:[m[K [01;31m[Kerror: [m[K‘[01m[Kresponse[m[K’ was not declared in this scope
[2.193s]    22 |   rclcpp::FutureReturnCode success = rclcpp::spin_until_future_complete(node, [01;31m[Kresponse[m[K);
[2.193s]       |                                                                               [01;31m[K^~~~~~~~[m[K
[2.692s] gmake[2]: *** [CMakeFiles/service_client.dir/build.make:76: CMakeFiles/service_client.dir/src/service_client.cpp.o] Error 1
[2.692s] gmake[1]: *** [CMakeFiles/Makefile2:669: CMakeFiles/service_client.dir/all] Error 2
[2.692s] gmake[1]: *** Waiting for unfinished jobs....
[3.048s] [ 97%] [32m[1mLinking CXX executable service_advertiser[0m
[3.168s] [ 97%] Built target service_advertiser
[3.169s] gmake: *** [Makefile:146: all] Error 2
[3.171s] Invoked command in '/home/geoff/ros2_course_ws/build/example_package' returned '2': CMAKE_PREFIX_PATH=${CMAKE_PREFIX_PATH}:/home/geoff/turtlebot3_ws/install/turtlebot3_teleop:/home/geoff/turtlebot3_ws/install/turtlebot3_example:/opt/ros/humble /usr/bin/cmake --build /home/geoff/ros2_course_ws/build/example_package -- -j16 -l16
