-- Found ament_cmake: 1.3.14 (/opt/ros/humble/share/ament_cmake/cmake)
-- Found std_msgs: 4.9.2 (/opt/ros/humble/share/std_msgs/cmake)
-- Found rosidl_generator_c: 3.1.9 (/opt/ros/humble/share/rosidl_generator_c/cmake)
-- Found rosidl_adapter: 3.1.9 (/opt/ros/humble/share/rosidl_adapter/cmake)
-- Found rosidl_generator_cpp: 3.1.9 (/opt/ros/humble/share/rosidl_generator_cpp/cmake)
-- Using all available rosidl_typesupport_c: rosidl_typesupport_fastrtps_c;rosidl_typesupport_introspection_c
-- Using all available rosidl_typesupport_cpp: rosidl_typesupport_fastrtps_cpp;rosidl_typesupport_introspection_cpp
-- Found rclcpp: 16.0.21 (/opt/ros/humble/share/rclcpp/cmake)
-- Found rmw_implementation_cmake: 6.1.4 (/opt/ros/humble/share/rmw_implementation_cmake/cmake)
-- Found rmw_fastrtps_cpp: 6.2.10 (/opt/ros/humble/share/rmw_fastrtps_cpp/cmake)
-- Using RMW implementation 'rmw_fastrtps_cpp' as default
-- Found rosidl_default_generators: 1.2.1 (/opt/ros/humble/share/rosidl_default_generators/cmake)
-- Found ament_cmake_ros: 0.10.1 (/opt/ros/humble/share/ament_cmake_ros/cmake)
-- Using all available rosidl_typesupport_c: rosidl_typesupport_fastrtps_c;rosidl_typesupport_introspection_c
-- Using all available rosidl_typesupport_cpp: rosidl_typesupport_fastrtps_cpp;rosidl_typesupport_introspection_cpp
-- Found PythonInterp: /usr/bin/python3 (found suitable version "3.10.12", minimum required is "3.6") 
-- Found python_cmake_module: 0.10.0 (/opt/ros/humble/share/python_cmake_module/cmake)
-- Found PythonLibs: /usr/lib/x86_64-linux-gnu/libpython3.10.so (found suitable version "3.10.12", minimum required is "3.5") 
-- Using PYTHON_EXECUTABLE: /usr/bin/python3
-- Using PYTHON_INCLUDE_DIRS: /usr/include/python3.10
-- Using PYTHON_LIBRARIES: /usr/lib/x86_64-linux-gnu/libpython3.10.so
-- Found PythonExtra: .so  
-- Found ament_lint_auto: 0.12.15 (/opt/ros/humble/share/ament_lint_auto/cmake)
-- Added test 'cppcheck' to perform static code analysis on C / C++ code
-- Configured cppcheck include dirs: 
-- Configured cppcheck exclude dirs and/or files: 
-- Added test 'lint_cmake' to check CMake code style
-- Added test 'uncrustify' to check C / C++ code style
-- Configured uncrustify additional arguments: 
-- Added test 'xmllint' to check XML markup files
-- Configuring done
-- Generating done
-- Build files have been written to: /home/geoff/ros2_course_ws/build/example_package
[  2%] [34m[1mGenerating C code for ROS interfaces[0m
[35m[1mConsolidate compiler generated dependencies of target topic_publisher[0m
[  8%] [34m[1mGenerating C++ code for ROS interfaces[0m
[  8%] [34m[1mGenerating Rust code for ROS interfaces[0m
[ 11%] [32mBuilding CXX object CMakeFiles/topic_publisher.dir/src/topic_publisher.cpp.o[0m
[ 11%] Built target ament_cmake_python_copy_example_package
[ 11%] Built target example_package__rs
running egg_info
creating example_package.egg-info
writing example_package.egg-info/PKG-INFO
writing dependency_links to example_package.egg-info/dependency_links.txt
writing top-level names to example_package.egg-info/top_level.txt
writing manifest file 'example_package.egg-info/SOURCES.txt'
reading manifest file 'example_package.egg-info/SOURCES.txt'
writing manifest file 'example_package.egg-info/SOURCES.txt'
[ 14%] [32mBuilding C object CMakeFiles/example_package__rosidl_generator_c.dir/rosidl_generator_c/example_package/srv/detail/adder__functions.c.o[0m
[ 14%] Built target example_package__cpp
[ 23%] [34m[1mGenerating C++ introspection for ROS interfaces[0m
[ 23%] [34m[1mGenerating C++ type support for eProsima Fast-RTPS[0m
[ 23%] [34m[1mGenerating C++ type support dispatch for ROS interfaces[0m
[ 23%] Built target ament_cmake_python_build_example_package_egg
[ 26%] [32m[1mLinking C shared library libexample_package__rosidl_generator_c.so[0m
[ 26%] Built target example_package__rosidl_generator_c
[ 29%] [34m[1mGenerating C introspection for ROS interfaces[0m
[ 35%] [34m[1mGenerating C type support dispatch for ROS interfaces[0m
[ 35%] [34m[1mGenerating C type support for eProsima Fast-RTPS[0m
[ 38%] [32mBuilding CXX object CMakeFiles/example_package__rosidl_typesupport_cpp.dir/rosidl_typesupport_cpp/example_package/srv/adder__type_support.cpp.o[0m
[ 41%] [32mBuilding CXX object CMakeFiles/example_package__rosidl_typesupport_introspection_cpp.dir/rosidl_typesupport_introspection_cpp/example_package/srv/detail/adder__type_support.cpp.o[0m
[ 44%] [32mBuilding CXX object CMakeFiles/example_package__rosidl_typesupport_fastrtps_cpp.dir/rosidl_typesupport_fastrtps_cpp/example_package/srv/detail/dds_fastrtps/adder__type_support.cpp.o[0m
[ 47%] [32mBuilding CXX object CMakeFiles/example_package__rosidl_typesupport_c.dir/rosidl_typesupport_c/example_package/srv/adder__type_support.cpp.o[0m
[ 50%] [32mBuilding C object CMakeFiles/example_package__rosidl_typesupport_introspection_c.dir/rosidl_typesupport_introspection_c/example_package/srv/detail/adder__type_support.c.o[0m
[ 52%] [32m[1mLinking CXX shared library libexample_package__rosidl_typesupport_c.so[0m
[ 55%] [32mBuilding CXX object CMakeFiles/example_package__rosidl_typesupport_fastrtps_c.dir/rosidl_typesupport_fastrtps_c/example_package/srv/detail/adder__type_support_c.cpp.o[0m
[ 58%] [32m[1mLinking C shared library libexample_package__rosidl_typesupport_introspection_c.so[0m
[ 58%] Built target example_package__rosidl_typesupport_c
[ 58%] Built target example_package__rosidl_typesupport_introspection_c
[ 61%] [32m[1mLinking CXX shared library libexample_package__rosidl_typesupport_cpp.so[0m
[ 61%] Built target example_package__rosidl_typesupport_cpp
[ 64%] [32m[1mLinking CXX shared library libexample_package__rosidl_typesupport_introspection_cpp.so[0m
[ 64%] Built target example_package__rosidl_typesupport_introspection_cpp
[ 67%] [32m[1mLinking CXX shared library libexample_package__rosidl_typesupport_fastrtps_cpp.so[0m
[ 70%] [32m[1mLinking CXX shared library libexample_package__rosidl_typesupport_fastrtps_c.so[0m
[ 70%] Built target example_package__rosidl_typesupport_fastrtps_cpp
[ 70%] Built target example_package__rosidl_typesupport_fastrtps_c
[ 70%] Built target example_package
[ 73%] [34m[1mGenerating Python code for ROS interfaces[0m
[ 73%] Built target example_package__py
[ 76%] [32mBuilding C object CMakeFiles/example_package__rosidl_generator_py.dir/rosidl_generator_py/example_package/srv/_adder_s.c.o[0m
[ 79%] [32m[1mLinking C shared library rosidl_generator_py/example_package/libexample_package__rosidl_generator_py.so[0m
[ 79%] Built target example_package__rosidl_generator_py
[ 88%] [32mBuilding C object CMakeFiles/example_package__rosidl_typesupport_fastrtps_c__pyext.dir/rosidl_generator_py/example_package/_example_package_s.ep.rosidl_typesupport_fastrtps_c.c.o[0m
[ 88%] [32mBuilding C object CMakeFiles/example_package__rosidl_typesupport_introspection_c__pyext.dir/rosidl_generator_py/example_package/_example_package_s.ep.rosidl_typesupport_introspection_c.c.o[0m
[ 88%] [32mBuilding C object CMakeFiles/example_package__rosidl_typesupport_c__pyext.dir/rosidl_generator_py/example_package/_example_package_s.ep.rosidl_typesupport_c.c.o[0m
[ 94%] [32m[1mLinking C shared library rosidl_generator_py/example_package/example_package_s__rosidl_typesupport_introspection_c.cpython-310-x86_64-linux-gnu.so[0m
[ 94%] [32m[1mLinking C shared library rosidl_generator_py/example_package/example_package_s__rosidl_typesupport_c.cpython-310-x86_64-linux-gnu.so[0m
[ 97%] [32m[1mLinking C shared library rosidl_generator_py/example_package/example_package_s__rosidl_typesupport_fastrtps_c.cpython-310-x86_64-linux-gnu.so[0m
[ 97%] Built target example_package__rosidl_typesupport_introspection_c__pyext
[ 97%] Built target example_package__rosidl_typesupport_c__pyext
[ 97%] Built target example_package__rosidl_typesupport_fastrtps_c__pyext
[100%] [32m[1mLinking CXX executable topic_publisher[0m
[100%] Built target topic_publisher
-- Install configuration: ""
-- Installing: /home/geoff/ros2_course_ws/install/example_package/share/ament_index/resource_index/rosidl_interfaces/example_package
-- Installing: /home/geoff/ros2_course_ws/install/example_package/include/example_package/example_package
-- Installing: /home/geoff/ros2_course_ws/install/example_package/include/example_package/example_package/msg
-- Installing: /home/geoff/ros2_course_ws/install/example_package/include/example_package/example_package/msg/rosidl_generator_c__visibility_control.h
-- Installing: /home/geoff/ros2_course_ws/install/example_package/include/example_package/example_package/srv
-- Installing: /home/geoff/ros2_course_ws/install/example_package/include/example_package/example_package/srv/detail
-- Installing: /home/geoff/ros2_course_ws/install/example_package/include/example_package/example_package/srv/detail/adder__functions.c
-- Installing: /home/geoff/ros2_course_ws/install/example_package/include/example_package/example_package/srv/detail/adder__functions.h
-- Installing: /home/geoff/ros2_course_ws/install/example_package/include/example_package/example_package/srv/detail/adder__struct.h
-- Installing: /home/geoff/ros2_course_ws/install/example_package/include/example_package/example_package/srv/detail/adder__type_support.h
-- Installing: /home/geoff/ros2_course_ws/install/example_package/include/example_package/example_package/srv/adder.h
-- Installing: /home/geoff/ros2_course_ws/install/example_package/share/example_package/environment/library_path.sh
-- Installing: /home/geoff/ros2_course_ws/install/example_package/share/example_package/environment/library_path.dsv
-- Installing: /home/geoff/ros2_course_ws/install/example_package/lib/libexample_package__rosidl_generator_c.so
-- Set runtime path of "/home/geoff/ros2_course_ws/install/example_package/lib/libexample_package__rosidl_generator_c.so" to ""
-- Up-to-date: /home/geoff/ros2_course_ws/install/example_package/include/example_package/example_package
-- Up-to-date: /home/geoff/ros2_course_ws/install/example_package/include/example_package/example_package/msg
-- Installing: /home/geoff/ros2_course_ws/install/example_package/include/example_package/example_package/msg/rosidl_typesupport_fastrtps_c__visibility_control.h
-- Up-to-date: /home/geoff/ros2_course_ws/install/example_package/include/example_package/example_package/srv
-- Up-to-date: /home/geoff/ros2_course_ws/install/example_package/include/example_package/example_package/srv/detail
-- Installing: /home/geoff/ros2_course_ws/install/example_package/include/example_package/example_package/srv/detail/adder__rosidl_typesupport_fastrtps_c.h
-- Installing: /home/geoff/ros2_course_ws/install/example_package/lib/libexample_package__rosidl_typesupport_fastrtps_c.so
-- Set runtime path of "/home/geoff/ros2_course_ws/install/example_package/lib/libexample_package__rosidl_typesupport_fastrtps_c.so" to ""
-- Up-to-date: /home/geoff/ros2_course_ws/install/example_package/include/example_package/example_package
-- Up-to-date: /home/geoff/ros2_course_ws/install/example_package/include/example_package/example_package/msg
-- Installing: /home/geoff/ros2_course_ws/install/example_package/include/example_package/example_package/msg/rosidl_generator_cpp__visibility_control.hpp
-- Up-to-date: /home/geoff/ros2_course_ws/install/example_package/include/example_package/example_package/srv
-- Up-to-date: /home/geoff/ros2_course_ws/install/example_package/include/example_package/example_package/srv/detail
-- Installing: /home/geoff/ros2_course_ws/install/example_package/include/example_package/example_package/srv/detail/adder__builder.hpp
-- Installing: /home/geoff/ros2_course_ws/install/example_package/include/example_package/example_package/srv/detail/adder__traits.hpp
-- Installing: /home/geoff/ros2_course_ws/install/example_package/include/example_package/example_package/srv/detail/adder__struct.hpp
-- Installing: /home/geoff/ros2_course_ws/install/example_package/include/example_package/example_package/srv/detail/adder__type_support.hpp
-- Installing: /home/geoff/ros2_course_ws/install/example_package/include/example_package/example_package/srv/adder.hpp
-- Up-to-date: /home/geoff/ros2_course_ws/install/example_package/include/example_package/example_package
-- Up-to-date: /home/geoff/ros2_course_ws/install/example_package/include/example_package/example_package/msg
-- Installing: /home/geoff/ros2_course_ws/install/example_package/include/example_package/example_package/msg/rosidl_typesupport_fastrtps_cpp__visibility_control.h
-- Up-to-date: /home/geoff/ros2_course_ws/install/example_package/include/example_package/example_package/srv
-- Up-to-date: /home/geoff/ros2_course_ws/install/example_package/include/example_package/example_package/srv/detail
-- Installing: /home/geoff/ros2_course_ws/install/example_package/include/example_package/example_package/srv/detail/dds_fastrtps
-- Installing: /home/geoff/ros2_course_ws/install/example_package/include/example_package/example_package/srv/detail/adder__rosidl_typesupport_fastrtps_cpp.hpp
-- Installing: /home/geoff/ros2_course_ws/install/example_package/lib/libexample_package__rosidl_typesupport_fastrtps_cpp.so
-- Set runtime path of "/home/geoff/ros2_course_ws/install/example_package/lib/libexample_package__rosidl_typesupport_fastrtps_cpp.so" to ""
-- Up-to-date: /home/geoff/ros2_course_ws/install/example_package/include/example_package/example_package
-- Up-to-date: /home/geoff/ros2_course_ws/install/example_package/include/example_package/example_package/msg
-- Installing: /home/geoff/ros2_course_ws/install/example_package/include/example_package/example_package/msg/rosidl_typesupport_introspection_c__visibility_control.h
-- Up-to-date: /home/geoff/ros2_course_ws/install/example_package/include/example_package/example_package/srv
-- Up-to-date: /home/geoff/ros2_course_ws/install/example_package/include/example_package/example_package/srv/detail
-- Installing: /home/geoff/ros2_course_ws/install/example_package/include/example_package/example_package/srv/detail/adder__rosidl_typesupport_introspection_c.h
-- Installing: /home/geoff/ros2_course_ws/install/example_package/include/example_package/example_package/srv/detail/adder__type_support.c
-- Installing: /home/geoff/ros2_course_ws/install/example_package/lib/libexample_package__rosidl_typesupport_introspection_c.so
-- Set runtime path of "/home/geoff/ros2_course_ws/install/example_package/lib/libexample_package__rosidl_typesupport_introspection_c.so" to ""
-- Installing: /home/geoff/ros2_course_ws/install/example_package/lib/libexample_package__rosidl_typesupport_c.so
-- Set runtime path of "/home/geoff/ros2_course_ws/install/example_package/lib/libexample_package__rosidl_typesupport_c.so" to ""
-- Up-to-date: /home/geoff/ros2_course_ws/install/example_package/include/example_package/example_package
-- Up-to-date: /home/geoff/ros2_course_ws/install/example_package/include/example_package/example_package/srv
-- Up-to-date: /home/geoff/ros2_course_ws/install/example_package/include/example_package/example_package/srv/detail
-- Installing: /home/geoff/ros2_course_ws/install/example_package/include/example_package/example_package/srv/detail/adder__rosidl_typesupport_introspection_cpp.hpp
-- Installing: /home/geoff/ros2_course_ws/install/example_package/include/example_package/example_package/srv/detail/adder__type_support.cpp
-- Installing: /home/geoff/ros2_course_ws/install/example_package/lib/libexample_package__rosidl_typesupport_introspection_cpp.so
-- Set runtime path of "/home/geoff/ros2_course_ws/install/example_package/lib/libexample_package__rosidl_typesupport_introspection_cpp.so" to ""
-- Installing: /home/geoff/ros2_course_ws/install/example_package/lib/libexample_package__rosidl_typesupport_cpp.so
-- Set runtime path of "/home/geoff/ros2_course_ws/install/example_package/lib/libexample_package__rosidl_typesupport_cpp.so" to ""
-- Installing: /home/geoff/ros2_course_ws/install/example_package/share/example_package/environment/pythonpath.sh
-- Installing: /home/geoff/ros2_course_ws/install/example_package/share/example_package/environment/pythonpath.dsv
-- Installing: /home/geoff/ros2_course_ws/install/example_package/local/lib/python3.10/dist-packages/example_package-0.0.0-py3.10.egg-info
-- Installing: /home/geoff/ros2_course_ws/install/example_package/local/lib/python3.10/dist-packages/example_package-0.0.0-py3.10.egg-info/PKG-INFO
-- Installing: /home/geoff/ros2_course_ws/install/example_package/local/lib/python3.10/dist-packages/example_package-0.0.0-py3.10.egg-info/SOURCES.txt
-- Installing: /home/geoff/ros2_course_ws/install/example_package/local/lib/python3.10/dist-packages/example_package-0.0.0-py3.10.egg-info/top_level.txt
-- Installing: /home/geoff/ros2_course_ws/install/example_package/local/lib/python3.10/dist-packages/example_package-0.0.0-py3.10.egg-info/dependency_links.txt
-- Installing: /home/geoff/ros2_course_ws/install/example_package/local/lib/python3.10/dist-packages/example_package
-- Installing: /home/geoff/ros2_course_ws/install/example_package/local/lib/python3.10/dist-packages/example_package/__init__.py
-- Installing: /home/geoff/ros2_course_ws/install/example_package/local/lib/python3.10/dist-packages/example_package/srv
-- Installing: /home/geoff/ros2_course_ws/install/example_package/local/lib/python3.10/dist-packages/example_package/srv/__init__.py
-- Installing: /home/geoff/ros2_course_ws/install/example_package/local/lib/python3.10/dist-packages/example_package/srv/_adder_s.c
-- Installing: /home/geoff/ros2_course_ws/install/example_package/local/lib/python3.10/dist-packages/example_package/srv/_adder.py
-- Installing: /home/geoff/ros2_course_ws/install/example_package/local/lib/python3.10/dist-packages/example_package/_example_package_s.ep.rosidl_typesupport_fastrtps_c.c
-- Installing: /home/geoff/ros2_course_ws/install/example_package/local/lib/python3.10/dist-packages/example_package/example_package_s__rosidl_typesupport_fastrtps_c.cpython-310-x86_64-linux-gnu.so
-- Installing: /home/geoff/ros2_course_ws/install/example_package/local/lib/python3.10/dist-packages/example_package/example_package_s__rosidl_typesupport_introspection_c.cpython-310-x86_64-linux-gnu.so
-- Installing: /home/geoff/ros2_course_ws/install/example_package/local/lib/python3.10/dist-packages/example_package/_example_package_s.ep.rosidl_typesupport_c.c
-- Installing: /home/geoff/ros2_course_ws/install/example_package/local/lib/python3.10/dist-packages/example_package/_example_package_s.ep.rosidl_typesupport_introspection_c.c
-- Installing: /home/geoff/ros2_course_ws/install/example_package/local/lib/python3.10/dist-packages/example_package/libexample_package__rosidl_generator_py.so
-- Installing: /home/geoff/ros2_course_ws/install/example_package/local/lib/python3.10/dist-packages/example_package/example_package_s__rosidl_typesupport_c.cpython-310-x86_64-linux-gnu.so
Listing '/home/geoff/ros2_course_ws/install/example_package/local/lib/python3.10/dist-packages/example_package'...
Compiling '/home/geoff/ros2_course_ws/install/example_package/local/lib/python3.10/dist-packages/example_package/__init__.py'...
Listing '/home/geoff/ros2_course_ws/install/example_package/local/lib/python3.10/dist-packages/example_package/srv'...
Compiling '/home/geoff/ros2_course_ws/install/example_package/local/lib/python3.10/dist-packages/example_package/srv/__init__.py'...
Compiling '/home/geoff/ros2_course_ws/install/example_package/local/lib/python3.10/dist-packages/example_package/srv/_adder.py'...
-- Installing: /home/geoff/ros2_course_ws/install/example_package/local/lib/python3.10/dist-packages/example_package/example_package_s__rosidl_typesupport_fastrtps_c.cpython-310-x86_64-linux-gnu.so
-- Set runtime path of "/home/geoff/ros2_course_ws/install/example_package/local/lib/python3.10/dist-packages/example_package/example_package_s__rosidl_typesupport_fastrtps_c.cpython-310-x86_64-linux-gnu.so" to ""
-- Installing: /home/geoff/ros2_course_ws/install/example_package/local/lib/python3.10/dist-packages/example_package/example_package_s__rosidl_typesupport_introspection_c.cpython-310-x86_64-linux-gnu.so
-- Set runtime path of "/home/geoff/ros2_course_ws/install/example_package/local/lib/python3.10/dist-packages/example_package/example_package_s__rosidl_typesupport_introspection_c.cpython-310-x86_64-linux-gnu.so" to ""
-- Installing: /home/geoff/ros2_course_ws/install/example_package/local/lib/python3.10/dist-packages/example_package/example_package_s__rosidl_typesupport_c.cpython-310-x86_64-linux-gnu.so
-- Set runtime path of "/home/geoff/ros2_course_ws/install/example_package/local/lib/python3.10/dist-packages/example_package/example_package_s__rosidl_typesupport_c.cpython-310-x86_64-linux-gnu.so" to ""
-- Installing: /home/geoff/ros2_course_ws/install/example_package/lib/libexample_package__rosidl_generator_py.so
-- Set runtime path of "/home/geoff/ros2_course_ws/install/example_package/lib/libexample_package__rosidl_generator_py.so" to ""
-- Installing: /home/geoff/ros2_course_ws/install/example_package/share/example_package/rust
-- Installing: /home/geoff/ros2_course_ws/install/example_package/share/example_package/rust/build.rs
-- Installing: /home/geoff/ros2_course_ws/install/example_package/share/example_package/rust/src
-- Installing: /home/geoff/ros2_course_ws/install/example_package/share/example_package/rust/src/lib.rs
-- Installing: /home/geoff/ros2_course_ws/install/example_package/share/example_package/rust/src/srv
-- Installing: /home/geoff/ros2_course_ws/install/example_package/share/example_package/rust/src/srv/rmw.rs
-- Installing: /home/geoff/ros2_course_ws/install/example_package/share/example_package/rust/src/srv.rs
-- Installing: /home/geoff/ros2_course_ws/install/example_package/share/example_package/rust/Cargo.toml
-- Installing: /home/geoff/ros2_course_ws/install/example_package/share/example_package/srv/Adder.idl
-- Installing: /home/geoff/ros2_course_ws/install/example_package/share/example_package/srv/Adder.srv
-- Installing: /home/geoff/ros2_course_ws/install/example_package/share/example_package/srv/Adder_Request.msg
-- Installing: /home/geoff/ros2_course_ws/install/example_package/share/example_package/srv/Adder_Response.msg
-- Installing: /home/geoff/ros2_course_ws/install/example_package/lib/example_package/topic_publisher
-- Set runtime path of "/home/geoff/ros2_course_ws/install/example_package/lib/example_package/topic_publisher" to ""
-- Installing: /home/geoff/ros2_course_ws/install/example_package/share/ament_index/resource_index/package_run_dependencies/example_package
-- Up-to-date: /home/geoff/ros2_course_ws/install/example_package/share/ament_index/resource_index/parent_prefix_path/example_package
-- Up-to-date: /home/geoff/ros2_course_ws/install/example_package/share/example_package/environment/ament_prefix_path.sh
-- Installing: /home/geoff/ros2_course_ws/install/example_package/share/example_package/environment/ament_prefix_path.dsv
-- Up-to-date: /home/geoff/ros2_course_ws/install/example_package/share/example_package/environment/path.sh
-- Installing: /home/geoff/ros2_course_ws/install/example_package/share/example_package/environment/path.dsv
-- Up-to-date: /home/geoff/ros2_course_ws/install/example_package/share/example_package/local_setup.bash
-- Installing: /home/geoff/ros2_course_ws/install/example_package/share/example_package/local_setup.sh
-- Up-to-date: /home/geoff/ros2_course_ws/install/example_package/share/example_package/local_setup.zsh
-- Installing: /home/geoff/ros2_course_ws/install/example_package/share/example_package/local_setup.dsv
-- Installing: /home/geoff/ros2_course_ws/install/example_package/share/example_package/package.dsv
-- Up-to-date: /home/geoff/ros2_course_ws/install/example_package/share/ament_index/resource_index/packages/example_package
-- Installing: /home/geoff/ros2_course_ws/install/example_package/share/example_package/cmake/export_example_package__rosidl_generator_cExport.cmake
-- Installing: /home/geoff/ros2_course_ws/install/example_package/share/example_package/cmake/export_example_package__rosidl_generator_cExport-noconfig.cmake
-- Installing: /home/geoff/ros2_course_ws/install/example_package/share/example_package/cmake/export_example_package__rosidl_typesupport_fastrtps_cExport.cmake
-- Installing: /home/geoff/ros2_course_ws/install/example_package/share/example_package/cmake/export_example_package__rosidl_typesupport_fastrtps_cExport-noconfig.cmake
-- Installing: /home/geoff/ros2_course_ws/install/example_package/share/example_package/cmake/export_example_package__rosidl_generator_cppExport.cmake
-- Installing: /home/geoff/ros2_course_ws/install/example_package/share/example_package/cmake/export_example_package__rosidl_typesupport_fastrtps_cppExport.cmake
-- Installing: /home/geoff/ros2_course_ws/install/example_package/share/example_package/cmake/export_example_package__rosidl_typesupport_fastrtps_cppExport-noconfig.cmake
-- Installing: /home/geoff/ros2_course_ws/install/example_package/share/example_package/cmake/example_package__rosidl_typesupport_introspection_cExport.cmake
-- Installing: /home/geoff/ros2_course_ws/install/example_package/share/example_package/cmake/example_package__rosidl_typesupport_introspection_cExport-noconfig.cmake
-- Installing: /home/geoff/ros2_course_ws/install/example_package/share/example_package/cmake/example_package__rosidl_typesupport_cExport.cmake
-- Installing: /home/geoff/ros2_course_ws/install/example_package/share/example_package/cmake/example_package__rosidl_typesupport_cExport-noconfig.cmake
-- Installing: /home/geoff/ros2_course_ws/install/example_package/share/example_package/cmake/example_package__rosidl_typesupport_introspection_cppExport.cmake
-- Installing: /home/geoff/ros2_course_ws/install/example_package/share/example_package/cmake/example_package__rosidl_typesupport_introspection_cppExport-noconfig.cmake
-- Installing: /home/geoff/ros2_course_ws/install/example_package/share/example_package/cmake/example_package__rosidl_typesupport_cppExport.cmake
-- Installing: /home/geoff/ros2_course_ws/install/example_package/share/example_package/cmake/example_package__rosidl_typesupport_cppExport-noconfig.cmake
-- Installing: /home/geoff/ros2_course_ws/install/example_package/share/example_package/cmake/export_example_package__rosidl_generator_pyExport.cmake
-- Installing: /home/geoff/ros2_course_ws/install/example_package/share/example_package/cmake/export_example_package__rosidl_generator_pyExport-noconfig.cmake
-- Installing: /home/geoff/ros2_course_ws/install/example_package/share/example_package/cmake/rosidl_cmake-extras.cmake
-- Installing: /home/geoff/ros2_course_ws/install/example_package/share/example_package/cmake/ament_cmake_export_include_directories-extras.cmake
-- Installing: /home/geoff/ros2_course_ws/install/example_package/share/example_package/cmake/ament_cmake_export_libraries-extras.cmake
-- Installing: /home/geoff/ros2_course_ws/install/example_package/share/example_package/cmake/ament_cmake_export_targets-extras.cmake
-- Installing: /home/geoff/ros2_course_ws/install/example_package/share/example_package/cmake/rosidl_cmake_export_typesupport_targets-extras.cmake
-- Installing: /home/geoff/ros2_course_ws/install/example_package/share/example_package/cmake/ament_cmake_export_dependencies-extras.cmake
-- Installing: /home/geoff/ros2_course_ws/install/example_package/share/example_package/cmake/rosidl_cmake_export_typesupport_libraries-extras.cmake
-- Installing: /home/geoff/ros2_course_ws/install/example_package/share/example_package/cmake/rosidl_cmake_aggregate_target-extras.cmake
-- Installing: /home/geoff/ros2_course_ws/install/example_package/share/example_package/cmake/example_packageConfig.cmake
-- Up-to-date: /home/geoff/ros2_course_ws/install/example_package/share/example_package/cmake/example_packageConfig-version.cmake
-- Installing: /home/geoff/ros2_course_ws/install/example_package/share/example_package/package.xml
