[0.009s] Invoking command in '/home/geoff/ros2_course_ws/build/example_package': CMAKE_PREFIX_PATH=${CMAKE_PREFIX_PATH}:/home/geoff/turtlebot3_ws/install/turtlebot3_teleop:/home/geoff/turtlebot3_ws/install/turtlebot3_example:/opt/ros/humble /usr/bin/cmake --build /home/geoff/ros2_course_ws/build/example_package -- -j16 -l16
[0.026s] -- Found ament_cmake: 1.3.14 (/opt/ros/humble/share/ament_cmake/cmake)
[0.115s] -- Found std_msgs: 4.9.2 (/opt/ros/humble/share/std_msgs/cmake)
[0.130s] -- Found rosidl_generator_c: 3.1.9 (/opt/ros/humble/share/rosidl_generator_c/cmake)
[0.131s] -- Found rosidl_adapter: 3.1.9 (/opt/ros/humble/share/rosidl_adapter/cmake)
[0.135s] -- Found rosidl_generator_cpp: 3.1.9 (/opt/ros/humble/share/rosidl_generator_cpp/cmake)
[0.140s] -- Using all available rosidl_typesupport_c: rosidl_typesupport_fastrtps_c;rosidl_typesupport_introspection_c
[0.147s] -- Using all available rosidl_typesupport_cpp: rosidl_typesupport_fastrtps_cpp;rosidl_typesupport_introspection_cpp
[0.160s] -- Found rclcpp: 16.0.21 (/opt/ros/humble/share/rclcpp/cmake)
[0.175s] -- Found rmw_implementation_cmake: 6.1.4 (/opt/ros/humble/share/rmw_implementation_cmake/cmake)
[0.176s] -- Found rmw_fastrtps_cpp: 6.2.10 (/opt/ros/humble/share/rmw_fastrtps_cpp/cmake)
[0.242s] -- Using RMW implementation 'rmw_fastrtps_cpp' as default
[0.266s] -- Found rosidl_default_generators: 1.2.1 (/opt/ros/humble/share/rosidl_default_generators/cmake)
[0.436s] -- Found ament_cmake_ros: 0.10.1 (/opt/ros/humble/share/ament_cmake_ros/cmake)
[0.633s] -- Using all available rosidl_typesupport_c: rosidl_typesupport_fastrtps_c;rosidl_typesupport_introspection_c
[0.707s] -- Using all available rosidl_typesupport_cpp: rosidl_typesupport_fastrtps_cpp;rosidl_typesupport_introspection_cpp
[0.721s] -- Found PythonInterp: /usr/bin/python3 (found suitable version "3.10.12", minimum required is "3.6") 
[0.723s] -- Found python_cmake_module: 0.10.0 (/opt/ros/humble/share/python_cmake_module/cmake)
[0.741s] -- Found PythonLibs: /usr/lib/x86_64-linux-gnu/libpython3.10.so (found suitable version "3.10.12", minimum required is "3.5") 
[0.742s] -- Using PYTHON_EXECUTABLE: /usr/bin/python3
[0.742s] -- Using PYTHON_INCLUDE_DIRS: /usr/include/python3.10
[0.742s] -- Using PYTHON_LIBRARIES: /usr/lib/x86_64-linux-gnu/libpython3.10.so
[0.755s] -- Found PythonExtra: .so  
[0.816s] -- Found ament_lint_auto: 0.12.15 (/opt/ros/humble/share/ament_lint_auto/cmake)
[0.825s] -- Added test 'cppcheck' to perform static code analysis on C / C++ code
[0.825s] -- Configured cppcheck include dirs: 
[0.825s] -- Configured cppcheck exclude dirs and/or files: 
[0.826s] -- Added test 'lint_cmake' to check CMake code style
[0.826s] -- Added test 'uncrustify' to check C / C++ code style
[0.826s] -- Configured uncrustify additional arguments: 
[0.826s] -- Added test 'xmllint' to check XML markup files
[0.828s] -- Configuring done
[0.847s] -- Generating done
[0.854s] -- Build files have been written to: /home/geoff/ros2_course_ws/build/example_package
[0.875s] [  2%] [34m[1mGenerating C code for ROS interfaces[0m
[0.876s] [35m[1mConsolidate compiler generated dependencies of target topic_publisher[0m
[0.883s] [  8%] [34m[1mGenerating C++ code for ROS interfaces[0m
[0.883s] [  8%] [34m[1mGenerating Rust code for ROS interfaces[0m
[0.890s] [ 11%] [32mBuilding CXX object CMakeFiles/topic_publisher.dir/src/topic_publisher.cpp.o[0m
[0.890s] [ 11%] Built target ament_cmake_python_copy_example_package
[1.123s] [ 11%] Built target example_package__rs
[1.149s] running egg_info
[1.150s] creating example_package.egg-info
[1.150s] writing example_package.egg-info/PKG-INFO
[1.150s] writing dependency_links to example_package.egg-info/dependency_links.txt
[1.150s] writing top-level names to example_package.egg-info/top_level.txt
[1.150s] writing manifest file 'example_package.egg-info/SOURCES.txt'
[1.153s] reading manifest file 'example_package.egg-info/SOURCES.txt'
[1.154s] writing manifest file 'example_package.egg-info/SOURCES.txt'
[1.159s] [ 14%] [32mBuilding C object CMakeFiles/example_package__rosidl_generator_c.dir/rosidl_generator_c/example_package/srv/detail/adder__functions.c.o[0m
[1.161s] [ 14%] Built target example_package__cpp
[1.171s] [ 23%] [34m[1mGenerating C++ introspection for ROS interfaces[0m
[1.171s] [ 23%] [34m[1mGenerating C++ type support for eProsima Fast-RTPS[0m
[1.171s] [ 23%] [34m[1mGenerating C++ type support dispatch for ROS interfaces[0m
[1.180s] [ 23%] Built target ament_cmake_python_build_example_package_egg
[1.212s] [ 26%] [32m[1mLinking C shared library libexample_package__rosidl_generator_c.so[0m
[1.244s] [ 26%] Built target example_package__rosidl_generator_c
[1.255s] [ 29%] [34m[1mGenerating C introspection for ROS interfaces[0m
[1.255s] [ 35%] [34m[1mGenerating C type support dispatch for ROS interfaces[0m
[1.255s] [ 35%] [34m[1mGenerating C type support for eProsima Fast-RTPS[0m
[1.433s] [ 38%] [32mBuilding CXX object CMakeFiles/example_package__rosidl_typesupport_cpp.dir/rosidl_typesupport_cpp/example_package/srv/adder__type_support.cpp.o[0m
[1.456s] [ 41%] [32mBuilding CXX object CMakeFiles/example_package__rosidl_typesupport_introspection_cpp.dir/rosidl_typesupport_introspection_cpp/example_package/srv/detail/adder__type_support.cpp.o[0m
[1.489s] [ 44%] [32mBuilding CXX object CMakeFiles/example_package__rosidl_typesupport_fastrtps_cpp.dir/rosidl_typesupport_fastrtps_cpp/example_package/srv/detail/dds_fastrtps/adder__type_support.cpp.o[0m
[1.559s] [ 47%] [32mBuilding CXX object CMakeFiles/example_package__rosidl_typesupport_c.dir/rosidl_typesupport_c/example_package/srv/adder__type_support.cpp.o[0m
[1.595s] [ 50%] [32mBuilding C object CMakeFiles/example_package__rosidl_typesupport_introspection_c.dir/rosidl_typesupport_introspection_c/example_package/srv/detail/adder__type_support.c.o[0m
[1.595s] [ 52%] [32m[1mLinking CXX shared library libexample_package__rosidl_typesupport_c.so[0m
[1.601s] [ 55%] [32mBuilding CXX object CMakeFiles/example_package__rosidl_typesupport_fastrtps_c.dir/rosidl_typesupport_fastrtps_c/example_package/srv/detail/adder__type_support_c.cpp.o[0m
[1.634s] [ 58%] [32m[1mLinking C shared library libexample_package__rosidl_typesupport_introspection_c.so[0m
[1.642s] [ 58%] Built target example_package__rosidl_typesupport_c
[1.667s] [ 58%] Built target example_package__rosidl_typesupport_introspection_c
[1.722s] [ 61%] [32m[1mLinking CXX shared library libexample_package__rosidl_typesupport_cpp.so[0m
[1.760s] [ 61%] Built target example_package__rosidl_typesupport_cpp
[1.818s] [ 64%] [32m[1mLinking CXX shared library libexample_package__rosidl_typesupport_introspection_cpp.so[0m
[1.854s] [ 64%] Built target example_package__rosidl_typesupport_introspection_cpp
[1.860s] [ 67%] [32m[1mLinking CXX shared library libexample_package__rosidl_typesupport_fastrtps_cpp.so[0m
[1.878s] [ 70%] [32m[1mLinking CXX shared library libexample_package__rosidl_typesupport_fastrtps_c.so[0m
[1.913s] [ 70%] Built target example_package__rosidl_typesupport_fastrtps_cpp
[1.931s] [ 70%] Built target example_package__rosidl_typesupport_fastrtps_c
[1.945s] [ 70%] Built target example_package
[1.960s] [ 73%] [34m[1mGenerating Python code for ROS interfaces[0m
[2.212s] [ 73%] Built target example_package__py
[2.226s] [ 76%] [32mBuilding C object CMakeFiles/example_package__rosidl_generator_py.dir/rosidl_generator_py/example_package/srv/_adder_s.c.o[0m
[2.295s] [ 79%] [32m[1mLinking C shared library rosidl_generator_py/example_package/libexample_package__rosidl_generator_py.so[0m
[2.321s] [ 79%] Built target example_package__rosidl_generator_py
[2.338s] [ 88%] [32mBuilding C object CMakeFiles/example_package__rosidl_typesupport_fastrtps_c__pyext.dir/rosidl_generator_py/example_package/_example_package_s.ep.rosidl_typesupport_fastrtps_c.c.o[0m
[2.338s] [ 88%] [32mBuilding C object CMakeFiles/example_package__rosidl_typesupport_introspection_c__pyext.dir/rosidl_generator_py/example_package/_example_package_s.ep.rosidl_typesupport_introspection_c.c.o[0m
[2.338s] [ 88%] [32mBuilding C object CMakeFiles/example_package__rosidl_typesupport_c__pyext.dir/rosidl_generator_py/example_package/_example_package_s.ep.rosidl_typesupport_c.c.o[0m
[2.414s] [ 94%] [32m[1mLinking C shared library rosidl_generator_py/example_package/example_package_s__rosidl_typesupport_introspection_c.cpython-310-x86_64-linux-gnu.so[0m
[2.414s] [ 94%] [32m[1mLinking C shared library rosidl_generator_py/example_package/example_package_s__rosidl_typesupport_c.cpython-310-x86_64-linux-gnu.so[0m
[2.416s] [ 97%] [32m[1mLinking C shared library rosidl_generator_py/example_package/example_package_s__rosidl_typesupport_fastrtps_c.cpython-310-x86_64-linux-gnu.so[0m
[2.440s] [ 97%] Built target example_package__rosidl_typesupport_introspection_c__pyext
[2.440s] [ 97%] Built target example_package__rosidl_typesupport_c__pyext
[2.441s] [ 97%] Built target example_package__rosidl_typesupport_fastrtps_c__pyext
[6.928s] [100%] [32m[1mLinking CXX executable topic_publisher[0m
[7.243s] [100%] Built target topic_publisher
[7.254s] Invoked command in '/home/geoff/ros2_course_ws/build/example_package' returned '0': CMAKE_PREFIX_PATH=${CMAKE_PREFIX_PATH}:/home/geoff/turtlebot3_ws/install/turtlebot3_teleop:/home/geoff/turtlebot3_ws/install/turtlebot3_example:/opt/ros/humble /usr/bin/cmake --build /home/geoff/ros2_course_ws/build/example_package -- -j16 -l16
[7.256s] Invoking command in '/home/geoff/ros2_course_ws/build/example_package': CMAKE_PREFIX_PATH=${CMAKE_PREFIX_PATH}:/home/geoff/turtlebot3_ws/install/turtlebot3_teleop:/home/geoff/turtlebot3_ws/install/turtlebot3_example:/opt/ros/humble /usr/bin/cmake --install /home/geoff/ros2_course_ws/build/example_package
[7.263s] -- Install configuration: ""
[7.263s] -- Installing: /home/geoff/ros2_course_ws/install/example_package/share/ament_index/resource_index/rosidl_interfaces/example_package
[7.263s] -- Installing: /home/geoff/ros2_course_ws/install/example_package/include/example_package/example_package
[7.263s] -- Installing: /home/geoff/ros2_course_ws/install/example_package/include/example_package/example_package/msg
[7.263s] -- Installing: /home/geoff/ros2_course_ws/install/example_package/include/example_package/example_package/msg/rosidl_generator_c__visibility_control.h
[7.264s] -- Installing: /home/geoff/ros2_course_ws/install/example_package/include/example_package/example_package/srv
[7.264s] -- Installing: /home/geoff/ros2_course_ws/install/example_package/include/example_package/example_package/srv/detail
[7.264s] -- Installing: /home/geoff/ros2_course_ws/install/example_package/include/example_package/example_package/srv/detail/adder__functions.c
[7.264s] -- Installing: /home/geoff/ros2_course_ws/install/example_package/include/example_package/example_package/srv/detail/adder__functions.h
[7.264s] -- Installing: /home/geoff/ros2_course_ws/install/example_package/include/example_package/example_package/srv/detail/adder__struct.h
[7.264s] -- Installing: /home/geoff/ros2_course_ws/install/example_package/include/example_package/example_package/srv/detail/adder__type_support.h
[7.264s] -- Installing: /home/geoff/ros2_course_ws/install/example_package/include/example_package/example_package/srv/adder.h
[7.264s] -- Installing: /home/geoff/ros2_course_ws/install/example_package/share/example_package/environment/library_path.sh
[7.264s] -- Installing: /home/geoff/ros2_course_ws/install/example_package/share/example_package/environment/library_path.dsv
[7.264s] -- Installing: /home/geoff/ros2_course_ws/install/example_package/lib/libexample_package__rosidl_generator_c.so
[7.265s] -- Set runtime path of "/home/geoff/ros2_course_ws/install/example_package/lib/libexample_package__rosidl_generator_c.so" to ""
[7.265s] -- Up-to-date: /home/geoff/ros2_course_ws/install/example_package/include/example_package/example_package
[7.265s] -- Up-to-date: /home/geoff/ros2_course_ws/install/example_package/include/example_package/example_package/msg
[7.265s] -- Installing: /home/geoff/ros2_course_ws/install/example_package/include/example_package/example_package/msg/rosidl_typesupport_fastrtps_c__visibility_control.h
[7.265s] -- Up-to-date: /home/geoff/ros2_course_ws/install/example_package/include/example_package/example_package/srv
[7.265s] -- Up-to-date: /home/geoff/ros2_course_ws/install/example_package/include/example_package/example_package/srv/detail
[7.265s] -- Installing: /home/geoff/ros2_course_ws/install/example_package/include/example_package/example_package/srv/detail/adder__rosidl_typesupport_fastrtps_c.h
[7.265s] -- Installing: /home/geoff/ros2_course_ws/install/example_package/lib/libexample_package__rosidl_typesupport_fastrtps_c.so
[7.265s] -- Set runtime path of "/home/geoff/ros2_course_ws/install/example_package/lib/libexample_package__rosidl_typesupport_fastrtps_c.so" to ""
[7.266s] -- Up-to-date: /home/geoff/ros2_course_ws/install/example_package/include/example_package/example_package
[7.266s] -- Up-to-date: /home/geoff/ros2_course_ws/install/example_package/include/example_package/example_package/msg
[7.266s] -- Installing: /home/geoff/ros2_course_ws/install/example_package/include/example_package/example_package/msg/rosidl_generator_cpp__visibility_control.hpp
[7.266s] -- Up-to-date: /home/geoff/ros2_course_ws/install/example_package/include/example_package/example_package/srv
[7.266s] -- Up-to-date: /home/geoff/ros2_course_ws/install/example_package/include/example_package/example_package/srv/detail
[7.266s] -- Installing: /home/geoff/ros2_course_ws/install/example_package/include/example_package/example_package/srv/detail/adder__builder.hpp
[7.266s] -- Installing: /home/geoff/ros2_course_ws/install/example_package/include/example_package/example_package/srv/detail/adder__traits.hpp
[7.266s] -- Installing: /home/geoff/ros2_course_ws/install/example_package/include/example_package/example_package/srv/detail/adder__struct.hpp
[7.266s] -- Installing: /home/geoff/ros2_course_ws/install/example_package/include/example_package/example_package/srv/detail/adder__type_support.hpp
[7.266s] -- Installing: /home/geoff/ros2_course_ws/install/example_package/include/example_package/example_package/srv/adder.hpp
[7.266s] -- Up-to-date: /home/geoff/ros2_course_ws/install/example_package/include/example_package/example_package
[7.266s] -- Up-to-date: /home/geoff/ros2_course_ws/install/example_package/include/example_package/example_package/msg
[7.266s] -- Installing: /home/geoff/ros2_course_ws/install/example_package/include/example_package/example_package/msg/rosidl_typesupport_fastrtps_cpp__visibility_control.h
[7.266s] -- Up-to-date: /home/geoff/ros2_course_ws/install/example_package/include/example_package/example_package/srv
[7.266s] -- Up-to-date: /home/geoff/ros2_course_ws/install/example_package/include/example_package/example_package/srv/detail
[7.266s] -- Installing: /home/geoff/ros2_course_ws/install/example_package/include/example_package/example_package/srv/detail/dds_fastrtps
[7.266s] -- Installing: /home/geoff/ros2_course_ws/install/example_package/include/example_package/example_package/srv/detail/adder__rosidl_typesupport_fastrtps_cpp.hpp
[7.266s] -- Installing: /home/geoff/ros2_course_ws/install/example_package/lib/libexample_package__rosidl_typesupport_fastrtps_cpp.so
[7.267s] -- Set runtime path of "/home/geoff/ros2_course_ws/install/example_package/lib/libexample_package__rosidl_typesupport_fastrtps_cpp.so" to ""
[7.267s] -- Up-to-date: /home/geoff/ros2_course_ws/install/example_package/include/example_package/example_package
[7.267s] -- Up-to-date: /home/geoff/ros2_course_ws/install/example_package/include/example_package/example_package/msg
[7.267s] -- Installing: /home/geoff/ros2_course_ws/install/example_package/include/example_package/example_package/msg/rosidl_typesupport_introspection_c__visibility_control.h
[7.267s] -- Up-to-date: /home/geoff/ros2_course_ws/install/example_package/include/example_package/example_package/srv
[7.267s] -- Up-to-date: /home/geoff/ros2_course_ws/install/example_package/include/example_package/example_package/srv/detail
[7.267s] -- Installing: /home/geoff/ros2_course_ws/install/example_package/include/example_package/example_package/srv/detail/adder__rosidl_typesupport_introspection_c.h
[7.267s] -- Installing: /home/geoff/ros2_course_ws/install/example_package/include/example_package/example_package/srv/detail/adder__type_support.c
[7.267s] -- Installing: /home/geoff/ros2_course_ws/install/example_package/lib/libexample_package__rosidl_typesupport_introspection_c.so
[7.267s] -- Set runtime path of "/home/geoff/ros2_course_ws/install/example_package/lib/libexample_package__rosidl_typesupport_introspection_c.so" to ""
[7.267s] -- Installing: /home/geoff/ros2_course_ws/install/example_package/lib/libexample_package__rosidl_typesupport_c.so
[7.267s] -- Set runtime path of "/home/geoff/ros2_course_ws/install/example_package/lib/libexample_package__rosidl_typesupport_c.so" to ""
[7.268s] -- Up-to-date: /home/geoff/ros2_course_ws/install/example_package/include/example_package/example_package
[7.268s] -- Up-to-date: /home/geoff/ros2_course_ws/install/example_package/include/example_package/example_package/srv
[7.268s] -- Up-to-date: /home/geoff/ros2_course_ws/install/example_package/include/example_package/example_package/srv/detail
[7.268s] -- Installing: /home/geoff/ros2_course_ws/install/example_package/include/example_package/example_package/srv/detail/adder__rosidl_typesupport_introspection_cpp.hpp
[7.268s] -- Installing: /home/geoff/ros2_course_ws/install/example_package/include/example_package/example_package/srv/detail/adder__type_support.cpp
[7.268s] -- Installing: /home/geoff/ros2_course_ws/install/example_package/lib/libexample_package__rosidl_typesupport_introspection_cpp.so
[7.268s] -- Set runtime path of "/home/geoff/ros2_course_ws/install/example_package/lib/libexample_package__rosidl_typesupport_introspection_cpp.so" to ""
[7.268s] -- Installing: /home/geoff/ros2_course_ws/install/example_package/lib/libexample_package__rosidl_typesupport_cpp.so
[7.268s] -- Set runtime path of "/home/geoff/ros2_course_ws/install/example_package/lib/libexample_package__rosidl_typesupport_cpp.so" to ""
[7.268s] -- Installing: /home/geoff/ros2_course_ws/install/example_package/share/example_package/environment/pythonpath.sh
[7.268s] -- Installing: /home/geoff/ros2_course_ws/install/example_package/share/example_package/environment/pythonpath.dsv
[7.268s] -- Installing: /home/geoff/ros2_course_ws/install/example_package/local/lib/python3.10/dist-packages/example_package-0.0.0-py3.10.egg-info
[7.269s] -- Installing: /home/geoff/ros2_course_ws/install/example_package/local/lib/python3.10/dist-packages/example_package-0.0.0-py3.10.egg-info/PKG-INFO
[7.269s] -- Installing: /home/geoff/ros2_course_ws/install/example_package/local/lib/python3.10/dist-packages/example_package-0.0.0-py3.10.egg-info/SOURCES.txt
[7.269s] -- Installing: /home/geoff/ros2_course_ws/install/example_package/local/lib/python3.10/dist-packages/example_package-0.0.0-py3.10.egg-info/top_level.txt
[7.269s] -- Installing: /home/geoff/ros2_course_ws/install/example_package/local/lib/python3.10/dist-packages/example_package-0.0.0-py3.10.egg-info/dependency_links.txt
[7.269s] -- Installing: /home/geoff/ros2_course_ws/install/example_package/local/lib/python3.10/dist-packages/example_package
[7.269s] -- Installing: /home/geoff/ros2_course_ws/install/example_package/local/lib/python3.10/dist-packages/example_package/__init__.py
[7.269s] -- Installing: /home/geoff/ros2_course_ws/install/example_package/local/lib/python3.10/dist-packages/example_package/srv
[7.269s] -- Installing: /home/geoff/ros2_course_ws/install/example_package/local/lib/python3.10/dist-packages/example_package/srv/__init__.py
[7.269s] -- Installing: /home/geoff/ros2_course_ws/install/example_package/local/lib/python3.10/dist-packages/example_package/srv/_adder_s.c
[7.269s] -- Installing: /home/geoff/ros2_course_ws/install/example_package/local/lib/python3.10/dist-packages/example_package/srv/_adder.py
[7.269s] -- Installing: /home/geoff/ros2_course_ws/install/example_package/local/lib/python3.10/dist-packages/example_package/_example_package_s.ep.rosidl_typesupport_fastrtps_c.c
[7.269s] -- Installing: /home/geoff/ros2_course_ws/install/example_package/local/lib/python3.10/dist-packages/example_package/example_package_s__rosidl_typesupport_fastrtps_c.cpython-310-x86_64-linux-gnu.so
[7.269s] -- Installing: /home/geoff/ros2_course_ws/install/example_package/local/lib/python3.10/dist-packages/example_package/example_package_s__rosidl_typesupport_introspection_c.cpython-310-x86_64-linux-gnu.so
[7.269s] -- Installing: /home/geoff/ros2_course_ws/install/example_package/local/lib/python3.10/dist-packages/example_package/_example_package_s.ep.rosidl_typesupport_c.c
[7.270s] -- Installing: /home/geoff/ros2_course_ws/install/example_package/local/lib/python3.10/dist-packages/example_package/_example_package_s.ep.rosidl_typesupport_introspection_c.c
[7.270s] -- Installing: /home/geoff/ros2_course_ws/install/example_package/local/lib/python3.10/dist-packages/example_package/libexample_package__rosidl_generator_py.so
[7.270s] -- Installing: /home/geoff/ros2_course_ws/install/example_package/local/lib/python3.10/dist-packages/example_package/example_package_s__rosidl_typesupport_c.cpython-310-x86_64-linux-gnu.so
[7.302s] Listing '/home/geoff/ros2_course_ws/install/example_package/local/lib/python3.10/dist-packages/example_package'...
[7.302s] Compiling '/home/geoff/ros2_course_ws/install/example_package/local/lib/python3.10/dist-packages/example_package/__init__.py'...
[7.302s] Listing '/home/geoff/ros2_course_ws/install/example_package/local/lib/python3.10/dist-packages/example_package/srv'...
[7.302s] Compiling '/home/geoff/ros2_course_ws/install/example_package/local/lib/python3.10/dist-packages/example_package/srv/__init__.py'...
[7.302s] Compiling '/home/geoff/ros2_course_ws/install/example_package/local/lib/python3.10/dist-packages/example_package/srv/_adder.py'...
[7.307s] -- Installing: /home/geoff/ros2_course_ws/install/example_package/local/lib/python3.10/dist-packages/example_package/example_package_s__rosidl_typesupport_fastrtps_c.cpython-310-x86_64-linux-gnu.so
[7.307s] -- Set runtime path of "/home/geoff/ros2_course_ws/install/example_package/local/lib/python3.10/dist-packages/example_package/example_package_s__rosidl_typesupport_fastrtps_c.cpython-310-x86_64-linux-gnu.so" to ""
[7.307s] -- Installing: /home/geoff/ros2_course_ws/install/example_package/local/lib/python3.10/dist-packages/example_package/example_package_s__rosidl_typesupport_introspection_c.cpython-310-x86_64-linux-gnu.so
[7.307s] -- Set runtime path of "/home/geoff/ros2_course_ws/install/example_package/local/lib/python3.10/dist-packages/example_package/example_package_s__rosidl_typesupport_introspection_c.cpython-310-x86_64-linux-gnu.so" to ""
[7.307s] -- Installing: /home/geoff/ros2_course_ws/install/example_package/local/lib/python3.10/dist-packages/example_package/example_package_s__rosidl_typesupport_c.cpython-310-x86_64-linux-gnu.so
[7.307s] -- Set runtime path of "/home/geoff/ros2_course_ws/install/example_package/local/lib/python3.10/dist-packages/example_package/example_package_s__rosidl_typesupport_c.cpython-310-x86_64-linux-gnu.so" to ""
[7.307s] -- Installing: /home/geoff/ros2_course_ws/install/example_package/lib/libexample_package__rosidl_generator_py.so
[7.308s] -- Set runtime path of "/home/geoff/ros2_course_ws/install/example_package/lib/libexample_package__rosidl_generator_py.so" to ""
[7.308s] -- Installing: /home/geoff/ros2_course_ws/install/example_package/share/example_package/rust
[7.308s] -- Installing: /home/geoff/ros2_course_ws/install/example_package/share/example_package/rust/build.rs
[7.308s] -- Installing: /home/geoff/ros2_course_ws/install/example_package/share/example_package/rust/src
[7.308s] -- Installing: /home/geoff/ros2_course_ws/install/example_package/share/example_package/rust/src/lib.rs
[7.308s] -- Installing: /home/geoff/ros2_course_ws/install/example_package/share/example_package/rust/src/srv
[7.308s] -- Installing: /home/geoff/ros2_course_ws/install/example_package/share/example_package/rust/src/srv/rmw.rs
[7.308s] -- Installing: /home/geoff/ros2_course_ws/install/example_package/share/example_package/rust/src/srv.rs
[7.308s] -- Installing: /home/geoff/ros2_course_ws/install/example_package/share/example_package/rust/Cargo.toml
[7.308s] -- Installing: /home/geoff/ros2_course_ws/install/example_package/share/example_package/srv/Adder.idl
[7.308s] -- Installing: /home/geoff/ros2_course_ws/install/example_package/share/example_package/srv/Adder.srv
[7.308s] -- Installing: /home/geoff/ros2_course_ws/install/example_package/share/example_package/srv/Adder_Request.msg
[7.309s] -- Installing: /home/geoff/ros2_course_ws/install/example_package/share/example_package/srv/Adder_Response.msg
[7.309s] -- Installing: /home/geoff/ros2_course_ws/install/example_package/lib/example_package/topic_publisher
[7.312s] -- Set runtime path of "/home/geoff/ros2_course_ws/install/example_package/lib/example_package/topic_publisher" to ""
[7.312s] -- Installing: /home/geoff/ros2_course_ws/install/example_package/share/ament_index/resource_index/package_run_dependencies/example_package
[7.312s] -- Up-to-date: /home/geoff/ros2_course_ws/install/example_package/share/ament_index/resource_index/parent_prefix_path/example_package
[7.312s] -- Up-to-date: /home/geoff/ros2_course_ws/install/example_package/share/example_package/environment/ament_prefix_path.sh
[7.312s] -- Installing: /home/geoff/ros2_course_ws/install/example_package/share/example_package/environment/ament_prefix_path.dsv
[7.312s] -- Up-to-date: /home/geoff/ros2_course_ws/install/example_package/share/example_package/environment/path.sh
[7.312s] -- Installing: /home/geoff/ros2_course_ws/install/example_package/share/example_package/environment/path.dsv
[7.312s] -- Up-to-date: /home/geoff/ros2_course_ws/install/example_package/share/example_package/local_setup.bash
[7.313s] -- Installing: /home/geoff/ros2_course_ws/install/example_package/share/example_package/local_setup.sh
[7.313s] -- Up-to-date: /home/geoff/ros2_course_ws/install/example_package/share/example_package/local_setup.zsh
[7.313s] -- Installing: /home/geoff/ros2_course_ws/install/example_package/share/example_package/local_setup.dsv
[7.313s] -- Installing: /home/geoff/ros2_course_ws/install/example_package/share/example_package/package.dsv
[7.313s] -- Up-to-date: /home/geoff/ros2_course_ws/install/example_package/share/ament_index/resource_index/packages/example_package
[7.313s] -- Installing: /home/geoff/ros2_course_ws/install/example_package/share/example_package/cmake/export_example_package__rosidl_generator_cExport.cmake
[7.313s] -- Installing: /home/geoff/ros2_course_ws/install/example_package/share/example_package/cmake/export_example_package__rosidl_generator_cExport-noconfig.cmake
[7.313s] -- Installing: /home/geoff/ros2_course_ws/install/example_package/share/example_package/cmake/export_example_package__rosidl_typesupport_fastrtps_cExport.cmake
[7.313s] -- Installing: /home/geoff/ros2_course_ws/install/example_package/share/example_package/cmake/export_example_package__rosidl_typesupport_fastrtps_cExport-noconfig.cmake
[7.313s] -- Installing: /home/geoff/ros2_course_ws/install/example_package/share/example_package/cmake/export_example_package__rosidl_generator_cppExport.cmake
[7.313s] -- Installing: /home/geoff/ros2_course_ws/install/example_package/share/example_package/cmake/export_example_package__rosidl_typesupport_fastrtps_cppExport.cmake
[7.313s] -- Installing: /home/geoff/ros2_course_ws/install/example_package/share/example_package/cmake/export_example_package__rosidl_typesupport_fastrtps_cppExport-noconfig.cmake
[7.314s] -- Installing: /home/geoff/ros2_course_ws/install/example_package/share/example_package/cmake/example_package__rosidl_typesupport_introspection_cExport.cmake
[7.314s] -- Installing: /home/geoff/ros2_course_ws/install/example_package/share/example_package/cmake/example_package__rosidl_typesupport_introspection_cExport-noconfig.cmake
[7.314s] -- Installing: /home/geoff/ros2_course_ws/install/example_package/share/example_package/cmake/example_package__rosidl_typesupport_cExport.cmake
[7.314s] -- Installing: /home/geoff/ros2_course_ws/install/example_package/share/example_package/cmake/example_package__rosidl_typesupport_cExport-noconfig.cmake
[7.314s] -- Installing: /home/geoff/ros2_course_ws/install/example_package/share/example_package/cmake/example_package__rosidl_typesupport_introspection_cppExport.cmake
[7.314s] -- Installing: /home/geoff/ros2_course_ws/install/example_package/share/example_package/cmake/example_package__rosidl_typesupport_introspection_cppExport-noconfig.cmake
[7.314s] -- Installing: /home/geoff/ros2_course_ws/install/example_package/share/example_package/cmake/example_package__rosidl_typesupport_cppExport.cmake
[7.314s] -- Installing: /home/geoff/ros2_course_ws/install/example_package/share/example_package/cmake/example_package__rosidl_typesupport_cppExport-noconfig.cmake
[7.314s] -- Installing: /home/geoff/ros2_course_ws/install/example_package/share/example_package/cmake/export_example_package__rosidl_generator_pyExport.cmake
[7.314s] -- Installing: /home/geoff/ros2_course_ws/install/example_package/share/example_package/cmake/export_example_package__rosidl_generator_pyExport-noconfig.cmake
[7.315s] -- Installing: /home/geoff/ros2_course_ws/install/example_package/share/example_package/cmake/rosidl_cmake-extras.cmake
[7.315s] -- Installing: /home/geoff/ros2_course_ws/install/example_package/share/example_package/cmake/ament_cmake_export_include_directories-extras.cmake
[7.315s] -- Installing: /home/geoff/ros2_course_ws/install/example_package/share/example_package/cmake/ament_cmake_export_libraries-extras.cmake
[7.315s] -- Installing: /home/geoff/ros2_course_ws/install/example_package/share/example_package/cmake/ament_cmake_export_targets-extras.cmake
[7.315s] -- Installing: /home/geoff/ros2_course_ws/install/example_package/share/example_package/cmake/rosidl_cmake_export_typesupport_targets-extras.cmake
[7.315s] -- Installing: /home/geoff/ros2_course_ws/install/example_package/share/example_package/cmake/ament_cmake_export_dependencies-extras.cmake
[7.315s] -- Installing: /home/geoff/ros2_course_ws/install/example_package/share/example_package/cmake/rosidl_cmake_export_typesupport_libraries-extras.cmake
[7.315s] -- Installing: /home/geoff/ros2_course_ws/install/example_package/share/example_package/cmake/rosidl_cmake_aggregate_target-extras.cmake
[7.315s] -- Installing: /home/geoff/ros2_course_ws/install/example_package/share/example_package/cmake/example_packageConfig.cmake
[7.315s] -- Up-to-date: /home/geoff/ros2_course_ws/install/example_package/share/example_package/cmake/example_packageConfig-version.cmake
[7.315s] -- Installing: /home/geoff/ros2_course_ws/install/example_package/share/example_package/package.xml
[7.318s] Invoked command in '/home/geoff/ros2_course_ws/build/example_package' returned '0': CMAKE_PREFIX_PATH=${CMAKE_PREFIX_PATH}:/home/geoff/turtlebot3_ws/install/turtlebot3_teleop:/home/geoff/turtlebot3_ws/install/turtlebot3_example:/opt/ros/humble /usr/bin/cmake --install /home/geoff/ros2_course_ws/build/example_package
