[01m[K/home/geoff/ros2_course_ws/src/example_package/src/service_client.cpp:[m[K In function ‘[01m[Kint main(int, char**)[m[K’:
[01m[K/home/geoff/ros2_course_ws/src/example_package/src/service_client.cpp:13:48:[m[K [01;31m[Kerror: [m[K‘[01m[KReqest[m[K’ is not a member of ‘[01m[Kexample_package::srv::Adder[m[K’
   13 |   std::shared_ptr<example_package::srv::Adder::[01;31m[KReqest[m[K> request = std::make_shared<example_package::srv::Adder::Request>();
      |                                                [01;31m[K^~~~~~[m[K
[01m[K/home/geoff/ros2_course_ws/src/example_package/src/service_client.cpp:13:54:[m[K [01;31m[Kerror: [m[Ktemplate argument 1 is invalid
   13 |   std::shared_ptr<example_package::srv::Adder::Reqest[01;31m[K>[m[K request = std::make_shared<example_package::srv::Adder::Request>();
      |                                                      [01;31m[K^[m[K
[01m[K/home/geoff/ros2_course_ws/src/example_package/src/service_client.cpp:13:120:[m[K [01;31m[Kerror: [m[Kcannot convert ‘[01m[Kstd::shared_ptr<example_package::srv::Adder_Request_<std::allocator<void> > >[m[K’ to ‘[01m[Kint[m[K’ in initialization
   13 |   std::shared_ptr<example_package::srv::Adder::Reqest> request = [01;31m[Kstd::make_shared<example_package::srv::Adder::Request>()[m[K;
      |                                                                  [01;31m[K~~~~~~~~~~~~~~~~~~~~~~~~~~~~~~~~~~~~~~~~~~~~~~~~~~~~~~^~[m[K
      |                                                                                                                        [01;31m[K|[m[K
      |                                                                                                                        [01;31m[Kstd::shared_ptr<example_package::srv::Adder_Request_<std::allocator<void> > >[m[K
[01m[K/home/geoff/ros2_course_ws/src/example_package/src/service_client.cpp:15:10:[m[K [01;31m[Kerror: [m[Kbase operand of ‘[01m[K->[m[K’ is not a pointer
   15 |   request[01;31m[K->[m[Kvalue1 = 5.0;
      |          [01;31m[K^~[m[K
[01m[K/home/geoff/ros2_course_ws/src/example_package/src/service_client.cpp:16:10:[m[K [01;31m[Kerror: [m[Kbase operand of ‘[01m[K->[m[K’ is not a pointer
   16 |   request[01;31m[K->[m[Kvalue2 = 4.0;
      |          [01;31m[K^~[m[K
[01m[K/home/geoff/ros2_course_ws/src/example_package/src/service_client.cpp:20:48:[m[K [01;31m[Kerror: [m[K‘[01m[KFutureAndRequestID[m[K’ is not a member of ‘[01m[Krclcpp::Client<example_package::srv::Adder>[m[K’
   20 |   rclcpp::Client<example_package::srv::Adder>::[01;31m[KFutureAndRequestID[m[K response = client->async_send_request(request);
      |                                                [01;31m[K^~~~~~~~~~~~~~~~~~[m[K
[01m[K/home/geoff/ros2_course_ws/src/example_package/src/service_client.cpp:22:79:[m[K [01;31m[Kerror: [m[K‘[01m[Kresponse[m[K’ was not declared in this scope
   22 |   rclcpp::FutureReturnCode success = rclcpp::spin_until_future_complete(node, [01;31m[Kresponse[m[K);
      |                                                                               [01;31m[K^~~~~~~~[m[K
gmake[2]: *** [CMakeFiles/service_client.dir/build.make:76: CMakeFiles/service_client.dir/src/service_client.cpp.o] Error 1
gmake[1]: *** [CMakeFiles/Makefile2:669: CMakeFiles/service_client.dir/all] Error 2
gmake: *** [Makefile:146: all] Error 2
