-- Found ament_cmake: 1.3.14 (/opt/ros/humble/share/ament_cmake/cmake)
-- Found std_msgs: 4.9.2 (/opt/ros/humble/share/std_msgs/cmake)
-- Found rosidl_generator_c: 3.1.9 (/opt/ros/humble/share/rosidl_generator_c/cmake)
-- Found rosidl_adapter: 3.1.9 (/opt/ros/humble/share/rosidl_adapter/cmake)
-- Found rosidl_generator_cpp: 3.1.9 (/opt/ros/humble/share/rosidl_generator_cpp/cmake)
-- Using all available rosidl_typesupport_c: rosidl_typesupport_fastrtps_c;rosidl_typesupport_introspection_c
-- Using all available rosidl_typesupport_cpp: rosidl_typesupport_fastrtps_cpp;rosidl_typesupport_introspection_cpp
-- Found rclcpp: 16.0.21 (/opt/ros/humble/share/rclcpp/cmake)
-- Found rmw_implementation_cmake: 6.1.4 (/opt/ros/humble/share/rmw_implementation_cmake/cmake)
-- Found rmw_fastrtps_cpp: 6.2.10 (/opt/ros/humble/share/rmw_fastrtps_cpp/cmake)
-- Using RMW implementation 'rmw_fastrtps_cpp' as default
-- Found rosidl_default_generators: 1.2.1 (/opt/ros/humble/share/rosidl_default_generators/cmake)
-- Found ament_cmake_ros: 0.10.1 (/opt/ros/humble/share/ament_cmake_ros/cmake)
-- Using all available rosidl_typesupport_c: rosidl_typesupport_fastrtps_c;rosidl_typesupport_introspection_c
-- Using all available rosidl_typesupport_cpp: rosidl_typesupport_fastrtps_cpp;rosidl_typesupport_introspection_cpp
-- Found python_cmake_module: 0.10.0 (/opt/ros/humble/share/python_cmake_module/cmake)
-- Using PYTHON_EXECUTABLE: /usr/bin/python3
-- Using PYTHON_INCLUDE_DIRS: /usr/include/python3.10
-- Using PYTHON_LIBRARIES: /usr/lib/x86_64-linux-gnu/libpython3.10.so
-- Found ament_lint_auto: 0.12.15 (/opt/ros/humble/share/ament_lint_auto/cmake)
-- Added test 'cppcheck' to perform static code analysis on C / C++ code
-- Configured cppcheck include dirs: 
-- Configured cppcheck exclude dirs and/or files: 
-- Added test 'lint_cmake' to check CMake code style
-- Added test 'uncrustify' to check C / C++ code style
-- Configured uncrustify additional arguments: 
-- Added test 'xmllint' to check XML markup files
-- Configuring done
-- Generating done
-- Build files have been written to: /home/geoff/ros2_course_ws/build/example_package
[35m[1mConsolidate compiler generated dependencies of target example_package__rosidl_generator_c[0m
[35m[1mConsolidate compiler generated dependencies of target topic_publisher[0m
[ 10%] Built target example_package__rs
[ 13%] Built target example_package__cpp
[ 13%] Built target example_package__rosidl_generator_c
[ 18%] Built target topic_publisher
[ 18%] Built target ament_cmake_python_copy_example_package
[35m[1mConsolidate compiler generated dependencies of target example_package__rosidl_typesupport_fastrtps_cpp[0m
[35m[1mConsolidate compiler generated dependencies of target example_package__rosidl_typesupport_introspection_cpp[0m
[35m[1mConsolidate compiler generated dependencies of target example_package__rosidl_typesupport_cpp[0m
[35m[1mConsolidate compiler generated dependencies of target example_package__rosidl_typesupport_introspection_c[0m
[35m[1mConsolidate compiler generated dependencies of target example_package__rosidl_typesupport_c[0m
[35m[1mConsolidate compiler generated dependencies of target example_package__rosidl_typesupport_fastrtps_c[0m
[ 26%] Built target example_package__rosidl_typesupport_introspection_cpp
[ 34%] Built target example_package__rosidl_typesupport_cpp
[ 42%] Built target example_package__rosidl_typesupport_fastrtps_cpp
[ 50%] Built target example_package__rosidl_typesupport_introspection_c
[ 57%] Built target example_package__rosidl_typesupport_c
[ 65%] Built target example_package__rosidl_typesupport_fastrtps_c
[35m[1mConsolidate compiler generated dependencies of target service_advertiser[0m
[ 68%] [32mBuilding CXX object CMakeFiles/service_client.dir/src/service_client.cpp.o[0m
[ 73%] Built target service_advertiser
[ 73%] Built target example_package
[ 76%] Built target example_package__py
[35m[1mConsolidate compiler generated dependencies of target example_package__rosidl_generator_py[0m
[ 81%] Built target example_package__rosidl_generator_py
[35m[1mConsolidate compiler generated dependencies of target example_package__rosidl_typesupport_fastrtps_c__pyext[0m
[35m[1mConsolidate compiler generated dependencies of target example_package__rosidl_typesupport_introspection_c__pyext[0m
[35m[1mConsolidate compiler generated dependencies of target example_package__rosidl_typesupport_c__pyext[0m
[ 86%] Built target example_package__rosidl_typesupport_c__pyext
[ 97%] Built target example_package__rosidl_typesupport_introspection_c__pyext
[ 97%] Built target example_package__rosidl_typesupport_fastrtps_c__pyext
running egg_info
writing example_package.egg-info/PKG-INFO
writing dependency_links to example_package.egg-info/dependency_links.txt
writing top-level names to example_package.egg-info/top_level.txt
reading manifest file 'example_package.egg-info/SOURCES.txt'
writing manifest file 'example_package.egg-info/SOURCES.txt'
[ 97%] Built target ament_cmake_python_build_example_package_egg
[01m[K/home/geoff/ros2_course_ws/src/example_package/src/service_client.cpp:[m[K In function ‘[01m[Kint main(int, char**)[m[K’:
[01m[K/home/geoff/ros2_course_ws/src/example_package/src/service_client.cpp:13:48:[m[K [01;31m[Kerror: [m[K‘[01m[KReqest[m[K’ is not a member of ‘[01m[Kexample_package::srv::Adder[m[K’
   13 |   std::shared_ptr<example_package::srv::Adder::[01;31m[KReqest[m[K> request = std::make_shared<example_package::srv::Adder::Request>();
      |                                                [01;31m[K^~~~~~[m[K
[01m[K/home/geoff/ros2_course_ws/src/example_package/src/service_client.cpp:13:54:[m[K [01;31m[Kerror: [m[Ktemplate argument 1 is invalid
   13 |   std::shared_ptr<example_package::srv::Adder::Reqest[01;31m[K>[m[K request = std::make_shared<example_package::srv::Adder::Request>();
      |                                                      [01;31m[K^[m[K
[01m[K/home/geoff/ros2_course_ws/src/example_package/src/service_client.cpp:13:120:[m[K [01;31m[Kerror: [m[Kcannot convert ‘[01m[Kstd::shared_ptr<example_package::srv::Adder_Request_<std::allocator<void> > >[m[K’ to ‘[01m[Kint[m[K’ in initialization
   13 |   std::shared_ptr<example_package::srv::Adder::Reqest> request = [01;31m[Kstd::make_shared<example_package::srv::Adder::Request>()[m[K;
      |                                                                  [01;31m[K~~~~~~~~~~~~~~~~~~~~~~~~~~~~~~~~~~~~~~~~~~~~~~~~~~~~~~^~[m[K
      |                                                                                                                        [01;31m[K|[m[K
      |                                                                                                                        [01;31m[Kstd::shared_ptr<example_package::srv::Adder_Request_<std::allocator<void> > >[m[K
[01m[K/home/geoff/ros2_course_ws/src/example_package/src/service_client.cpp:15:10:[m[K [01;31m[Kerror: [m[Kbase operand of ‘[01m[K->[m[K’ is not a pointer
   15 |   request[01;31m[K->[m[Kvalue1 = 5.0;
      |          [01;31m[K^~[m[K
[01m[K/home/geoff/ros2_course_ws/src/example_package/src/service_client.cpp:16:10:[m[K [01;31m[Kerror: [m[Kbase operand of ‘[01m[K->[m[K’ is not a pointer
   16 |   request[01;31m[K->[m[Kvalue2 = 4.0;
      |          [01;31m[K^~[m[K
[01m[K/home/geoff/ros2_course_ws/src/example_package/src/service_client.cpp:20:48:[m[K [01;31m[Kerror: [m[K‘[01m[KFutureAndRequestID[m[K’ is not a member of ‘[01m[Krclcpp::Client<example_package::srv::Adder>[m[K’
   20 |   rclcpp::Client<example_package::srv::Adder>::[01;31m[KFutureAndRequestID[m[K response = client->async_send_request(request);
      |                                                [01;31m[K^~~~~~~~~~~~~~~~~~[m[K
[01m[K/home/geoff/ros2_course_ws/src/example_package/src/service_client.cpp:22:79:[m[K [01;31m[Kerror: [m[K‘[01m[Kresponse[m[K’ was not declared in this scope
   22 |   rclcpp::FutureReturnCode success = rclcpp::spin_until_future_complete(node, [01;31m[Kresponse[m[K);
      |                                                                               [01;31m[K^~~~~~~~[m[K
gmake[2]: *** [CMakeFiles/service_client.dir/build.make:76: CMakeFiles/service_client.dir/src/service_client.cpp.o] Error 1
gmake[1]: *** [CMakeFiles/Makefile2:669: CMakeFiles/service_client.dir/all] Error 2
gmake: *** [Makefile:146: all] Error 2
