[0.010s] Invoking command in '/home/geoff/ros2_course_ws/build/example_package': CMAKE_PREFIX_PATH=${CMAKE_PREFIX_PATH}:/home/geoff/turtlebot3_ws/install/turtlebot3_teleop:/home/geoff/turtlebot3_ws/install/turtlebot3_example:/opt/ros/humble /usr/bin/cmake --build /home/geoff/ros2_course_ws/build/example_package -- -j16 -l16
[0.027s] -- Found ament_cmake: 1.3.14 (/opt/ros/humble/share/ament_cmake/cmake)
[0.124s] -- Found std_msgs: 4.9.2 (/opt/ros/humble/share/std_msgs/cmake)
[0.141s] -- Found rosidl_generator_c: 3.1.9 (/opt/ros/humble/share/rosidl_generator_c/cmake)
[0.142s] -- Found rosidl_adapter: 3.1.9 (/opt/ros/humble/share/rosidl_adapter/cmake)
[0.147s] -- Found rosidl_generator_cpp: 3.1.9 (/opt/ros/humble/share/rosidl_generator_cpp/cmake)
[0.153s] -- Using all available rosidl_typesupport_c: rosidl_typesupport_fastrtps_c;rosidl_typesupport_introspection_c
[0.163s] -- Using all available rosidl_typesupport_cpp: rosidl_typesupport_fastrtps_cpp;rosidl_typesupport_introspection_cpp
[0.179s] -- Found rclcpp: 16.0.21 (/opt/ros/humble/share/rclcpp/cmake)
[0.197s] -- Found rmw_implementation_cmake: 6.1.4 (/opt/ros/humble/share/rmw_implementation_cmake/cmake)
[0.199s] -- Found rmw_fastrtps_cpp: 6.2.10 (/opt/ros/humble/share/rmw_fastrtps_cpp/cmake)
[0.280s] -- Using RMW implementation 'rmw_fastrtps_cpp' as default
[0.310s] -- Found rosidl_default_generators: 1.2.1 (/opt/ros/humble/share/rosidl_default_generators/cmake)
[0.532s] -- Found ament_cmake_ros: 0.10.1 (/opt/ros/humble/share/ament_cmake_ros/cmake)
[0.800s] -- Using all available rosidl_typesupport_c: rosidl_typesupport_fastrtps_c;rosidl_typesupport_introspection_c
[0.905s] -- Using all available rosidl_typesupport_cpp: rosidl_typesupport_fastrtps_cpp;rosidl_typesupport_introspection_cpp
[0.926s] -- Found python_cmake_module: 0.10.0 (/opt/ros/humble/share/python_cmake_module/cmake)
[0.946s] -- Using PYTHON_EXECUTABLE: /usr/bin/python3
[0.946s] -- Using PYTHON_INCLUDE_DIRS: /usr/include/python3.10
[0.947s] -- Using PYTHON_LIBRARIES: /usr/lib/x86_64-linux-gnu/libpython3.10.so
[1.009s] -- Found ament_lint_auto: 0.12.15 (/opt/ros/humble/share/ament_lint_auto/cmake)
[1.017s] -- Added test 'cppcheck' to perform static code analysis on C / C++ code
[1.017s] -- Configured cppcheck include dirs: 
[1.017s] -- Configured cppcheck exclude dirs and/or files: 
[1.017s] -- Added test 'lint_cmake' to check CMake code style
[1.018s] -- Added test 'uncrustify' to check C / C++ code style
[1.018s] -- Configured uncrustify additional arguments: 
[1.018s] -- Added test 'xmllint' to check XML markup files
[1.020s] -- Configuring done
[1.051s] -- Generating done
[1.063s] -- Build files have been written to: /home/geoff/ros2_course_ws/build/example_package
[1.089s] [35m[1mConsolidate compiler generated dependencies of target example_package__rosidl_generator_c[0m
[1.090s] [35m[1mConsolidate compiler generated dependencies of target topic_publisher[0m
[1.098s] [ 10%] Built target example_package__rs
[1.098s] [ 13%] Built target example_package__cpp
[1.098s] [ 13%] Built target example_package__rosidl_generator_c
[1.104s] [ 18%] Built target topic_publisher
[1.105s] [ 18%] Built target ament_cmake_python_copy_example_package
[1.107s] [35m[1mConsolidate compiler generated dependencies of target example_package__rosidl_typesupport_fastrtps_cpp[0m
[1.107s] [35m[1mConsolidate compiler generated dependencies of target example_package__rosidl_typesupport_introspection_cpp[0m
[1.107s] [35m[1mConsolidate compiler generated dependencies of target example_package__rosidl_typesupport_cpp[0m
[1.113s] [35m[1mConsolidate compiler generated dependencies of target example_package__rosidl_typesupport_introspection_c[0m
[1.113s] [35m[1mConsolidate compiler generated dependencies of target example_package__rosidl_typesupport_c[0m
[1.114s] [35m[1mConsolidate compiler generated dependencies of target example_package__rosidl_typesupport_fastrtps_c[0m
[1.118s] [ 26%] Built target example_package__rosidl_typesupport_introspection_cpp
[1.118s] [ 34%] Built target example_package__rosidl_typesupport_cpp
[1.118s] [ 42%] Built target example_package__rosidl_typesupport_fastrtps_cpp
[1.123s] [ 50%] Built target example_package__rosidl_typesupport_introspection_c
[1.123s] [ 57%] Built target example_package__rosidl_typesupport_c
[1.126s] [ 65%] Built target example_package__rosidl_typesupport_fastrtps_c
[1.128s] [35m[1mConsolidate compiler generated dependencies of target service_advertiser[0m
[1.137s] [ 68%] [32mBuilding CXX object CMakeFiles/service_client.dir/src/service_client.cpp.o[0m
[1.142s] [ 73%] Built target service_advertiser
[1.145s] [ 73%] Built target example_package
[1.164s] [ 76%] Built target example_package__py
[1.174s] [35m[1mConsolidate compiler generated dependencies of target example_package__rosidl_generator_py[0m
[1.186s] [ 81%] Built target example_package__rosidl_generator_py
[1.196s] [35m[1mConsolidate compiler generated dependencies of target example_package__rosidl_typesupport_fastrtps_c__pyext[0m
[1.196s] [35m[1mConsolidate compiler generated dependencies of target example_package__rosidl_typesupport_introspection_c__pyext[0m
[1.196s] [35m[1mConsolidate compiler generated dependencies of target example_package__rosidl_typesupport_c__pyext[0m
[1.208s] [ 86%] Built target example_package__rosidl_typesupport_c__pyext
[1.208s] [ 97%] Built target example_package__rosidl_typesupport_introspection_c__pyext
[1.208s] [ 97%] Built target example_package__rosidl_typesupport_fastrtps_c__pyext
[1.330s] running egg_info
[1.330s] writing example_package.egg-info/PKG-INFO
[1.331s] writing dependency_links to example_package.egg-info/dependency_links.txt
[1.331s] writing top-level names to example_package.egg-info/top_level.txt
[1.333s] reading manifest file 'example_package.egg-info/SOURCES.txt'
[1.333s] writing manifest file 'example_package.egg-info/SOURCES.txt'
[1.361s] [ 97%] Built target ament_cmake_python_build_example_package_egg
[3.149s] [01m[K/home/geoff/ros2_course_ws/src/example_package/src/service_client.cpp:[m[K In function ‘[01m[Kint main(int, char**)[m[K’:
[3.149s] [01m[K/home/geoff/ros2_course_ws/src/example_package/src/service_client.cpp:13:48:[m[K [01;31m[Kerror: [m[K‘[01m[KReqest[m[K’ is not a member of ‘[01m[Kexample_package::srv::Adder[m[K’
[3.149s]    13 |   std::shared_ptr<example_package::srv::Adder::[01;31m[KReqest[m[K> request = std::make_shared<example_package::srv::Adder::Request>();
[3.149s]       |                                                [01;31m[K^~~~~~[m[K
[3.149s] [01m[K/home/geoff/ros2_course_ws/src/example_package/src/service_client.cpp:13:54:[m[K [01;31m[Kerror: [m[Ktemplate argument 1 is invalid
[3.149s]    13 |   std::shared_ptr<example_package::srv::Adder::Reqest[01;31m[K>[m[K request = std::make_shared<example_package::srv::Adder::Request>();
[3.149s]       |                                                      [01;31m[K^[m[K
[3.149s] [01m[K/home/geoff/ros2_course_ws/src/example_package/src/service_client.cpp:13:120:[m[K [01;31m[Kerror: [m[Kcannot convert ‘[01m[Kstd::shared_ptr<example_package::srv::Adder_Request_<std::allocator<void> > >[m[K’ to ‘[01m[Kint[m[K’ in initialization
[3.149s]    13 |   std::shared_ptr<example_package::srv::Adder::Reqest> request = [01;31m[Kstd::make_shared<example_package::srv::Adder::Request>()[m[K;
[3.150s]       |                                                                  [01;31m[K~~~~~~~~~~~~~~~~~~~~~~~~~~~~~~~~~~~~~~~~~~~~~~~~~~~~~~^~[m[K
[3.150s]       |                                                                                                                        [01;31m[K|[m[K
[3.150s]       |                                                                                                                        [01;31m[Kstd::shared_ptr<example_package::srv::Adder_Request_<std::allocator<void> > >[m[K
[3.150s] [01m[K/home/geoff/ros2_course_ws/src/example_package/src/service_client.cpp:15:10:[m[K [01;31m[Kerror: [m[Kbase operand of ‘[01m[K->[m[K’ is not a pointer
[3.150s]    15 |   request[01;31m[K->[m[Kvalue1 = 5.0;
[3.150s]       |          [01;31m[K^~[m[K
[3.150s] [01m[K/home/geoff/ros2_course_ws/src/example_package/src/service_client.cpp:16:10:[m[K [01;31m[Kerror: [m[Kbase operand of ‘[01m[K->[m[K’ is not a pointer
[3.150s]    16 |   request[01;31m[K->[m[Kvalue2 = 4.0;
[3.150s]       |          [01;31m[K^~[m[K
[3.150s] [01m[K/home/geoff/ros2_course_ws/src/example_package/src/service_client.cpp:20:48:[m[K [01;31m[Kerror: [m[K‘[01m[KFutureAndRequestID[m[K’ is not a member of ‘[01m[Krclcpp::Client<example_package::srv::Adder>[m[K’
[3.150s]    20 |   rclcpp::Client<example_package::srv::Adder>::[01;31m[KFutureAndRequestID[m[K response = client->async_send_request(request);
[3.150s]       |                                                [01;31m[K^~~~~~~~~~~~~~~~~~[m[K
[3.153s] [01m[K/home/geoff/ros2_course_ws/src/example_package/src/service_client.cpp:22:79:[m[K [01;31m[Kerror: [m[K‘[01m[Kresponse[m[K’ was not declared in this scope
[3.153s]    22 |   rclcpp::FutureReturnCode success = rclcpp::spin_until_future_complete(node, [01;31m[Kresponse[m[K);
[3.153s]       |                                                                               [01;31m[K^~~~~~~~[m[K
[3.606s] gmake[2]: *** [CMakeFiles/service_client.dir/build.make:76: CMakeFiles/service_client.dir/src/service_client.cpp.o] Error 1
[3.606s] gmake[1]: *** [CMakeFiles/Makefile2:669: CMakeFiles/service_client.dir/all] Error 2
[3.606s] gmake: *** [Makefile:146: all] Error 2
[3.608s] Invoked command in '/home/geoff/ros2_course_ws/build/example_package' returned '2': CMAKE_PREFIX_PATH=${CMAKE_PREFIX_PATH}:/home/geoff/turtlebot3_ws/install/turtlebot3_teleop:/home/geoff/turtlebot3_ws/install/turtlebot3_example:/opt/ros/humble /usr/bin/cmake --build /home/geoff/ros2_course_ws/build/example_package -- -j16 -l16
