[  2%] Built target example_package__rs
[  5%] Built target example_package__cpp
[ 13%] Built target example_package__rosidl_generator_c
[ 19%] Built target topic_publisher
[ 19%] Built target ament_cmake_python_copy_example_package
[ 27%] Built target example_package__rosidl_typesupport_cpp
[ 36%] Built target example_package__rosidl_typesupport_fastrtps_cpp
[ 44%] Built target example_package__rosidl_typesupport_introspection_cpp
[ 52%] Built target example_package__rosidl_typesupport_introspection_c
[ 61%] Built target example_package__rosidl_typesupport_fastrtps_c
[ 69%] Built target example_package__rosidl_typesupport_c
[35m[1mConsolidate compiler generated dependencies of target service_advertiser[0m
[ 69%] Built target example_package
[ 72%] [32mBuilding CXX object CMakeFiles/service_advertiser.dir/src/service_advertiser.cpp.o[0m
[ 75%] Built target example_package__py
[ 80%] Built target example_package__rosidl_generator_py
[ 91%] Built target example_package__rosidl_typesupport_fastrtps_c__pyext
[ 91%] Built target example_package__rosidl_typesupport_c__pyext
[ 97%] Built target example_package__rosidl_typesupport_introspection_c__pyext
running egg_info
writing example_package.egg-info/PKG-INFO
writing dependency_links to example_package.egg-info/dependency_links.txt
writing top-level names to example_package.egg-info/top_level.txt
reading manifest file 'example_package.egg-info/SOURCES.txt'
writing manifest file 'example_package.egg-info/SOURCES.txt'
[ 97%] Built target ament_cmake_python_build_example_package_egg
[100%] [32m[1mLinking CXX executable service_advertiser[0m
[100%] Built target service_advertiser
-- Install configuration: ""
-- Up-to-date: /home/geoff/ros2_course_ws/install/example_package/share/ament_index/resource_index/rosidl_interfaces/example_package
-- Up-to-date: /home/geoff/ros2_course_ws/install/example_package/include/example_package/example_package
-- Up-to-date: /home/geoff/ros2_course_ws/install/example_package/include/example_package/example_package/msg
-- Up-to-date: /home/geoff/ros2_course_ws/install/example_package/include/example_package/example_package/msg/rosidl_generator_c__visibility_control.h
-- Up-to-date: /home/geoff/ros2_course_ws/install/example_package/include/example_package/example_package/srv
-- Up-to-date: /home/geoff/ros2_course_ws/install/example_package/include/example_package/example_package/srv/detail
-- Up-to-date: /home/geoff/ros2_course_ws/install/example_package/include/example_package/example_package/srv/detail/adder__functions.c
-- Up-to-date: /home/geoff/ros2_course_ws/install/example_package/include/example_package/example_package/srv/detail/adder__functions.h
-- Up-to-date: /home/geoff/ros2_course_ws/install/example_package/include/example_package/example_package/srv/detail/adder__struct.h
-- Up-to-date: /home/geoff/ros2_course_ws/install/example_package/include/example_package/example_package/srv/detail/adder__type_support.h
-- Up-to-date: /home/geoff/ros2_course_ws/install/example_package/include/example_package/example_package/srv/adder.h
-- Up-to-date: /home/geoff/ros2_course_ws/install/example_package/share/example_package/environment/library_path.sh
-- Installing: /home/geoff/ros2_course_ws/install/example_package/share/example_package/environment/library_path.dsv
-- Up-to-date: /home/geoff/ros2_course_ws/install/example_package/lib/libexample_package__rosidl_generator_c.so
-- Up-to-date: /home/geoff/ros2_course_ws/install/example_package/include/example_package/example_package
-- Up-to-date: /home/geoff/ros2_course_ws/install/example_package/include/example_package/example_package/msg
-- Up-to-date: /home/geoff/ros2_course_ws/install/example_package/include/example_package/example_package/msg/rosidl_typesupport_fastrtps_c__visibility_control.h
-- Up-to-date: /home/geoff/ros2_course_ws/install/example_package/include/example_package/example_package/srv
-- Up-to-date: /home/geoff/ros2_course_ws/install/example_package/include/example_package/example_package/srv/detail
-- Up-to-date: /home/geoff/ros2_course_ws/install/example_package/include/example_package/example_package/srv/detail/adder__rosidl_typesupport_fastrtps_c.h
-- Up-to-date: /home/geoff/ros2_course_ws/install/example_package/lib/libexample_package__rosidl_typesupport_fastrtps_c.so
-- Up-to-date: /home/geoff/ros2_course_ws/install/example_package/include/example_package/example_package
-- Up-to-date: /home/geoff/ros2_course_ws/install/example_package/include/example_package/example_package/msg
-- Up-to-date: /home/geoff/ros2_course_ws/install/example_package/include/example_package/example_package/msg/rosidl_generator_cpp__visibility_control.hpp
-- Up-to-date: /home/geoff/ros2_course_ws/install/example_package/include/example_package/example_package/srv
-- Up-to-date: /home/geoff/ros2_course_ws/install/example_package/include/example_package/example_package/srv/detail
-- Up-to-date: /home/geoff/ros2_course_ws/install/example_package/include/example_package/example_package/srv/detail/adder__builder.hpp
-- Up-to-date: /home/geoff/ros2_course_ws/install/example_package/include/example_package/example_package/srv/detail/adder__traits.hpp
-- Up-to-date: /home/geoff/ros2_course_ws/install/example_package/include/example_package/example_package/srv/detail/adder__struct.hpp
-- Up-to-date: /home/geoff/ros2_course_ws/install/example_package/include/example_package/example_package/srv/detail/adder__type_support.hpp
-- Up-to-date: /home/geoff/ros2_course_ws/install/example_package/include/example_package/example_package/srv/adder.hpp
-- Up-to-date: /home/geoff/ros2_course_ws/install/example_package/include/example_package/example_package
-- Up-to-date: /home/geoff/ros2_course_ws/install/example_package/include/example_package/example_package/msg
-- Up-to-date: /home/geoff/ros2_course_ws/install/example_package/include/example_package/example_package/msg/rosidl_typesupport_fastrtps_cpp__visibility_control.h
-- Up-to-date: /home/geoff/ros2_course_ws/install/example_package/include/example_package/example_package/srv
-- Up-to-date: /home/geoff/ros2_course_ws/install/example_package/include/example_package/example_package/srv/detail
-- Up-to-date: /home/geoff/ros2_course_ws/install/example_package/include/example_package/example_package/srv/detail/dds_fastrtps
-- Up-to-date: /home/geoff/ros2_course_ws/install/example_package/include/example_package/example_package/srv/detail/adder__rosidl_typesupport_fastrtps_cpp.hpp
-- Up-to-date: /home/geoff/ros2_course_ws/install/example_package/lib/libexample_package__rosidl_typesupport_fastrtps_cpp.so
-- Up-to-date: /home/geoff/ros2_course_ws/install/example_package/include/example_package/example_package
-- Up-to-date: /home/geoff/ros2_course_ws/install/example_package/include/example_package/example_package/msg
-- Up-to-date: /home/geoff/ros2_course_ws/install/example_package/include/example_package/example_package/msg/rosidl_typesupport_introspection_c__visibility_control.h
-- Up-to-date: /home/geoff/ros2_course_ws/install/example_package/include/example_package/example_package/srv
-- Up-to-date: /home/geoff/ros2_course_ws/install/example_package/include/example_package/example_package/srv/detail
-- Up-to-date: /home/geoff/ros2_course_ws/install/example_package/include/example_package/example_package/srv/detail/adder__rosidl_typesupport_introspection_c.h
-- Up-to-date: /home/geoff/ros2_course_ws/install/example_package/include/example_package/example_package/srv/detail/adder__type_support.c
-- Up-to-date: /home/geoff/ros2_course_ws/install/example_package/lib/libexample_package__rosidl_typesupport_introspection_c.so
-- Up-to-date: /home/geoff/ros2_course_ws/install/example_package/lib/libexample_package__rosidl_typesupport_c.so
-- Up-to-date: /home/geoff/ros2_course_ws/install/example_package/include/example_package/example_package
-- Up-to-date: /home/geoff/ros2_course_ws/install/example_package/include/example_package/example_package/srv
-- Up-to-date: /home/geoff/ros2_course_ws/install/example_package/include/example_package/example_package/srv/detail
-- Up-to-date: /home/geoff/ros2_course_ws/install/example_package/include/example_package/example_package/srv/detail/adder__rosidl_typesupport_introspection_cpp.hpp
-- Up-to-date: /home/geoff/ros2_course_ws/install/example_package/include/example_package/example_package/srv/detail/adder__type_support.cpp
-- Up-to-date: /home/geoff/ros2_course_ws/install/example_package/lib/libexample_package__rosidl_typesupport_introspection_cpp.so
-- Up-to-date: /home/geoff/ros2_course_ws/install/example_package/lib/libexample_package__rosidl_typesupport_cpp.so
-- Up-to-date: /home/geoff/ros2_course_ws/install/example_package/share/example_package/environment/pythonpath.sh
-- Installing: /home/geoff/ros2_course_ws/install/example_package/share/example_package/environment/pythonpath.dsv
-- Up-to-date: /home/geoff/ros2_course_ws/install/example_package/local/lib/python3.10/dist-packages/example_package-0.0.0-py3.10.egg-info
-- Installing: /home/geoff/ros2_course_ws/install/example_package/local/lib/python3.10/dist-packages/example_package-0.0.0-py3.10.egg-info/PKG-INFO
-- Installing: /home/geoff/ros2_course_ws/install/example_package/local/lib/python3.10/dist-packages/example_package-0.0.0-py3.10.egg-info/SOURCES.txt
-- Installing: /home/geoff/ros2_course_ws/install/example_package/local/lib/python3.10/dist-packages/example_package-0.0.0-py3.10.egg-info/top_level.txt
-- Installing: /home/geoff/ros2_course_ws/install/example_package/local/lib/python3.10/dist-packages/example_package-0.0.0-py3.10.egg-info/dependency_links.txt
-- Up-to-date: /home/geoff/ros2_course_ws/install/example_package/local/lib/python3.10/dist-packages/example_package
-- Installing: /home/geoff/ros2_course_ws/install/example_package/local/lib/python3.10/dist-packages/example_package/__init__.py
-- Up-to-date: /home/geoff/ros2_course_ws/install/example_package/local/lib/python3.10/dist-packages/example_package/srv
-- Up-to-date: /home/geoff/ros2_course_ws/install/example_package/local/lib/python3.10/dist-packages/example_package/srv/__init__.py
-- Up-to-date: /home/geoff/ros2_course_ws/install/example_package/local/lib/python3.10/dist-packages/example_package/srv/_adder_s.c
-- Up-to-date: /home/geoff/ros2_course_ws/install/example_package/local/lib/python3.10/dist-packages/example_package/srv/_adder.py
-- Up-to-date: /home/geoff/ros2_course_ws/install/example_package/local/lib/python3.10/dist-packages/example_package/_example_package_s.ep.rosidl_typesupport_fastrtps_c.c
-- Up-to-date: /home/geoff/ros2_course_ws/install/example_package/local/lib/python3.10/dist-packages/example_package/example_package_s__rosidl_typesupport_fastrtps_c.cpython-310-x86_64-linux-gnu.so
-- Up-to-date: /home/geoff/ros2_course_ws/install/example_package/local/lib/python3.10/dist-packages/example_package/example_package_s__rosidl_typesupport_introspection_c.cpython-310-x86_64-linux-gnu.so
-- Up-to-date: /home/geoff/ros2_course_ws/install/example_package/local/lib/python3.10/dist-packages/example_package/_example_package_s.ep.rosidl_typesupport_c.c
-- Up-to-date: /home/geoff/ros2_course_ws/install/example_package/local/lib/python3.10/dist-packages/example_package/_example_package_s.ep.rosidl_typesupport_introspection_c.c
-- Up-to-date: /home/geoff/ros2_course_ws/install/example_package/local/lib/python3.10/dist-packages/example_package/libexample_package__rosidl_generator_py.so
-- Up-to-date: /home/geoff/ros2_course_ws/install/example_package/local/lib/python3.10/dist-packages/example_package/example_package_s__rosidl_typesupport_c.cpython-310-x86_64-linux-gnu.so
Listing '/home/geoff/ros2_course_ws/install/example_package/local/lib/python3.10/dist-packages/example_package'...
Compiling '/home/geoff/ros2_course_ws/install/example_package/local/lib/python3.10/dist-packages/example_package/__init__.py'...
Listing '/home/geoff/ros2_course_ws/install/example_package/local/lib/python3.10/dist-packages/example_package/srv'...
-- Up-to-date: /home/geoff/ros2_course_ws/install/example_package/local/lib/python3.10/dist-packages/example_package/example_package_s__rosidl_typesupport_fastrtps_c.cpython-310-x86_64-linux-gnu.so
-- Up-to-date: /home/geoff/ros2_course_ws/install/example_package/local/lib/python3.10/dist-packages/example_package/example_package_s__rosidl_typesupport_introspection_c.cpython-310-x86_64-linux-gnu.so
-- Up-to-date: /home/geoff/ros2_course_ws/install/example_package/local/lib/python3.10/dist-packages/example_package/example_package_s__rosidl_typesupport_c.cpython-310-x86_64-linux-gnu.so
-- Up-to-date: /home/geoff/ros2_course_ws/install/example_package/lib/libexample_package__rosidl_generator_py.so
-- Up-to-date: /home/geoff/ros2_course_ws/install/example_package/share/example_package/rust
-- Up-to-date: /home/geoff/ros2_course_ws/install/example_package/share/example_package/rust/build.rs
-- Up-to-date: /home/geoff/ros2_course_ws/install/example_package/share/example_package/rust/src
-- Up-to-date: /home/geoff/ros2_course_ws/install/example_package/share/example_package/rust/src/lib.rs
-- Up-to-date: /home/geoff/ros2_course_ws/install/example_package/share/example_package/rust/src/srv
-- Up-to-date: /home/geoff/ros2_course_ws/install/example_package/share/example_package/rust/src/srv/rmw.rs
-- Up-to-date: /home/geoff/ros2_course_ws/install/example_package/share/example_package/rust/src/srv.rs
-- Up-to-date: /home/geoff/ros2_course_ws/install/example_package/share/example_package/rust/Cargo.toml
-- Up-to-date: /home/geoff/ros2_course_ws/install/example_package/share/example_package/srv/Adder.idl
-- Up-to-date: /home/geoff/ros2_course_ws/install/example_package/share/example_package/srv/Adder.srv
-- Up-to-date: /home/geoff/ros2_course_ws/install/example_package/share/example_package/srv/Adder_Request.msg
-- Up-to-date: /home/geoff/ros2_course_ws/install/example_package/share/example_package/srv/Adder_Response.msg
-- Up-to-date: /home/geoff/ros2_course_ws/install/example_package/lib/example_package/topic_publisher
-- Installing: /home/geoff/ros2_course_ws/install/example_package/lib/example_package/service_advertiser
-- Set runtime path of "/home/geoff/ros2_course_ws/install/example_package/lib/example_package/service_advertiser" to ""
-- Up-to-date: /home/geoff/ros2_course_ws/install/example_package/share/ament_index/resource_index/package_run_dependencies/example_package
-- Up-to-date: /home/geoff/ros2_course_ws/install/example_package/share/ament_index/resource_index/parent_prefix_path/example_package
-- Up-to-date: /home/geoff/ros2_course_ws/install/example_package/share/example_package/environment/ament_prefix_path.sh
-- Installing: /home/geoff/ros2_course_ws/install/example_package/share/example_package/environment/ament_prefix_path.dsv
-- Up-to-date: /home/geoff/ros2_course_ws/install/example_package/share/example_package/environment/path.sh
-- Installing: /home/geoff/ros2_course_ws/install/example_package/share/example_package/environment/path.dsv
-- Up-to-date: /home/geoff/ros2_course_ws/install/example_package/share/example_package/local_setup.bash
-- Up-to-date: /home/geoff/ros2_course_ws/install/example_package/share/example_package/local_setup.sh
-- Up-to-date: /home/geoff/ros2_course_ws/install/example_package/share/example_package/local_setup.zsh
-- Installing: /home/geoff/ros2_course_ws/install/example_package/share/example_package/local_setup.dsv
-- Installing: /home/geoff/ros2_course_ws/install/example_package/share/example_package/package.dsv
-- Up-to-date: /home/geoff/ros2_course_ws/install/example_package/share/ament_index/resource_index/packages/example_package
-- Up-to-date: /home/geoff/ros2_course_ws/install/example_package/share/example_package/cmake/export_example_package__rosidl_generator_cExport.cmake
-- Up-to-date: /home/geoff/ros2_course_ws/install/example_package/share/example_package/cmake/export_example_package__rosidl_generator_cExport-noconfig.cmake
-- Up-to-date: /home/geoff/ros2_course_ws/install/example_package/share/example_package/cmake/export_example_package__rosidl_typesupport_fastrtps_cExport.cmake
-- Up-to-date: /home/geoff/ros2_course_ws/install/example_package/share/example_package/cmake/export_example_package__rosidl_typesupport_fastrtps_cExport-noconfig.cmake
-- Up-to-date: /home/geoff/ros2_course_ws/install/example_package/share/example_package/cmake/export_example_package__rosidl_generator_cppExport.cmake
-- Up-to-date: /home/geoff/ros2_course_ws/install/example_package/share/example_package/cmake/export_example_package__rosidl_typesupport_fastrtps_cppExport.cmake
-- Up-to-date: /home/geoff/ros2_course_ws/install/example_package/share/example_package/cmake/export_example_package__rosidl_typesupport_fastrtps_cppExport-noconfig.cmake
-- Up-to-date: /home/geoff/ros2_course_ws/install/example_package/share/example_package/cmake/example_package__rosidl_typesupport_introspection_cExport.cmake
-- Up-to-date: /home/geoff/ros2_course_ws/install/example_package/share/example_package/cmake/example_package__rosidl_typesupport_introspection_cExport-noconfig.cmake
-- Up-to-date: /home/geoff/ros2_course_ws/install/example_package/share/example_package/cmake/example_package__rosidl_typesupport_cExport.cmake
-- Up-to-date: /home/geoff/ros2_course_ws/install/example_package/share/example_package/cmake/example_package__rosidl_typesupport_cExport-noconfig.cmake
-- Up-to-date: /home/geoff/ros2_course_ws/install/example_package/share/example_package/cmake/example_package__rosidl_typesupport_introspection_cppExport.cmake
-- Up-to-date: /home/geoff/ros2_course_ws/install/example_package/share/example_package/cmake/example_package__rosidl_typesupport_introspection_cppExport-noconfig.cmake
-- Up-to-date: /home/geoff/ros2_course_ws/install/example_package/share/example_package/cmake/example_package__rosidl_typesupport_cppExport.cmake
-- Up-to-date: /home/geoff/ros2_course_ws/install/example_package/share/example_package/cmake/example_package__rosidl_typesupport_cppExport-noconfig.cmake
-- Up-to-date: /home/geoff/ros2_course_ws/install/example_package/share/example_package/cmake/export_example_package__rosidl_generator_pyExport.cmake
-- Up-to-date: /home/geoff/ros2_course_ws/install/example_package/share/example_package/cmake/export_example_package__rosidl_generator_pyExport-noconfig.cmake
-- Up-to-date: /home/geoff/ros2_course_ws/install/example_package/share/example_package/cmake/rosidl_cmake-extras.cmake
-- Up-to-date: /home/geoff/ros2_course_ws/install/example_package/share/example_package/cmake/ament_cmake_export_include_directories-extras.cmake
-- Up-to-date: /home/geoff/ros2_course_ws/install/example_package/share/example_package/cmake/ament_cmake_export_libraries-extras.cmake
-- Up-to-date: /home/geoff/ros2_course_ws/install/example_package/share/example_package/cmake/ament_cmake_export_targets-extras.cmake
-- Up-to-date: /home/geoff/ros2_course_ws/install/example_package/share/example_package/cmake/rosidl_cmake_export_typesupport_targets-extras.cmake
-- Installing: /home/geoff/ros2_course_ws/install/example_package/share/example_package/cmake/ament_cmake_export_dependencies-extras.cmake
-- Up-to-date: /home/geoff/ros2_course_ws/install/example_package/share/example_package/cmake/rosidl_cmake_export_typesupport_libraries-extras.cmake
-- Up-to-date: /home/geoff/ros2_course_ws/install/example_package/share/example_package/cmake/rosidl_cmake_aggregate_target-extras.cmake
-- Up-to-date: /home/geoff/ros2_course_ws/install/example_package/share/example_package/cmake/example_packageConfig.cmake
-- Up-to-date: /home/geoff/ros2_course_ws/install/example_package/share/example_package/cmake/example_packageConfig-version.cmake
-- Up-to-date: /home/geoff/ros2_course_ws/install/example_package/share/example_package/package.xml
