[0.009s] Invoking command in '/home/geoff/ros2_course_ws/build/example_package': CMAKE_PREFIX_PATH=${CMAKE_PREFIX_PATH}:/home/geoff/turtlebot3_ws/install/turtlebot3_teleop:/home/geoff/turtlebot3_ws/install/turtlebot3_example:/opt/ros/humble /usr/bin/cmake --build /home/geoff/ros2_course_ws/build/example_package -- -j16 -l16
[0.055s] [  2%] Built target example_package__rs
[0.056s] [  5%] Built target example_package__cpp
[0.056s] [ 13%] Built target example_package__rosidl_generator_c
[0.060s] [ 19%] Built target topic_publisher
[0.068s] [ 19%] Built target ament_cmake_python_copy_example_package
[0.083s] [ 27%] Built target example_package__rosidl_typesupport_cpp
[0.086s] [ 36%] Built target example_package__rosidl_typesupport_fastrtps_cpp
[0.086s] [ 44%] Built target example_package__rosidl_typesupport_introspection_cpp
[0.090s] [ 52%] Built target example_package__rosidl_typesupport_introspection_c
[0.090s] [ 61%] Built target example_package__rosidl_typesupport_fastrtps_c
[0.092s] [ 69%] Built target example_package__rosidl_typesupport_c
[0.097s] [35m[1mConsolidate compiler generated dependencies of target service_advertiser[0m
[0.106s] [ 69%] Built target example_package
[0.109s] [ 72%] [32mBuilding CXX object CMakeFiles/service_advertiser.dir/src/service_advertiser.cpp.o[0m
[0.125s] [ 75%] Built target example_package__py
[0.144s] [ 80%] Built target example_package__rosidl_generator_py
[0.166s] [ 91%] Built target example_package__rosidl_typesupport_fastrtps_c__pyext
[0.166s] [ 91%] Built target example_package__rosidl_typesupport_c__pyext
[0.166s] [ 97%] Built target example_package__rosidl_typesupport_introspection_c__pyext
[0.269s] running egg_info
[0.269s] writing example_package.egg-info/PKG-INFO
[0.270s] writing dependency_links to example_package.egg-info/dependency_links.txt
[0.270s] writing top-level names to example_package.egg-info/top_level.txt
[0.271s] reading manifest file 'example_package.egg-info/SOURCES.txt'
[0.271s] writing manifest file 'example_package.egg-info/SOURCES.txt'
[0.290s] [ 97%] Built target ament_cmake_python_build_example_package_egg
[2.193s] [100%] [32m[1mLinking CXX executable service_advertiser[0m
[2.294s] [100%] Built target service_advertiser
[2.305s] Invoked command in '/home/geoff/ros2_course_ws/build/example_package' returned '0': CMAKE_PREFIX_PATH=${CMAKE_PREFIX_PATH}:/home/geoff/turtlebot3_ws/install/turtlebot3_teleop:/home/geoff/turtlebot3_ws/install/turtlebot3_example:/opt/ros/humble /usr/bin/cmake --build /home/geoff/ros2_course_ws/build/example_package -- -j16 -l16
[2.306s] Invoking command in '/home/geoff/ros2_course_ws/build/example_package': CMAKE_PREFIX_PATH=${CMAKE_PREFIX_PATH}:/home/geoff/turtlebot3_ws/install/turtlebot3_teleop:/home/geoff/turtlebot3_ws/install/turtlebot3_example:/opt/ros/humble /usr/bin/cmake --install /home/geoff/ros2_course_ws/build/example_package
[2.312s] -- Install configuration: ""
[2.312s] -- Up-to-date: /home/geoff/ros2_course_ws/install/example_package/share/ament_index/resource_index/rosidl_interfaces/example_package
[2.312s] -- Up-to-date: /home/geoff/ros2_course_ws/install/example_package/include/example_package/example_package
[2.312s] -- Up-to-date: /home/geoff/ros2_course_ws/install/example_package/include/example_package/example_package/msg
[2.312s] -- Up-to-date: /home/geoff/ros2_course_ws/install/example_package/include/example_package/example_package/msg/rosidl_generator_c__visibility_control.h
[2.312s] -- Up-to-date: /home/geoff/ros2_course_ws/install/example_package/include/example_package/example_package/srv
[2.313s] -- Up-to-date: /home/geoff/ros2_course_ws/install/example_package/include/example_package/example_package/srv/detail
[2.313s] -- Up-to-date: /home/geoff/ros2_course_ws/install/example_package/include/example_package/example_package/srv/detail/adder__functions.c
[2.313s] -- Up-to-date: /home/geoff/ros2_course_ws/install/example_package/include/example_package/example_package/srv/detail/adder__functions.h
[2.313s] -- Up-to-date: /home/geoff/ros2_course_ws/install/example_package/include/example_package/example_package/srv/detail/adder__struct.h
[2.313s] -- Up-to-date: /home/geoff/ros2_course_ws/install/example_package/include/example_package/example_package/srv/detail/adder__type_support.h
[2.313s] -- Up-to-date: /home/geoff/ros2_course_ws/install/example_package/include/example_package/example_package/srv/adder.h
[2.313s] -- Up-to-date: /home/geoff/ros2_course_ws/install/example_package/share/example_package/environment/library_path.sh
[2.313s] -- Installing: /home/geoff/ros2_course_ws/install/example_package/share/example_package/environment/library_path.dsv
[2.313s] -- Up-to-date: /home/geoff/ros2_course_ws/install/example_package/lib/libexample_package__rosidl_generator_c.so
[2.313s] -- Up-to-date: /home/geoff/ros2_course_ws/install/example_package/include/example_package/example_package
[2.313s] -- Up-to-date: /home/geoff/ros2_course_ws/install/example_package/include/example_package/example_package/msg
[2.313s] -- Up-to-date: /home/geoff/ros2_course_ws/install/example_package/include/example_package/example_package/msg/rosidl_typesupport_fastrtps_c__visibility_control.h
[2.313s] -- Up-to-date: /home/geoff/ros2_course_ws/install/example_package/include/example_package/example_package/srv
[2.313s] -- Up-to-date: /home/geoff/ros2_course_ws/install/example_package/include/example_package/example_package/srv/detail
[2.313s] -- Up-to-date: /home/geoff/ros2_course_ws/install/example_package/include/example_package/example_package/srv/detail/adder__rosidl_typesupport_fastrtps_c.h
[2.313s] -- Up-to-date: /home/geoff/ros2_course_ws/install/example_package/lib/libexample_package__rosidl_typesupport_fastrtps_c.so
[2.313s] -- Up-to-date: /home/geoff/ros2_course_ws/install/example_package/include/example_package/example_package
[2.313s] -- Up-to-date: /home/geoff/ros2_course_ws/install/example_package/include/example_package/example_package/msg
[2.313s] -- Up-to-date: /home/geoff/ros2_course_ws/install/example_package/include/example_package/example_package/msg/rosidl_generator_cpp__visibility_control.hpp
[2.313s] -- Up-to-date: /home/geoff/ros2_course_ws/install/example_package/include/example_package/example_package/srv
[2.313s] -- Up-to-date: /home/geoff/ros2_course_ws/install/example_package/include/example_package/example_package/srv/detail
[2.313s] -- Up-to-date: /home/geoff/ros2_course_ws/install/example_package/include/example_package/example_package/srv/detail/adder__builder.hpp
[2.314s] -- Up-to-date: /home/geoff/ros2_course_ws/install/example_package/include/example_package/example_package/srv/detail/adder__traits.hpp
[2.314s] -- Up-to-date: /home/geoff/ros2_course_ws/install/example_package/include/example_package/example_package/srv/detail/adder__struct.hpp
[2.314s] -- Up-to-date: /home/geoff/ros2_course_ws/install/example_package/include/example_package/example_package/srv/detail/adder__type_support.hpp
[2.314s] -- Up-to-date: /home/geoff/ros2_course_ws/install/example_package/include/example_package/example_package/srv/adder.hpp
[2.314s] -- Up-to-date: /home/geoff/ros2_course_ws/install/example_package/include/example_package/example_package
[2.314s] -- Up-to-date: /home/geoff/ros2_course_ws/install/example_package/include/example_package/example_package/msg
[2.314s] -- Up-to-date: /home/geoff/ros2_course_ws/install/example_package/include/example_package/example_package/msg/rosidl_typesupport_fastrtps_cpp__visibility_control.h
[2.314s] -- Up-to-date: /home/geoff/ros2_course_ws/install/example_package/include/example_package/example_package/srv
[2.314s] -- Up-to-date: /home/geoff/ros2_course_ws/install/example_package/include/example_package/example_package/srv/detail
[2.314s] -- Up-to-date: /home/geoff/ros2_course_ws/install/example_package/include/example_package/example_package/srv/detail/dds_fastrtps
[2.314s] -- Up-to-date: /home/geoff/ros2_course_ws/install/example_package/include/example_package/example_package/srv/detail/adder__rosidl_typesupport_fastrtps_cpp.hpp
[2.314s] -- Up-to-date: /home/geoff/ros2_course_ws/install/example_package/lib/libexample_package__rosidl_typesupport_fastrtps_cpp.so
[2.314s] -- Up-to-date: /home/geoff/ros2_course_ws/install/example_package/include/example_package/example_package
[2.314s] -- Up-to-date: /home/geoff/ros2_course_ws/install/example_package/include/example_package/example_package/msg
[2.314s] -- Up-to-date: /home/geoff/ros2_course_ws/install/example_package/include/example_package/example_package/msg/rosidl_typesupport_introspection_c__visibility_control.h
[2.314s] -- Up-to-date: /home/geoff/ros2_course_ws/install/example_package/include/example_package/example_package/srv
[2.314s] -- Up-to-date: /home/geoff/ros2_course_ws/install/example_package/include/example_package/example_package/srv/detail
[2.314s] -- Up-to-date: /home/geoff/ros2_course_ws/install/example_package/include/example_package/example_package/srv/detail/adder__rosidl_typesupport_introspection_c.h
[2.314s] -- Up-to-date: /home/geoff/ros2_course_ws/install/example_package/include/example_package/example_package/srv/detail/adder__type_support.c
[2.314s] -- Up-to-date: /home/geoff/ros2_course_ws/install/example_package/lib/libexample_package__rosidl_typesupport_introspection_c.so
[2.314s] -- Up-to-date: /home/geoff/ros2_course_ws/install/example_package/lib/libexample_package__rosidl_typesupport_c.so
[2.314s] -- Up-to-date: /home/geoff/ros2_course_ws/install/example_package/include/example_package/example_package
[2.314s] -- Up-to-date: /home/geoff/ros2_course_ws/install/example_package/include/example_package/example_package/srv
[2.314s] -- Up-to-date: /home/geoff/ros2_course_ws/install/example_package/include/example_package/example_package/srv/detail
[2.315s] -- Up-to-date: /home/geoff/ros2_course_ws/install/example_package/include/example_package/example_package/srv/detail/adder__rosidl_typesupport_introspection_cpp.hpp
[2.315s] -- Up-to-date: /home/geoff/ros2_course_ws/install/example_package/include/example_package/example_package/srv/detail/adder__type_support.cpp
[2.315s] -- Up-to-date: /home/geoff/ros2_course_ws/install/example_package/lib/libexample_package__rosidl_typesupport_introspection_cpp.so
[2.315s] -- Up-to-date: /home/geoff/ros2_course_ws/install/example_package/lib/libexample_package__rosidl_typesupport_cpp.so
[2.315s] -- Up-to-date: /home/geoff/ros2_course_ws/install/example_package/share/example_package/environment/pythonpath.sh
[2.315s] -- Installing: /home/geoff/ros2_course_ws/install/example_package/share/example_package/environment/pythonpath.dsv
[2.315s] -- Up-to-date: /home/geoff/ros2_course_ws/install/example_package/local/lib/python3.10/dist-packages/example_package-0.0.0-py3.10.egg-info
[2.315s] -- Installing: /home/geoff/ros2_course_ws/install/example_package/local/lib/python3.10/dist-packages/example_package-0.0.0-py3.10.egg-info/PKG-INFO
[2.315s] -- Installing: /home/geoff/ros2_course_ws/install/example_package/local/lib/python3.10/dist-packages/example_package-0.0.0-py3.10.egg-info/SOURCES.txt
[2.315s] -- Installing: /home/geoff/ros2_course_ws/install/example_package/local/lib/python3.10/dist-packages/example_package-0.0.0-py3.10.egg-info/top_level.txt
[2.315s] -- Installing: /home/geoff/ros2_course_ws/install/example_package/local/lib/python3.10/dist-packages/example_package-0.0.0-py3.10.egg-info/dependency_links.txt
[2.315s] -- Up-to-date: /home/geoff/ros2_course_ws/install/example_package/local/lib/python3.10/dist-packages/example_package
[2.315s] -- Installing: /home/geoff/ros2_course_ws/install/example_package/local/lib/python3.10/dist-packages/example_package/__init__.py
[2.315s] -- Up-to-date: /home/geoff/ros2_course_ws/install/example_package/local/lib/python3.10/dist-packages/example_package/srv
[2.315s] -- Up-to-date: /home/geoff/ros2_course_ws/install/example_package/local/lib/python3.10/dist-packages/example_package/srv/__init__.py
[2.315s] -- Up-to-date: /home/geoff/ros2_course_ws/install/example_package/local/lib/python3.10/dist-packages/example_package/srv/_adder_s.c
[2.315s] -- Up-to-date: /home/geoff/ros2_course_ws/install/example_package/local/lib/python3.10/dist-packages/example_package/srv/_adder.py
[2.315s] -- Up-to-date: /home/geoff/ros2_course_ws/install/example_package/local/lib/python3.10/dist-packages/example_package/_example_package_s.ep.rosidl_typesupport_fastrtps_c.c
[2.315s] -- Up-to-date: /home/geoff/ros2_course_ws/install/example_package/local/lib/python3.10/dist-packages/example_package/example_package_s__rosidl_typesupport_fastrtps_c.cpython-310-x86_64-linux-gnu.so
[2.315s] -- Up-to-date: /home/geoff/ros2_course_ws/install/example_package/local/lib/python3.10/dist-packages/example_package/example_package_s__rosidl_typesupport_introspection_c.cpython-310-x86_64-linux-gnu.so
[2.315s] -- Up-to-date: /home/geoff/ros2_course_ws/install/example_package/local/lib/python3.10/dist-packages/example_package/_example_package_s.ep.rosidl_typesupport_c.c
[2.315s] -- Up-to-date: /home/geoff/ros2_course_ws/install/example_package/local/lib/python3.10/dist-packages/example_package/_example_package_s.ep.rosidl_typesupport_introspection_c.c
[2.315s] -- Up-to-date: /home/geoff/ros2_course_ws/install/example_package/local/lib/python3.10/dist-packages/example_package/libexample_package__rosidl_generator_py.so
[2.316s] -- Up-to-date: /home/geoff/ros2_course_ws/install/example_package/local/lib/python3.10/dist-packages/example_package/example_package_s__rosidl_typesupport_c.cpython-310-x86_64-linux-gnu.so
[2.342s] Listing '/home/geoff/ros2_course_ws/install/example_package/local/lib/python3.10/dist-packages/example_package'...
[2.342s] Compiling '/home/geoff/ros2_course_ws/install/example_package/local/lib/python3.10/dist-packages/example_package/__init__.py'...
[2.342s] Listing '/home/geoff/ros2_course_ws/install/example_package/local/lib/python3.10/dist-packages/example_package/srv'...
[2.345s] -- Up-to-date: /home/geoff/ros2_course_ws/install/example_package/local/lib/python3.10/dist-packages/example_package/example_package_s__rosidl_typesupport_fastrtps_c.cpython-310-x86_64-linux-gnu.so
[2.345s] -- Up-to-date: /home/geoff/ros2_course_ws/install/example_package/local/lib/python3.10/dist-packages/example_package/example_package_s__rosidl_typesupport_introspection_c.cpython-310-x86_64-linux-gnu.so
[2.346s] -- Up-to-date: /home/geoff/ros2_course_ws/install/example_package/local/lib/python3.10/dist-packages/example_package/example_package_s__rosidl_typesupport_c.cpython-310-x86_64-linux-gnu.so
[2.346s] -- Up-to-date: /home/geoff/ros2_course_ws/install/example_package/lib/libexample_package__rosidl_generator_py.so
[2.346s] -- Up-to-date: /home/geoff/ros2_course_ws/install/example_package/share/example_package/rust
[2.346s] -- Up-to-date: /home/geoff/ros2_course_ws/install/example_package/share/example_package/rust/build.rs
[2.346s] -- Up-to-date: /home/geoff/ros2_course_ws/install/example_package/share/example_package/rust/src
[2.346s] -- Up-to-date: /home/geoff/ros2_course_ws/install/example_package/share/example_package/rust/src/lib.rs
[2.346s] -- Up-to-date: /home/geoff/ros2_course_ws/install/example_package/share/example_package/rust/src/srv
[2.346s] -- Up-to-date: /home/geoff/ros2_course_ws/install/example_package/share/example_package/rust/src/srv/rmw.rs
[2.346s] -- Up-to-date: /home/geoff/ros2_course_ws/install/example_package/share/example_package/rust/src/srv.rs
[2.346s] -- Up-to-date: /home/geoff/ros2_course_ws/install/example_package/share/example_package/rust/Cargo.toml
[2.346s] -- Up-to-date: /home/geoff/ros2_course_ws/install/example_package/share/example_package/srv/Adder.idl
[2.346s] -- Up-to-date: /home/geoff/ros2_course_ws/install/example_package/share/example_package/srv/Adder.srv
[2.346s] -- Up-to-date: /home/geoff/ros2_course_ws/install/example_package/share/example_package/srv/Adder_Request.msg
[2.346s] -- Up-to-date: /home/geoff/ros2_course_ws/install/example_package/share/example_package/srv/Adder_Response.msg
[2.346s] -- Up-to-date: /home/geoff/ros2_course_ws/install/example_package/lib/example_package/topic_publisher
[2.346s] -- Installing: /home/geoff/ros2_course_ws/install/example_package/lib/example_package/service_advertiser
[2.347s] -- Set runtime path of "/home/geoff/ros2_course_ws/install/example_package/lib/example_package/service_advertiser" to ""
[2.347s] -- Up-to-date: /home/geoff/ros2_course_ws/install/example_package/share/ament_index/resource_index/package_run_dependencies/example_package
[2.347s] -- Up-to-date: /home/geoff/ros2_course_ws/install/example_package/share/ament_index/resource_index/parent_prefix_path/example_package
[2.347s] -- Up-to-date: /home/geoff/ros2_course_ws/install/example_package/share/example_package/environment/ament_prefix_path.sh
[2.347s] -- Installing: /home/geoff/ros2_course_ws/install/example_package/share/example_package/environment/ament_prefix_path.dsv
[2.347s] -- Up-to-date: /home/geoff/ros2_course_ws/install/example_package/share/example_package/environment/path.sh
[2.347s] -- Installing: /home/geoff/ros2_course_ws/install/example_package/share/example_package/environment/path.dsv
[2.347s] -- Up-to-date: /home/geoff/ros2_course_ws/install/example_package/share/example_package/local_setup.bash
[2.347s] -- Up-to-date: /home/geoff/ros2_course_ws/install/example_package/share/example_package/local_setup.sh
[2.347s] -- Up-to-date: /home/geoff/ros2_course_ws/install/example_package/share/example_package/local_setup.zsh
[2.347s] -- Installing: /home/geoff/ros2_course_ws/install/example_package/share/example_package/local_setup.dsv
[2.347s] -- Installing: /home/geoff/ros2_course_ws/install/example_package/share/example_package/package.dsv
[2.347s] -- Up-to-date: /home/geoff/ros2_course_ws/install/example_package/share/ament_index/resource_index/packages/example_package
[2.347s] -- Up-to-date: /home/geoff/ros2_course_ws/install/example_package/share/example_package/cmake/export_example_package__rosidl_generator_cExport.cmake
[2.347s] -- Up-to-date: /home/geoff/ros2_course_ws/install/example_package/share/example_package/cmake/export_example_package__rosidl_generator_cExport-noconfig.cmake
[2.347s] -- Up-to-date: /home/geoff/ros2_course_ws/install/example_package/share/example_package/cmake/export_example_package__rosidl_typesupport_fastrtps_cExport.cmake
[2.348s] -- Up-to-date: /home/geoff/ros2_course_ws/install/example_package/share/example_package/cmake/export_example_package__rosidl_typesupport_fastrtps_cExport-noconfig.cmake
[2.348s] -- Up-to-date: /home/geoff/ros2_course_ws/install/example_package/share/example_package/cmake/export_example_package__rosidl_generator_cppExport.cmake
[2.348s] -- Up-to-date: /home/geoff/ros2_course_ws/install/example_package/share/example_package/cmake/export_example_package__rosidl_typesupport_fastrtps_cppExport.cmake
[2.348s] -- Up-to-date: /home/geoff/ros2_course_ws/install/example_package/share/example_package/cmake/export_example_package__rosidl_typesupport_fastrtps_cppExport-noconfig.cmake
[2.348s] -- Up-to-date: /home/geoff/ros2_course_ws/install/example_package/share/example_package/cmake/example_package__rosidl_typesupport_introspection_cExport.cmake
[2.348s] -- Up-to-date: /home/geoff/ros2_course_ws/install/example_package/share/example_package/cmake/example_package__rosidl_typesupport_introspection_cExport-noconfig.cmake
[2.348s] -- Up-to-date: /home/geoff/ros2_course_ws/install/example_package/share/example_package/cmake/example_package__rosidl_typesupport_cExport.cmake
[2.348s] -- Up-to-date: /home/geoff/ros2_course_ws/install/example_package/share/example_package/cmake/example_package__rosidl_typesupport_cExport-noconfig.cmake
[2.348s] -- Up-to-date: /home/geoff/ros2_course_ws/install/example_package/share/example_package/cmake/example_package__rosidl_typesupport_introspection_cppExport.cmake
[2.348s] -- Up-to-date: /home/geoff/ros2_course_ws/install/example_package/share/example_package/cmake/example_package__rosidl_typesupport_introspection_cppExport-noconfig.cmake
[2.348s] -- Up-to-date: /home/geoff/ros2_course_ws/install/example_package/share/example_package/cmake/example_package__rosidl_typesupport_cppExport.cmake
[2.348s] -- Up-to-date: /home/geoff/ros2_course_ws/install/example_package/share/example_package/cmake/example_package__rosidl_typesupport_cppExport-noconfig.cmake
[2.348s] -- Up-to-date: /home/geoff/ros2_course_ws/install/example_package/share/example_package/cmake/export_example_package__rosidl_generator_pyExport.cmake
[2.348s] -- Up-to-date: /home/geoff/ros2_course_ws/install/example_package/share/example_package/cmake/export_example_package__rosidl_generator_pyExport-noconfig.cmake
[2.348s] -- Up-to-date: /home/geoff/ros2_course_ws/install/example_package/share/example_package/cmake/rosidl_cmake-extras.cmake
[2.348s] -- Up-to-date: /home/geoff/ros2_course_ws/install/example_package/share/example_package/cmake/ament_cmake_export_include_directories-extras.cmake
[2.348s] -- Up-to-date: /home/geoff/ros2_course_ws/install/example_package/share/example_package/cmake/ament_cmake_export_libraries-extras.cmake
[2.348s] -- Up-to-date: /home/geoff/ros2_course_ws/install/example_package/share/example_package/cmake/ament_cmake_export_targets-extras.cmake
[2.348s] -- Up-to-date: /home/geoff/ros2_course_ws/install/example_package/share/example_package/cmake/rosidl_cmake_export_typesupport_targets-extras.cmake
[2.348s] -- Installing: /home/geoff/ros2_course_ws/install/example_package/share/example_package/cmake/ament_cmake_export_dependencies-extras.cmake
[2.348s] -- Up-to-date: /home/geoff/ros2_course_ws/install/example_package/share/example_package/cmake/rosidl_cmake_export_typesupport_libraries-extras.cmake
[2.348s] -- Up-to-date: /home/geoff/ros2_course_ws/install/example_package/share/example_package/cmake/rosidl_cmake_aggregate_target-extras.cmake
[2.349s] -- Up-to-date: /home/geoff/ros2_course_ws/install/example_package/share/example_package/cmake/example_packageConfig.cmake
[2.349s] -- Up-to-date: /home/geoff/ros2_course_ws/install/example_package/share/example_package/cmake/example_packageConfig-version.cmake
[2.349s] -- Up-to-date: /home/geoff/ros2_course_ws/install/example_package/share/example_package/package.xml
[2.351s] Invoked command in '/home/geoff/ros2_course_ws/build/example_package' returned '0': CMAKE_PREFIX_PATH=${CMAKE_PREFIX_PATH}:/home/geoff/turtlebot3_ws/install/turtlebot3_teleop:/home/geoff/turtlebot3_ws/install/turtlebot3_example:/opt/ros/humble /usr/bin/cmake --install /home/geoff/ros2_course_ws/build/example_package
