[0.006s] Invoking command in '/home/geoff/ros2_course_ws/build/practice_package': CMAKE_PREFIX_PATH=${CMAKE_PREFIX_PATH}:/home/geoff/turtlebot3_ws/install/turtlebot3_teleop:/home/geoff/turtlebot3_ws/install/turtlebot3_example:/opt/ros/humble /usr/bin/cmake /home/geoff/ros2_course_ws/src/practice_package -DCMAKE_INSTALL_PREFIX=/home/geoff/ros2_course_ws/install/practice_package
[0.042s] -- The C compiler identification is GNU 11.4.0
[0.080s] -- The CXX compiler identification is GNU 11.4.0
[0.085s] -- Detecting C compiler ABI info
[0.130s] -- Detecting C compiler ABI info - done
[0.134s] -- Check for working C compiler: /usr/bin/cc - skipped
[0.134s] -- Detecting C compile features
[0.135s] -- Detecting C compile features - done
[0.136s] -- Detecting CXX compiler ABI info
[0.187s] -- Detecting CXX compiler ABI info - done
[0.191s] -- Check for working CXX compiler: /usr/bin/c++ - skipped
[0.191s] -- Detecting CXX compile features
[0.192s] -- Detecting CXX compile features - done
[0.193s] -- Found ament_cmake: 1.3.14 (/opt/ros/humble/share/ament_cmake/cmake)
[0.291s] -- Found Python3: /usr/bin/python3 (found version "3.10.12") found components: Interpreter 
[0.352s] -- Found ament_lint_auto: 0.12.15 (/opt/ros/humble/share/ament_lint_auto/cmake)
[0.402s] -- Added test 'lint_cmake' to check CMake code style
[0.403s] -- Added test 'xmllint' to check XML markup files
[0.404s] -- Configuring done
[0.406s] -- Generating done
[0.407s] -- Build files have been written to: /home/geoff/ros2_course_ws/build/practice_package
[0.410s] Invoked command in '/home/geoff/ros2_course_ws/build/practice_package' returned '0': CMAKE_PREFIX_PATH=${CMAKE_PREFIX_PATH}:/home/geoff/turtlebot3_ws/install/turtlebot3_teleop:/home/geoff/turtlebot3_ws/install/turtlebot3_example:/opt/ros/humble /usr/bin/cmake /home/geoff/ros2_course_ws/src/practice_package -DCMAKE_INSTALL_PREFIX=/home/geoff/ros2_course_ws/install/practice_package
[0.411s] Invoking command in '/home/geoff/ros2_course_ws/build/practice_package': CMAKE_PREFIX_PATH=${CMAKE_PREFIX_PATH}:/home/geoff/turtlebot3_ws/install/turtlebot3_teleop:/home/geoff/turtlebot3_ws/install/turtlebot3_example:/opt/ros/humble /usr/bin/cmake --build /home/geoff/ros2_course_ws/build/practice_package -- -j16 -l16
[0.438s] Invoked command in '/home/geoff/ros2_course_ws/build/practice_package' returned '0': CMAKE_PREFIX_PATH=${CMAKE_PREFIX_PATH}:/home/geoff/turtlebot3_ws/install/turtlebot3_teleop:/home/geoff/turtlebot3_ws/install/turtlebot3_example:/opt/ros/humble /usr/bin/cmake --build /home/geoff/ros2_course_ws/build/practice_package -- -j16 -l16
[0.438s] Invoking command in '/home/geoff/ros2_course_ws/build/practice_package': CMAKE_PREFIX_PATH=${CMAKE_PREFIX_PATH}:/home/geoff/turtlebot3_ws/install/turtlebot3_teleop:/home/geoff/turtlebot3_ws/install/turtlebot3_example:/opt/ros/humble /usr/bin/cmake --install /home/geoff/ros2_course_ws/build/practice_package
[0.444s] -- Install configuration: ""
[0.444s] -- Installing: /home/geoff/ros2_course_ws/install/practice_package/share/ament_index/resource_index/package_run_dependencies/practice_package
[0.444s] -- Installing: /home/geoff/ros2_course_ws/install/practice_package/share/ament_index/resource_index/parent_prefix_path/practice_package
[0.444s] -- Installing: /home/geoff/ros2_course_ws/install/practice_package/share/practice_package/environment/ament_prefix_path.sh
[0.444s] -- Installing: /home/geoff/ros2_course_ws/install/practice_package/share/practice_package/environment/ament_prefix_path.dsv
[0.444s] -- Installing: /home/geoff/ros2_course_ws/install/practice_package/share/practice_package/environment/path.sh
[0.444s] -- Installing: /home/geoff/ros2_course_ws/install/practice_package/share/practice_package/environment/path.dsv
[0.444s] -- Installing: /home/geoff/ros2_course_ws/install/practice_package/share/practice_package/local_setup.bash
[0.444s] -- Installing: /home/geoff/ros2_course_ws/install/practice_package/share/practice_package/local_setup.sh
[0.444s] -- Installing: /home/geoff/ros2_course_ws/install/practice_package/share/practice_package/local_setup.zsh
[0.445s] -- Installing: /home/geoff/ros2_course_ws/install/practice_package/share/practice_package/local_setup.dsv
[0.445s] -- Installing: /home/geoff/ros2_course_ws/install/practice_package/share/practice_package/package.dsv
[0.445s] -- Installing: /home/geoff/ros2_course_ws/install/practice_package/share/ament_index/resource_index/packages/practice_package
[0.445s] -- Installing: /home/geoff/ros2_course_ws/install/practice_package/share/practice_package/cmake/practice_packageConfig.cmake
[0.445s] -- Installing: /home/geoff/ros2_course_ws/install/practice_package/share/practice_package/cmake/practice_packageConfig-version.cmake
[0.445s] -- Installing: /home/geoff/ros2_course_ws/install/practice_package/share/practice_package/package.xml
[0.447s] Invoked command in '/home/geoff/ros2_course_ws/build/practice_package' returned '0': CMAKE_PREFIX_PATH=${CMAKE_PREFIX_PATH}:/home/geoff/turtlebot3_ws/install/turtlebot3_teleop:/home/geoff/turtlebot3_ws/install/turtlebot3_example:/opt/ros/humble /usr/bin/cmake --install /home/geoff/ros2_course_ws/build/practice_package
