[0.011s] Invoking command in '/home/geoff/ros2_course_ws/build/example_package': CMAKE_PREFIX_PATH=${CMAKE_PREFIX_PATH}:/home/geoff/turtlebot3_ws/install/turtlebot3_teleop:/home/geoff/turtlebot3_ws/install/turtlebot3_example:/opt/ros/humble /usr/bin/cmake --build /home/geoff/ros2_course_ws/build/example_package -- -j16 -l16
[0.031s] -- Found ament_cmake: 1.3.14 (/opt/ros/humble/share/ament_cmake/cmake)
[0.132s] -- Found std_msgs: 4.9.2 (/opt/ros/humble/share/std_msgs/cmake)
[0.151s] -- Found rosidl_generator_c: 3.1.9 (/opt/ros/humble/share/rosidl_generator_c/cmake)
[0.153s] -- Found rosidl_adapter: 3.1.9 (/opt/ros/humble/share/rosidl_adapter/cmake)
[0.157s] -- Found rosidl_generator_cpp: 3.1.9 (/opt/ros/humble/share/rosidl_generator_cpp/cmake)
[0.164s] -- Using all available rosidl_typesupport_c: rosidl_typesupport_fastrtps_c;rosidl_typesupport_introspection_c
[0.174s] -- Using all available rosidl_typesupport_cpp: rosidl_typesupport_fastrtps_cpp;rosidl_typesupport_introspection_cpp
[0.191s] -- Found rclcpp: 16.0.21 (/opt/ros/humble/share/rclcpp/cmake)
[0.210s] -- Found rmw_implementation_cmake: 6.1.4 (/opt/ros/humble/share/rmw_implementation_cmake/cmake)
[0.211s] -- Found rmw_fastrtps_cpp: 6.2.10 (/opt/ros/humble/share/rmw_fastrtps_cpp/cmake)
[0.296s] -- Using RMW implementation 'rmw_fastrtps_cpp' as default
[0.327s] -- Found rosidl_default_generators: 1.2.1 (/opt/ros/humble/share/rosidl_default_generators/cmake)
[0.547s] -- Found ament_cmake_ros: 0.10.1 (/opt/ros/humble/share/ament_cmake_ros/cmake)
[0.809s] -- Using all available rosidl_typesupport_c: rosidl_typesupport_fastrtps_c;rosidl_typesupport_introspection_c
[0.914s] -- Using all available rosidl_typesupport_cpp: rosidl_typesupport_fastrtps_cpp;rosidl_typesupport_introspection_cpp
[0.936s] -- Found python_cmake_module: 0.10.0 (/opt/ros/humble/share/python_cmake_module/cmake)
[0.957s] -- Using PYTHON_EXECUTABLE: /usr/bin/python3
[0.957s] -- Using PYTHON_INCLUDE_DIRS: /usr/include/python3.10
[0.958s] -- Using PYTHON_LIBRARIES: /usr/lib/x86_64-linux-gnu/libpython3.10.so
[1.023s] -- Found ament_lint_auto: 0.12.15 (/opt/ros/humble/share/ament_lint_auto/cmake)
[1.031s] -- Added test 'cppcheck' to perform static code analysis on C / C++ code
[1.032s] -- Configured cppcheck include dirs: 
[1.032s] -- Configured cppcheck exclude dirs and/or files: 
[1.032s] -- Added test 'lint_cmake' to check CMake code style
[1.033s] -- Added test 'uncrustify' to check C / C++ code style
[1.033s] -- Configured uncrustify additional arguments: 
[1.033s] -- Added test 'xmllint' to check XML markup files
[1.034s] -- Configuring done
[1.064s] -- Generating done
[1.075s] -- Build files have been written to: /home/geoff/ros2_course_ws/build/example_package
[1.101s] [35m[1mConsolidate compiler generated dependencies of target example_package__rosidl_generator_c[0m
[1.101s] [35m[1mConsolidate compiler generated dependencies of target topic_publisher[0m
[1.109s] [  2%] Built target example_package__cpp
[1.109s] [  5%] Built target example_package__rs
[1.109s] [ 13%] Built target example_package__rosidl_generator_c
[1.115s] [ 19%] Built target topic_publisher
[1.117s] [ 19%] Built target ament_cmake_python_copy_example_package
[1.118s] [35m[1mConsolidate compiler generated dependencies of target example_package__rosidl_typesupport_fastrtps_cpp[0m
[1.118s] [35m[1mConsolidate compiler generated dependencies of target example_package__rosidl_typesupport_introspection_cpp[0m
[1.119s] [35m[1mConsolidate compiler generated dependencies of target example_package__rosidl_typesupport_cpp[0m
[1.124s] [35m[1mConsolidate compiler generated dependencies of target example_package__rosidl_typesupport_c[0m
[1.125s] [35m[1mConsolidate compiler generated dependencies of target example_package__rosidl_typesupport_introspection_c[0m
[1.125s] [35m[1mConsolidate compiler generated dependencies of target example_package__rosidl_typesupport_fastrtps_c[0m
[1.130s] [ 27%] Built target example_package__rosidl_typesupport_introspection_cpp
[1.130s] [ 36%] Built target example_package__rosidl_typesupport_fastrtps_cpp
[1.130s] [ 44%] Built target example_package__rosidl_typesupport_cpp
[1.134s] [ 52%] Built target example_package__rosidl_typesupport_c
[1.135s] [ 61%] Built target example_package__rosidl_typesupport_introspection_c
[1.137s] [ 69%] Built target example_package__rosidl_typesupport_fastrtps_c
[1.149s] [ 72%] [32mBuilding CXX object CMakeFiles/service_advertiser.dir/src/service_advertiser.cpp.o[0m
[1.155s] [ 72%] Built target example_package
[1.174s] [ 75%] Built target example_package__py
[1.184s] [35m[1mConsolidate compiler generated dependencies of target example_package__rosidl_generator_py[0m
[1.196s] [ 80%] Built target example_package__rosidl_generator_py
[1.206s] [35m[1mConsolidate compiler generated dependencies of target example_package__rosidl_typesupport_fastrtps_c__pyext[0m
[1.206s] [35m[1mConsolidate compiler generated dependencies of target example_package__rosidl_typesupport_introspection_c__pyext[0m
[1.206s] [35m[1mConsolidate compiler generated dependencies of target example_package__rosidl_typesupport_c__pyext[0m
[1.218s] [ 97%] Built target example_package__rosidl_typesupport_c__pyext
[1.218s] [ 97%] Built target example_package__rosidl_typesupport_fastrtps_c__pyext
[1.218s] [ 97%] Built target example_package__rosidl_typesupport_introspection_c__pyext
[1.345s] running egg_info
[1.345s] writing example_package.egg-info/PKG-INFO
[1.345s] writing dependency_links to example_package.egg-info/dependency_links.txt
[1.345s] writing top-level names to example_package.egg-info/top_level.txt
[1.347s] reading manifest file 'example_package.egg-info/SOURCES.txt'
[1.348s] writing manifest file 'example_package.egg-info/SOURCES.txt'
[1.374s] [ 97%] Built target ament_cmake_python_build_example_package_egg
[3.175s] [01m[K/home/geoff/ros2_course_ws/src/example_package/src/service_advertiser.cpp:6:45:[m[K [01;31m[Kerror: [m[Kfound ‘[01m[K:[m[K’ in nested-name-specifier, expected ‘[01m[K::[m[K’
[3.175s]     6 |   const std::shared_ptr<example_package::srv[01;31m[K:[m[KAdder::Request> req,
[3.175s]       |                                             [01;31m[K^[m[K
[3.175s]       |                                             [32m[K::[m[K
[3.179s] [01m[K/home/geoff/ros2_course_ws/src/example_package/src/service_advertiser.cpp:7:19:[m[K [01;31m[Kerror: [m[K‘[01m[Kexaxmple_package[m[K’ was not declared in this scope; did you mean ‘[01m[Kexample_package[m[K’?
[3.179s]     7 |   std::shared_ptr<[01;31m[Kexaxmple_package[m[K::srv::Adder::Response> res);
[3.179s]       |                   [01;31m[K^~~~~~~~~~~~~~~~[m[K
[3.179s]       |                   [32m[Kexample_package[m[K
[3.179s] [01m[K/home/geoff/ros2_course_ws/src/example_package/src/service_advertiser.cpp:7:57:[m[K [01;31m[Kerror: [m[Ktemplate argument 1 is invalid
[3.179s]     7 |   std::shared_ptr<exaxmple_package::srv::Adder::Response[01;31m[K>[m[K res);
[3.179s]       |                                                         [01;31m[K^[m[K
[3.183s] [01m[K/home/geoff/ros2_course_ws/src/example_package/src/service_advertiser.cpp:7:19:[m[K [01;31m[Kerror: [m[K‘[01m[Kexaxmple_package[m[K’ was not declared in this scope; did you mean ‘[01m[Kexample_package[m[K’?
[3.183s]     7 |   std::shared_ptr<[01;31m[Kexaxmple_package[m[K::srv::Adder::Response> res);
[3.183s]       |                   [01;31m[K^~~~~~~~~~~~~~~~[m[K
[3.183s]       |                   [32m[Kexample_package[m[K
[3.183s] [01m[K/home/geoff/ros2_course_ws/src/example_package/src/service_advertiser.cpp:7:57:[m[K [01;31m[Kerror: [m[Ktemplate argument 1 is invalid
[3.183s]     7 |   std::shared_ptr<exaxmple_package::srv::Adder::Response[01;31m[K>[m[K res);
[3.183s]       |                                                         [01;31m[K^[m[K
[3.186s] [01m[K/home/geoff/ros2_course_ws/src/example_package/src/service_advertiser.cpp:7:19:[m[K [01;31m[Kerror: [m[K‘[01m[Kexaxmple_package[m[K’ was not declared in this scope; did you mean ‘[01m[Kexample_package[m[K’?
[3.186s]     7 |   std::shared_ptr<[01;31m[Kexaxmple_package[m[K::srv::Adder::Response> res);
[3.186s]       |                   [01;31m[K^~~~~~~~~~~~~~~~[m[K
[3.187s]       |                   [32m[Kexample_package[m[K
[3.187s] [01m[K/home/geoff/ros2_course_ws/src/example_package/src/service_advertiser.cpp:7:57:[m[K [01;31m[Kerror: [m[Ktemplate argument 1 is invalid
[3.187s]     7 |   std::shared_ptr<exaxmple_package::srv::Adder::Response[01;31m[K>[m[K res);
[3.187s]       |                                                         [01;31m[K^[m[K
[3.187s] [01m[K/home/geoff/ros2_course_ws/src/example_package/src/service_advertiser.cpp:7:3:[m[K [01;31m[Kerror: [m[Kinvalid template-id
[3.187s]     7 |   [01;31m[Kstd[m[K::shared_ptr<exaxmple_package::srv::Adder::Response> res);
[3.187s]       |   [01;31m[K^~~[m[K
[3.187s] [01m[K/home/geoff/ros2_course_ws/src/example_package/src/service_advertiser.cpp:7:19:[m[K [01;31m[Kerror: [m[K‘[01m[Kexaxmple_package[m[K’ has not been declared
[3.187s]     7 |   std::shared_ptr<[01;31m[Kexaxmple_package[m[K::srv::Adder::Response> res);
[3.187s]       |                   [01;31m[K^~~~~~~~~~~~~~~~[m[K
[3.187s] [01m[K/home/geoff/ros2_course_ws/src/example_package/src/service_advertiser.cpp:7:3:[m[K [01;31m[Kerror: [m[Kclass template placeholder ‘[01m[Kstd::shared_ptr[m[K’ not permitted in this context
[3.187s]     7 |   [01;31m[Kstd[m[K::shared_ptr<exaxmple_package::srv::Adder::Response> res);
[3.187s]       |   [01;31m[K^~~[m[K
[3.203s] [01m[K/home/geoff/ros2_course_ws/src/example_package/src/service_advertiser.cpp:22:45:[m[K [01;31m[Kerror: [m[Kfound ‘[01m[K:[m[K’ in nested-name-specifier, expected ‘[01m[K::[m[K’
[3.203s]    22 |   const std::shared_ptr<example_package::srv[01;31m[K:[m[KAdder::Request> req,
[3.203s]       |                                             [01;31m[K^[m[K
[3.203s]       |                                             [32m[K::[m[K
[3.207s] [01m[K/home/geoff/ros2_course_ws/src/example_package/src/service_advertiser.cpp:23:19:[m[K [01;31m[Kerror: [m[K‘[01m[Kexaxmple_package[m[K’ was not declared in this scope; did you mean ‘[01m[Kexample_package[m[K’?
[3.207s]    23 |   std::shared_ptr<[01;31m[Kexaxmple_package[m[K::srv::Adder::Response> res){
[3.208s]       |                   [01;31m[K^~~~~~~~~~~~~~~~[m[K
[3.208s]       |                   [32m[Kexample_package[m[K
[3.208s] [01m[K/home/geoff/ros2_course_ws/src/example_package/src/service_advertiser.cpp:23:57:[m[K [01;31m[Kerror: [m[Ktemplate argument 1 is invalid
[3.208s]    23 |   std::shared_ptr<exaxmple_package::srv::Adder::Response[01;31m[K>[m[K res){
[3.208s]       |                                                         [01;31m[K^[m[K
[3.211s] [01m[K/home/geoff/ros2_course_ws/src/example_package/src/service_advertiser.cpp:23:19:[m[K [01;31m[Kerror: [m[K‘[01m[Kexaxmple_package[m[K’ was not declared in this scope; did you mean ‘[01m[Kexample_package[m[K’?
[3.211s]    23 |   std::shared_ptr<[01;31m[Kexaxmple_package[m[K::srv::Adder::Response> res){
[3.211s]       |                   [01;31m[K^~~~~~~~~~~~~~~~[m[K
[3.211s]       |                   [32m[Kexample_package[m[K
[3.211s] [01m[K/home/geoff/ros2_course_ws/src/example_package/src/service_advertiser.cpp:23:57:[m[K [01;31m[Kerror: [m[Ktemplate argument 1 is invalid
[3.211s]    23 |   std::shared_ptr<exaxmple_package::srv::Adder::Response[01;31m[K>[m[K res){
[3.211s]       |                                                         [01;31m[K^[m[K
[3.214s] [01m[K/home/geoff/ros2_course_ws/src/example_package/src/service_advertiser.cpp:23:19:[m[K [01;31m[Kerror: [m[K‘[01m[Kexaxmple_package[m[K’ was not declared in this scope; did you mean ‘[01m[Kexample_package[m[K’?
[3.215s]    23 |   std::shared_ptr<[01;31m[Kexaxmple_package[m[K::srv::Adder::Response> res){
[3.215s]       |                   [01;31m[K^~~~~~~~~~~~~~~~[m[K
[3.215s]       |                   [32m[Kexample_package[m[K
[3.215s] [01m[K/home/geoff/ros2_course_ws/src/example_package/src/service_advertiser.cpp:23:57:[m[K [01;31m[Kerror: [m[Ktemplate argument 1 is invalid
[3.215s]    23 |   std::shared_ptr<exaxmple_package::srv::Adder::Response[01;31m[K>[m[K res){
[3.215s]       |                                                         [01;31m[K^[m[K
[3.215s] [01m[K/home/geoff/ros2_course_ws/src/example_package/src/service_advertiser.cpp:23:3:[m[K [01;31m[Kerror: [m[Kinvalid template-id
[3.215s]    23 |   [01;31m[Kstd[m[K::shared_ptr<exaxmple_package::srv::Adder::Response> res){
[3.215s]       |   [01;31m[K^~~[m[K
[3.215s] [01m[K/home/geoff/ros2_course_ws/src/example_package/src/service_advertiser.cpp:23:19:[m[K [01;31m[Kerror: [m[K‘[01m[Kexaxmple_package[m[K’ has not been declared
[3.215s]    23 |   std::shared_ptr<[01;31m[Kexaxmple_package[m[K::srv::Adder::Response> res){
[3.215s]       |                   [01;31m[K^~~~~~~~~~~~~~~~[m[K
[3.215s] [01m[K/home/geoff/ros2_course_ws/src/example_package/src/service_advertiser.cpp:23:3:[m[K [01;31m[Kerror: [m[Kclass template placeholder ‘[01m[Kstd::shared_ptr[m[K’ not permitted in this context
[3.215s]    23 |   [01;31m[Kstd[m[K::shared_ptr<exaxmple_package::srv::Adder::Response> res){
[3.215s]       |   [01;31m[K^~~[m[K
[3.217s] [01m[K/home/geoff/ros2_course_ws/src/example_package/src/service_advertiser.cpp:21:6:[m[K [01;31m[Kerror: [m[Kambiguating new declaration of ‘[01m[Kvoid srvCallback(...)[m[K’
[3.217s]    21 | void [01;31m[KsrvCallback[m[K(
[3.217s]       |      [01;31m[K^~~~~~~~~~~[m[K
[3.217s] [01m[K/home/geoff/ros2_course_ws/src/example_package/src/service_advertiser.cpp:5:6:[m[K [01;36m[Knote: [m[Kold declaration ‘[01m[Kbool srvCallback(...)[m[K’
[3.217s]     5 | bool [01;36m[KsrvCallback[m[K(
[3.217s]       |      [01;36m[K^~~~~~~~~~~[m[K
[3.220s] [01m[K/home/geoff/ros2_course_ws/src/example_package/src/service_advertiser.cpp:[m[K In function ‘[01m[Kvoid srvCallback(...)[m[K’:
[3.221s] [01m[K/home/geoff/ros2_course_ws/src/example_package/src/service_advertiser.cpp:24:5:[m[K [01;31m[Kerror: [m[K‘[01m[Kres[m[K’ was not declared in this scope; did you mean ‘[01m[Kreq[m[K’?
[3.221s]    24 |     [01;31m[Kres[m[K->result = req->value1 + req->value2;
[3.221s]       |     [01;31m[K^~~[m[K
[3.221s]       |     [32m[Kreq[m[K
[3.473s] In file included from [01m[K/opt/ros/humble/include/rclcpp/rclcpp/client.hpp:39[m[K,
[3.473s]                  from [01m[K/opt/ros/humble/include/rclcpp/rclcpp/callback_group.hpp:24[m[K,
[3.473s]                  from [01m[K/opt/ros/humble/include/rclcpp/rclcpp/any_executable.hpp:20[m[K,
[3.474s]                  from [01m[K/opt/ros/humble/include/rclcpp/rclcpp/memory_strategy.hpp:25[m[K,
[3.474s]                  from [01m[K/opt/ros/humble/include/rclcpp/rclcpp/memory_strategies.hpp:18[m[K,
[3.474s]                  from [01m[K/opt/ros/humble/include/rclcpp/rclcpp/executor_options.hpp:20[m[K,
[3.474s]                  from [01m[K/opt/ros/humble/include/rclcpp/rclcpp/executor.hpp:37[m[K,
[3.474s]                  from [01m[K/opt/ros/humble/include/rclcpp/rclcpp/executors/multi_threaded_executor.hpp:25[m[K,
[3.474s]                  from [01m[K/opt/ros/humble/include/rclcpp/rclcpp/executors.hpp:21[m[K,
[3.474s]                  from [01m[K/opt/ros/humble/include/rclcpp/rclcpp/rclcpp.hpp:155[m[K,
[3.474s]                  from [01m[K/home/geoff/ros2_course_ws/src/example_package/src/service_advertiser.cpp:2[m[K:
[3.474s] /opt/ros/humble/include/rclcpp/rclcpp/function_traits.hpp: In instantiation of ‘[01m[Kstruct rclcpp::function_traits::function_traits<bool(...)>[m[K’:
[3.474s] [01m[K/opt/ros/humble/include/rclcpp/rclcpp/function_traits.hpp:142:8:[m[K   required from ‘[01m[Kstruct rclcpp::function_traits::function_traits<bool (&)(...)>[m[K’
[3.474s] [01m[K/opt/ros/humble/include/rclcpp/rclcpp/function_traits.hpp:165:8:[m[K   required from ‘[01m[Kstruct rclcpp::function_traits::same_arguments<bool (&)(...), std::function<void(std::shared_ptr<example_package::srv::Adder_Request_<std::allocator<void> > >, std::shared_ptr<example_package::srv::Adder_Response_<std::allocator<void> > >)> >[m[K’
[3.474s] [01m[K/opt/ros/humble/include/rclcpp/rclcpp/any_service_callback.hpp:76:10:[m[K   required from ‘[01m[Kvoid rclcpp::AnyServiceCallback<ServiceT>::set(CallbackT&&) [with CallbackT = bool (&)(...); typename std::enable_if<(! rclcpp::detail::can_be_nullptr<CallbackT>::value), int>::type <anonymous> = 0; ServiceT = example_package::srv::Adder][m[K’
[3.474s] [01m[K/opt/ros/humble/include/rclcpp/rclcpp/create_service.hpp:43:27:[m[K   required from ‘[01m[Ktypename rclcpp::Service<ServiceT>::SharedPtr rclcpp::create_service(std::shared_ptr<rclcpp::node_interfaces::NodeBaseInterface>, std::shared_ptr<rclcpp::node_interfaces::NodeServicesInterface>, const string&, CallbackT&&, const rmw_qos_profile_t&, rclcpp::CallbackGroup::SharedPtr) [with ServiceT = example_package::srv::Adder; CallbackT = bool (&)(...); typename rclcpp::Service<ServiceT>::SharedPtr = std::shared_ptr<rclcpp::Service<example_package::srv::Adder> >; std::string = std::__cxx11::basic_string<char>; rmw_qos_profile_t = rmw_qos_profile_s; rclcpp::CallbackGroup::SharedPtr = std::shared_ptr<rclcpp::CallbackGroup>][m[K’
[3.474s] [01m[K/opt/ros/humble/include/rclcpp/rclcpp/node_impl.hpp:147:53:[m[K   required from ‘[01m[Ktypename rclcpp::Service<ServiceT>::SharedPtr rclcpp::Node::create_service(const string&, CallbackT&&, const rmw_qos_profile_t&, rclcpp::CallbackGroup::SharedPtr) [with ServiceT = example_package::srv::Adder; CallbackT = bool (&)(...); typename rclcpp::Service<ServiceT>::SharedPtr = std::shared_ptr<rclcpp::Service<example_package::srv::Adder> >; std::string = std::__cxx11::basic_string<char>; rmw_qos_profile_t = rmw_qos_profile_s; rclcpp::CallbackGroup::SharedPtr = std::shared_ptr<rclcpp::CallbackGroup>][m[K’
[3.474s] [01m[K/home/geoff/ros2_course_ws/src/example_package/src/service_advertiser.cpp:13:114:[m[K   required from here
[3.474s] [01m[K/opt/ros/humble/include/rclcpp/rclcpp/function_traits.hpp:52:40:[m[K [01;31m[Kerror: [m[K‘[01m[Koperator()[m[K’ is not a member of ‘[01m[Kbool(...)[m[K’
[3.474s]    52 |     typename function_traits<decltype( [01;31m[K&FunctionT::operator()[m[K)>::arguments>::type;
[3.474s]       |                                        [01;31m[K^~~~~~~~~~~~~~~~~~~~~~[m[K
[3.474s] [01m[K/opt/ros/humble/include/rclcpp/rclcpp/function_traits.hpp:52:40:[m[K [01;31m[Kerror: [m[K‘[01m[Koperator()[m[K’ is not a member of ‘[01m[Kbool(...)[m[K’
[3.474s] [01m[K/opt/ros/humble/include/rclcpp/rclcpp/function_traits.hpp:52:40:[m[K [01;31m[Kerror: [m[K‘[01m[Koperator()[m[K’ is not a member of ‘[01m[Kbool(...)[m[K’
[3.475s] In file included from [01m[K/opt/ros/humble/include/rclcpp/rclcpp/service.hpp:36[m[K,
[3.475s]                  from [01m[K/opt/ros/humble/include/rclcpp/rclcpp/callback_group.hpp:28[m[K,
[3.475s]                  from [01m[K/opt/ros/humble/include/rclcpp/rclcpp/any_executable.hpp:20[m[K,
[3.475s]                  from [01m[K/opt/ros/humble/include/rclcpp/rclcpp/memory_strategy.hpp:25[m[K,
[3.475s]                  from [01m[K/opt/ros/humble/include/rclcpp/rclcpp/memory_strategies.hpp:18[m[K,
[3.475s]                  from [01m[K/opt/ros/humble/include/rclcpp/rclcpp/executor_options.hpp:20[m[K,
[3.475s]                  from [01m[K/opt/ros/humble/include/rclcpp/rclcpp/executor.hpp:37[m[K,
[3.475s]                  from [01m[K/opt/ros/humble/include/rclcpp/rclcpp/executors/multi_threaded_executor.hpp:25[m[K,
[3.475s]                  from [01m[K/opt/ros/humble/include/rclcpp/rclcpp/executors.hpp:21[m[K,
[3.475s]                  from [01m[K/opt/ros/humble/include/rclcpp/rclcpp/rclcpp.hpp:155[m[K,
[3.475s]                  from [01m[K/home/geoff/ros2_course_ws/src/example_package/src/service_advertiser.cpp:2[m[K:
[3.475s] /opt/ros/humble/include/rclcpp/rclcpp/any_service_callback.hpp: In instantiation of ‘[01m[Kvoid rclcpp::AnyServiceCallback<ServiceT>::set(CallbackT&&) [with CallbackT = bool (&)(...); typename std::enable_if<(! rclcpp::detail::can_be_nullptr<CallbackT>::value), int>::type <anonymous> = 0; ServiceT = example_package::srv::Adder][m[K’:
[3.475s] [01m[K/opt/ros/humble/include/rclcpp/rclcpp/create_service.hpp:43:27:[m[K   required from ‘[01m[Ktypename rclcpp::Service<ServiceT>::SharedPtr rclcpp::create_service(std::shared_ptr<rclcpp::node_interfaces::NodeBaseInterface>, std::shared_ptr<rclcpp::node_interfaces::NodeServicesInterface>, const string&, CallbackT&&, const rmw_qos_profile_t&, rclcpp::CallbackGroup::SharedPtr) [with ServiceT = example_package::srv::Adder; CallbackT = bool (&)(...); typename rclcpp::Service<ServiceT>::SharedPtr = std::shared_ptr<rclcpp::Service<example_package::srv::Adder> >; std::string = std::__cxx11::basic_string<char>; rmw_qos_profile_t = rmw_qos_profile_s; rclcpp::CallbackGroup::SharedPtr = std::shared_ptr<rclcpp::CallbackGroup>][m[K’
[3.475s] [01m[K/opt/ros/humble/include/rclcpp/rclcpp/node_impl.hpp:147:53:[m[K   required from ‘[01m[Ktypename rclcpp::Service<ServiceT>::SharedPtr rclcpp::Node::create_service(const string&, CallbackT&&, const rmw_qos_profile_t&, rclcpp::CallbackGroup::SharedPtr) [with ServiceT = example_package::srv::Adder; CallbackT = bool (&)(...); typename rclcpp::Service<ServiceT>::SharedPtr = std::shared_ptr<rclcpp::Service<example_package::srv::Adder> >; std::string = std::__cxx11::basic_string<char>; rmw_qos_profile_t = rmw_qos_profile_s; rclcpp::CallbackGroup::SharedPtr = std::shared_ptr<rclcpp::CallbackGroup>][m[K’
[3.475s] [01m[K/home/geoff/ros2_course_ws/src/example_package/src/service_advertiser.cpp:13:114:[m[K   required from here
[3.475s] [01m[K/opt/ros/humble/include/rclcpp/rclcpp/any_service_callback.hpp:76:10:[m[K [01;31m[Kerror: [m[K‘[01m[Kvalue[m[K’ is not a member of ‘[01m[Krclcpp::function_traits::same_arguments<bool (&)(...), std::function<void(std::shared_ptr<example_package::srv::Adder_Request_<std::allocator<void> > >, std::shared_ptr<example_package::srv::Adder_Response_<std::allocator<void> > >)> >[m[K’
[3.475s]    76 |       >::[01;31m[Kvalue[m[K)
[3.475s]       |          [01;31m[K^~~~~[m[K
[3.476s] [01m[K/opt/ros/humble/include/rclcpp/rclcpp/any_service_callback.hpp:83:10:[m[K [01;31m[Kerror: [m[K‘[01m[Kvalue[m[K’ is not a member of ‘[01m[Krclcpp::function_traits::same_arguments<bool (&)(...), std::function<void(std::shared_ptr<rmw_request_id_s>, std::shared_ptr<example_package::srv::Adder_Request_<std::allocator<void> > >, std::shared_ptr<example_package::srv::Adder_Response_<std::allocator<void> > >)> >[m[K’
[3.476s]    83 |       >::[01;31m[Kvalue[m[K)
[3.476s]       |          [01;31m[K^~~~~[m[K
[3.477s] [01m[K/opt/ros/humble/include/rclcpp/rclcpp/any_service_callback.hpp:90:10:[m[K [01;31m[Kerror: [m[K‘[01m[Kvalue[m[K’ is not a member of ‘[01m[Krclcpp::function_traits::same_arguments<bool (&)(...), std::function<void(std::shared_ptr<rmw_request_id_s>, std::shared_ptr<example_package::srv::Adder_Request_<std::allocator<void> > >)> >[m[K’
[3.477s]    90 |       >::[01;31m[Kvalue[m[K)
[3.477s]       |          [01;31m[K^~~~~[m[K
[3.477s] [01m[K/opt/ros/humble/include/rclcpp/rclcpp/any_service_callback.hpp:97:10:[m[K [01;31m[Kerror: [m[K‘[01m[Kvalue[m[K’ is not a member of ‘[01m[Krclcpp::function_traits::same_arguments<bool (&)(...), std::function<void(std::shared_ptr<rclcpp::Service<example_package::srv::Adder> >, std::shared_ptr<rmw_request_id_s>, std::shared_ptr<example_package::srv::Adder_Request_<std::allocator<void> > >)> >[m[K’
[3.477s]    97 |       >::[01;31m[Kvalue[m[K)
[3.478s]       |          [01;31m[K^~~~~[m[K
[3.479s] [01m[K/opt/ros/humble/include/rclcpp/rclcpp/any_service_callback.hpp:103:17:[m[K [01;31m[Kerror: [m[Kno match for ‘[01m[Koperator=[m[K’ (operand types are ‘[01m[Kstd::variant<std::monostate, std::function<void(std::shared_ptr<example_package::srv::Adder_Request_<std::allocator<void> > >, std::shared_ptr<example_package::srv::Adder_Response_<std::allocator<void> > >)>, std::function<void(std::shared_ptr<rmw_request_id_s>, std::shared_ptr<example_package::srv::Adder_Request_<std::allocator<void> > >, std::shared_ptr<example_package::srv::Adder_Response_<std::allocator<void> > >)>, std::function<void(std::shared_ptr<rmw_request_id_s>, std::shared_ptr<example_package::srv::Adder_Request_<std::allocator<void> > >)>, std::function<void(std::shared_ptr<rclcpp::Service<example_package::srv::Adder> >, std::shared_ptr<rmw_request_id_s>, std::shared_ptr<example_package::srv::Adder_Request_<std::allocator<void> > >)> >[m[K’ and ‘[01m[Kbool(...)[m[K’)
[3.479s]   103 |       [01;31m[Kcallback_ = std::forward<CallbackT>(callback)[m[K;
[3.479s]       |       [01;31m[K~~~~~~~~~~^~~~~~~~~~~~~~~~~~~~~~~~~~~~~~~~~~~[m[K
[3.480s] In file included from [01m[K/opt/ros/humble/include/rclcpp/rclcpp/client.hpp:28[m[K,
[3.480s]                  from [01m[K/opt/ros/humble/include/rclcpp/rclcpp/callback_group.hpp:24[m[K,
[3.480s]                  from [01m[K/opt/ros/humble/include/rclcpp/rclcpp/any_executable.hpp:20[m[K,
[3.480s]                  from [01m[K/opt/ros/humble/include/rclcpp/rclcpp/memory_strategy.hpp:25[m[K,
[3.480s]                  from [01m[K/opt/ros/humble/include/rclcpp/rclcpp/memory_strategies.hpp:18[m[K,
[3.480s]                  from [01m[K/opt/ros/humble/include/rclcpp/rclcpp/executor_options.hpp:20[m[K,
[3.480s]                  from [01m[K/opt/ros/humble/include/rclcpp/rclcpp/executor.hpp:37[m[K,
[3.480s]                  from [01m[K/opt/ros/humble/include/rclcpp/rclcpp/executors/multi_threaded_executor.hpp:25[m[K,
[3.480s]                  from [01m[K/opt/ros/humble/include/rclcpp/rclcpp/executors.hpp:21[m[K,
[3.480s]                  from [01m[K/opt/ros/humble/include/rclcpp/rclcpp/rclcpp.hpp:155[m[K,
[3.480s]                  from [01m[K/home/geoff/ros2_course_ws/src/example_package/src/service_advertiser.cpp:2[m[K:
[3.480s] [01m[K/usr/include/c++/11/variant:1461:9:[m[K [01;36m[Knote: [m[Kcandidate: ‘[01m[Ktemplate<class _Tp> std::enable_if_t<((__exactly_once<std::variant<_Types>::__accepted_type<_Tp&&, typename std::enable_if<__not_self<_Tp&&>, void>::type> > && is_constructible_v<std::variant<_Types>::__accepted_type<_Tp&&, typename std::enable_if<__not_self<_Tp&&>, void>::type>, _Tp>) && is_assignable_v<std::variant<_Types>::__accepted_type<_Tp&&, typename std::enable_if<__not_self<_Tp&&>, void>::type>&, _Tp>), std::variant<_Types>&> std::variant<_Types>::operator=(_Tp&&) [with _Tp = _Tp; _Types = {std::monostate, std::function<void(std::shared_ptr<example_package::srv::Adder_Request_<std::allocator<void> > >, std::shared_ptr<example_package::srv::Adder_Response_<std::allocator<void> > >)>, std::function<void(std::shared_ptr<rmw_request_id_s>, std::shared_ptr<example_package::srv::Adder_Request_<std::allocator<void> > >, std::shared_ptr<example_package::srv::Adder_Response_<std::allocator<void> > >)>, std::function<void(std::shared_ptr<rmw_request_id_s>, std::shared_ptr<example_package::srv::Adder_Request_<std::allocator<void> > >)>, std::function<void(std::shared_ptr<rclcpp::Service<example_package::srv::Adder> >, std::shared_ptr<rmw_request_id_s>, std::shared_ptr<example_package::srv::Adder_Request_<std::allocator<void> > >)>}][m[K’
[3.480s]  1461 |         [01;36m[Koperator[m[K=(_Tp&& __rhs)
[3.480s]       |         [01;36m[K^~~~~~~~[m[K
[3.480s] [01m[K/usr/include/c++/11/variant:1461:9:[m[K [01;36m[Knote: [m[K  template argument deduction/substitution failed:
[3.480s] /usr/include/c++/11/variant: In substitution of ‘[01m[Ktemplate<class ... _Types> template<class _Tp, class> using __accepted_type = std::variant<_Types>::__to_type<__accepted_index<_Tp> > [with _Tp = bool (&)(...); <template-parameter-2-2> = void; _Types = {std::monostate, std::function<void(std::shared_ptr<example_package::srv::Adder_Request_<std::allocator<void> > >, std::shared_ptr<example_package::srv::Adder_Response_<std::allocator<void> > >)>, std::function<void(std::shared_ptr<rmw_request_id_s>, std::shared_ptr<example_package::srv::Adder_Request_<std::allocator<void> > >, std::shared_ptr<example_package::srv::Adder_Response_<std::allocator<void> > >)>, std::function<void(std::shared_ptr<rmw_request_id_s>, std::shared_ptr<example_package::srv::Adder_Request_<std::allocator<void> > >)>, std::function<void(std::shared_ptr<rclcpp::Service<example_package::srv::Adder> >, std::shared_ptr<rmw_request_id_s>, std::shared_ptr<example_package::srv::Adder_Request_<std::allocator<void> > >)>}][m[K’:
[3.480s] [01m[K/usr/include/c++/11/variant:1457:14:[m[K   required by substitution of ‘[01m[Ktemplate<class _Tp> std::enable_if_t<((__exactly_once<std::variant<std::monostate, std::function<void(std::shared_ptr<example_package::srv::Adder_Request_<std::allocator<void> > >, std::shared_ptr<example_package::srv::Adder_Response_<std::allocator<void> > >)>, std::function<void(std::shared_ptr<rmw_request_id_s>, std::shared_ptr<example_package::srv::Adder_Request_<std::allocator<void> > >, std::shared_ptr<example_package::srv::Adder_Response_<std::allocator<void> > >)>, std::function<void(std::shared_ptr<rmw_request_id_s>, std::shared_ptr<example_package::srv::Adder_Request_<std::allocator<void> > >)>, std::function<void(std::shared_ptr<rclcpp::Service<example_package::srv::Adder> >, std::shared_ptr<rmw_request_id_s>, std::shared_ptr<example_package::srv::Adder_Request_<std::allocator<void> > >)> >::__accepted_type<_Tp&&, typename std::enable_if<__not_self<_Tp&&>, void>::type> > && is_constructible_v<std::variant<std::monostate, std::function<void(std::shared_ptr<example_package::srv::Adder_Request_<std::allocator<void> > >, std::shared_ptr<example_package::srv::Adder_Response_<std::allocator<void> > >)>, std::function<void(std::shared_ptr<rmw_request_id_s>, std::shared_ptr<example_package::srv::Adder_Request_<std::allocator<void> > >, std::shared_ptr<example_package::srv::Adder_Response_<std::allocator<void> > >)>, std::function<void(std::shared_ptr<rmw_request_id_s>, std::shared_ptr<example_package::srv::Adder_Request_<std::allocator<void> > >)>, std::function<void(std::shared_ptr<rclcpp::Service<example_package::srv::Adder> >, std::shared_ptr<rmw_request_id_s>, std::shared_ptr<example_package::srv::Adder_Request_<std::allocator<void> > >)> >::__accepted_type<_Tp&&, typename std::enable_if<__not_self<_Tp&&>, void>::type>, _Tp>) && is_assignable_v<std::variant<std::monostate, std::function<void(std::shared_ptr<example_package::srv::Adder_Request_<std::allocator<void> > >, std::shared_ptr<example_package::srv::Adder_Response_<std::allocator<void> > >)>, std::function<void(std::shared_ptr<rmw_request_id_s>, std::shared_ptr<example_package::srv::Adder_Request_<std::allocator<void> > >, std::shared_ptr<example_package::srv::Adder_Response_<std::allocator<void> > >)>, std::function<void(std::shared_ptr<rmw_request_id_s>, std::shared_ptr<example_package::srv::Adder_Request_<std::allocator<void> > >)>, std::function<void(std::shared_ptr<rclcpp::Service<example_package::srv::Adder> >, std::shared_ptr<rmw_request_id_s>, std::shared_ptr<example_package::srv::Adder_Request_<std::allocator<void> > >)> >::__accepted_type<_Tp&&, typename std::enable_if<__not_self<_Tp&&>, void>::type>&, _Tp>), std::variant<std::monostate, std::function<void(std::shared_ptr<example_package::srv::Adder_Request_<std::allocator<void> > >, std::shared_ptr<example_package::srv::Adder_Response_<std::allocator<void> > >)>, std::function<void(std::shared_ptr<rmw_request_id_s>, std::shared_ptr<example_package::srv::Adder_Request_<std::allocator<void> > >, std::shared_ptr<example_package::srv::Adder_Response_<std::allocator<void> > >)>, std::function<void(std::shared_ptr<rmw_request_id_s>, std::shared_ptr<example_package::srv::Adder_Request_<std::allocator<void> > >)>, std::function<void(std::shared_ptr<rclcpp::Service<example_package::srv::Adder> >, std::shared_ptr<rmw_request_id_s>, std::shared_ptr<example_package::srv::Adder_Request_<std::allocator<void> > >)> >&> std::variant<std::monostate, std::function<void(std::shared_ptr<example_package::srv::Adder_Request_<std::allocator<void> > >, std::shared_ptr<example_package::srv::Adder_Response_<std::allocator<void> > >)>, std::function<void(std::shared_ptr<rmw_request_id_s>, std::shared_ptr<example_package::srv::Adder_Request_<std::allocator<void> > >, std::shared_ptr<example_package::srv::Adder_Response_<std::allocator<void> > >)>, std::function<void(std::shared_ptr<rmw_request_id_s>, std::shared_ptr<example_package::srv::Adder_Request_<std::allocator<void> > >)>, std::function<void(std::shared_ptr<rclcpp::Service<example_package::srv::Adder> >, std::shared_ptr<rmw_request_id_s>, std::shared_ptr<example_package::srv::Adder_Request_<std::allocator<void> > >)> >::operator=<_Tp>(_Tp&&) [with _Tp = bool (&)(...)][m[K’
[3.480s] [01m[K/opt/ros/humble/include/rclcpp/rclcpp/any_service_callback.hpp:103:17:[m[K   required from ‘[01m[Kvoid rclcpp::AnyServiceCallback<ServiceT>::set(CallbackT&&) [with CallbackT = bool (&)(...); typename std::enable_if<(! rclcpp::detail::can_be_nullptr<CallbackT>::value), int>::type <anonymous> = 0; ServiceT = example_package::srv::Adder][m[K’
[3.480s] [01m[K/opt/ros/humble/include/rclcpp/rclcpp/create_service.hpp:43:27:[m[K   required from ‘[01m[Ktypename rclcpp::Service<ServiceT>::SharedPtr rclcpp::create_service(std::shared_ptr<rclcpp::node_interfaces::NodeBaseInterface>, std::shared_ptr<rclcpp::node_interfaces::NodeServicesInterface>, const string&, CallbackT&&, const rmw_qos_profile_t&, rclcpp::CallbackGroup::SharedPtr) [with ServiceT = example_package::srv::Adder; CallbackT = bool (&)(...); typename rclcpp::Service<ServiceT>::SharedPtr = std::shared_ptr<rclcpp::Service<example_package::srv::Adder> >; std::string = std::__cxx11::basic_string<char>; rmw_qos_profile_t = rmw_qos_profile_s; rclcpp::CallbackGroup::SharedPtr = std::shared_ptr<rclcpp::CallbackGroup>][m[K’
[3.480s] [01m[K/opt/ros/humble/include/rclcpp/rclcpp/node_impl.hpp:147:53:[m[K   required from ‘[01m[Ktypename rclcpp::Service<ServiceT>::SharedPtr rclcpp::Node::create_service(const string&, CallbackT&&, const rmw_qos_profile_t&, rclcpp::CallbackGroup::SharedPtr) [with ServiceT = example_package::srv::Adder; CallbackT = bool (&)(...); typename rclcpp::Service<ServiceT>::SharedPtr = std::shared_ptr<rclcpp::Service<example_package::srv::Adder> >; std::string = std::__cxx11::basic_string<char>; rmw_qos_profile_t = rmw_qos_profile_s; rclcpp::CallbackGroup::SharedPtr = std::shared_ptr<rclcpp::CallbackGroup>][m[K’
[3.480s] [01m[K/home/geoff/ros2_course_ws/src/example_package/src/service_advertiser.cpp:13:114:[m[K   required from here
[3.481s] [01m[K/usr/include/c++/11/variant:1375:15:[m[K [01;31m[Kerror: [m[Kno type named ‘[01m[Ktype[m[K’ in ‘[01m[Kstruct std::enable_if<false, void>[m[K’
[3.481s]  1375 |         using [01;31m[K__accepted_type[m[K = __to_type<__accepted_index<_Tp>>;
[3.481s]       |               [01;31m[K^~~~~~~~~~~~~~~[m[K
[3.481s] /opt/ros/humble/include/rclcpp/rclcpp/any_service_callback.hpp: In instantiation of ‘[01m[Kvoid rclcpp::AnyServiceCallback<ServiceT>::set(CallbackT&&) [with CallbackT = bool (&)(...); typename std::enable_if<(! rclcpp::detail::can_be_nullptr<CallbackT>::value), int>::type <anonymous> = 0; ServiceT = example_package::srv::Adder][m[K’:
[3.481s] [01m[K/opt/ros/humble/include/rclcpp/rclcpp/create_service.hpp:43:27:[m[K   required from ‘[01m[Ktypename rclcpp::Service<ServiceT>::SharedPtr rclcpp::create_service(std::shared_ptr<rclcpp::node_interfaces::NodeBaseInterface>, std::shared_ptr<rclcpp::node_interfaces::NodeServicesInterface>, const string&, CallbackT&&, const rmw_qos_profile_t&, rclcpp::CallbackGroup::SharedPtr) [with ServiceT = example_package::srv::Adder; CallbackT = bool (&)(...); typename rclcpp::Service<ServiceT>::SharedPtr = std::shared_ptr<rclcpp::Service<example_package::srv::Adder> >; std::string = std::__cxx11::basic_string<char>; rmw_qos_profile_t = rmw_qos_profile_s; rclcpp::CallbackGroup::SharedPtr = std::shared_ptr<rclcpp::CallbackGroup>][m[K’
[3.481s] [01m[K/opt/ros/humble/include/rclcpp/rclcpp/node_impl.hpp:147:53:[m[K   required from ‘[01m[Ktypename rclcpp::Service<ServiceT>::SharedPtr rclcpp::Node::create_service(const string&, CallbackT&&, const rmw_qos_profile_t&, rclcpp::CallbackGroup::SharedPtr) [with ServiceT = example_package::srv::Adder; CallbackT = bool (&)(...); typename rclcpp::Service<ServiceT>::SharedPtr = std::shared_ptr<rclcpp::Service<example_package::srv::Adder> >; std::string = std::__cxx11::basic_string<char>; rmw_qos_profile_t = rmw_qos_profile_s; rclcpp::CallbackGroup::SharedPtr = std::shared_ptr<rclcpp::CallbackGroup>][m[K’
[3.481s] [01m[K/home/geoff/ros2_course_ws/src/example_package/src/service_advertiser.cpp:13:114:[m[K   required from here
[3.481s] [01m[K/usr/include/c++/11/variant:1398:16:[m[K [01;36m[Knote: [m[Kcandidate: ‘[01m[Kstd::variant<_Types>& std::variant<_Types>::operator=(const std::variant<_Types>&) [with _Types = {std::monostate, std::function<void(std::shared_ptr<example_package::srv::Adder_Request_<std::allocator<void> > >, std::shared_ptr<example_package::srv::Adder_Response_<std::allocator<void> > >)>, std::function<void(std::shared_ptr<rmw_request_id_s>, std::shared_ptr<example_package::srv::Adder_Request_<std::allocator<void> > >, std::shared_ptr<example_package::srv::Adder_Response_<std::allocator<void> > >)>, std::function<void(std::shared_ptr<rmw_request_id_s>, std::shared_ptr<example_package::srv::Adder_Request_<std::allocator<void> > >)>, std::function<void(std::shared_ptr<rclcpp::Service<example_package::srv::Adder> >, std::shared_ptr<rmw_request_id_s>, std::shared_ptr<example_package::srv::Adder_Request_<std::allocator<void> > >)>}][m[K’
[3.481s]  1398 |       variant& [01;36m[Koperator[m[K=(const variant&) = default;
[3.481s]       |                [01;36m[K^~~~~~~~[m[K
[3.481s] [01m[K/usr/include/c++/11/variant:1398:26:[m[K [01;36m[Knote: [m[K  no known conversion for argument 1 from ‘[01m[Kbool(...)[m[K’ to ‘[01m[Kconst std::variant<std::monostate, std::function<void(std::shared_ptr<example_package::srv::Adder_Request_<std::allocator<void> > >, std::shared_ptr<example_package::srv::Adder_Response_<std::allocator<void> > >)>, std::function<void(std::shared_ptr<rmw_request_id_s>, std::shared_ptr<example_package::srv::Adder_Request_<std::allocator<void> > >, std::shared_ptr<example_package::srv::Adder_Response_<std::allocator<void> > >)>, std::function<void(std::shared_ptr<rmw_request_id_s>, std::shared_ptr<example_package::srv::Adder_Request_<std::allocator<void> > >)>, std::function<void(std::shared_ptr<rclcpp::Service<example_package::srv::Adder> >, std::shared_ptr<rmw_request_id_s>, std::shared_ptr<example_package::srv::Adder_Request_<std::allocator<void> > >)> >&[m[K’
[3.481s]  1398 |       variant& operator=([01;36m[Kconst variant&[m[K) = default;
[3.481s]       |                          [01;36m[K^~~~~~~~~~~~~~[m[K
[3.481s] [01m[K/usr/include/c++/11/variant:1399:16:[m[K [01;36m[Knote: [m[Kcandidate: ‘[01m[Kstd::variant<_Types>& std::variant<_Types>::operator=(std::variant<_Types>&&) [with _Types = {std::monostate, std::function<void(std::shared_ptr<example_package::srv::Adder_Request_<std::allocator<void> > >, std::shared_ptr<example_package::srv::Adder_Response_<std::allocator<void> > >)>, std::function<void(std::shared_ptr<rmw_request_id_s>, std::shared_ptr<example_package::srv::Adder_Request_<std::allocator<void> > >, std::shared_ptr<example_package::srv::Adder_Response_<std::allocator<void> > >)>, std::function<void(std::shared_ptr<rmw_request_id_s>, std::shared_ptr<example_package::srv::Adder_Request_<std::allocator<void> > >)>, std::function<void(std::shared_ptr<rclcpp::Service<example_package::srv::Adder> >, std::shared_ptr<rmw_request_id_s>, std::shared_ptr<example_package::srv::Adder_Request_<std::allocator<void> > >)>}][m[K’
[3.481s]  1399 |       variant& [01;36m[Koperator[m[K=(variant&&) = default;
[3.481s]       |                [01;36m[K^~~~~~~~[m[K
[3.481s] [01m[K/usr/include/c++/11/variant:1399:26:[m[K [01;36m[Knote: [m[K  no known conversion for argument 1 from ‘[01m[Kbool(...)[m[K’ to ‘[01m[Kstd::variant<std::monostate, std::function<void(std::shared_ptr<example_package::srv::Adder_Request_<std::allocator<void> > >, std::shared_ptr<example_package::srv::Adder_Response_<std::allocator<void> > >)>, std::function<void(std::shared_ptr<rmw_request_id_s>, std::shared_ptr<example_package::srv::Adder_Request_<std::allocator<void> > >, std::shared_ptr<example_package::srv::Adder_Response_<std::allocator<void> > >)>, std::function<void(std::shared_ptr<rmw_request_id_s>, std::shared_ptr<example_package::srv::Adder_Request_<std::allocator<void> > >)>, std::function<void(std::shared_ptr<rclcpp::Service<example_package::srv::Adder> >, std::shared_ptr<rmw_request_id_s>, std::shared_ptr<example_package::srv::Adder_Request_<std::allocator<void> > >)> >&&[m[K’
[3.481s]  1399 |       variant& operator=([01;36m[Kvariant&&[m[K) = default;
[3.481s]       |                          [01;36m[K^~~~~~~~~[m[K
[3.772s] gmake[2]: *** [CMakeFiles/service_advertiser.dir/build.make:76: CMakeFiles/service_advertiser.dir/src/service_advertiser.cpp.o] Error 1
[3.772s] gmake[1]: *** [CMakeFiles/Makefile2:640: CMakeFiles/service_advertiser.dir/all] Error 2
[3.772s] gmake: *** [Makefile:146: all] Error 2
[3.774s] Invoked command in '/home/geoff/ros2_course_ws/build/example_package' returned '2': CMAKE_PREFIX_PATH=${CMAKE_PREFIX_PATH}:/home/geoff/turtlebot3_ws/install/turtlebot3_teleop:/home/geoff/turtlebot3_ws/install/turtlebot3_example:/opt/ros/humble /usr/bin/cmake --build /home/geoff/ros2_course_ws/build/example_package -- -j16 -l16
